<html>
<body>
<pre>
<h1>�Vision Build Log</h1>
<h2>Tool Versions:</h2>
IDE-Version: �Vision V5.31.0.0
Copyright (C) 2020 ARM Ltd and ARM Germany GmbH. All rights reserved.
License Information: aa a, a, LIC=----
 
Tool Versions:
Toolchain:       MDK-Lite  Version: 5.31.0.0
Toolchain Path:  C:\Keil_v5\ARM\ARMCLANG\Bin
C Compiler:      ArmClang.exe V6.14
Assembler:       Armasm.exe V6.14
Linker/Locator:  ArmLink.exe V6.14
Library Manager: ArmAr.exe V6.14
Hex Converter:   FromElf.exe V6.14
CPU DLL:         SARMCM3.DLL V5.31.0.0
Dialog DLL:      DCM.DLL V1.17.3.0
Target DLL:      STLink\ST-LINKIII-KEIL_SWO.dll V3.0.7.0
Dialog DLL:      TCM.DLL V1.46.0.0
 
<h2>Project:</h2>
C:\Users\CONGTHANH\OneDrive - ptit.edu.vn\LOP\Nam4_Ky1\HeThongNhung\Bai_8_28_9_2025\Bai8\MDK\adc.uvprojx
Project File Date:  09/28/2025

<h2>Output:</h2>
*** Using Compiler 'V6.14', folder: 'C:\Keil_v5\ARM\ARMCLANG\Bin'
Build target 'Target 1'
../USER/main.c(9): warning: this function declaration is not a prototype [-Wstrict-prototypes]
void Adc_Init();                        // Hàm khởi tạo ADC
             ^
              void
../USER/main.c(10): warning: this function declaration is not a prototype [-Wstrict-prototypes]
uint16_t ADC_Read();                    // Hàm đọc giá trị ADC
                 ^
                  void
../USER/main.c(17): warning: unused variable 'buffer' [-Wunused-variable]
    char buffer[50];       // Buffer dự phòng (hiện tại chưa sử dụng)
         ^
../USER/main.c(1): warning: In file included from...
C:/Users/CONGTHANH/AppData/Local/Arm/Packs/Keil/STM32F1xx_DFP/2.4.1/Device/Include\stm32f10x.h(8347): warning: In file included from...
./RTE/Device/STM32F103C8\stm32f10x_conf.h(30): warning: In file included from...
C:/Users/CONGTHANH/AppData/Local/Arm/Packs/Keil/STM32F1xx_DFP/2.4.1/Device/StdPeriph_Driver/inc\stm32f10x_adc.h(63): warning: padding struct 'ADC_InitTypeDef' with 2 bytes to align 'ADC_ExternalTrigConv' [-Wpadded]
  uint32_t ADC_ExternalTrigConv;          /*!< Defines the external trigger used to start the analog
           ^
C:/Users/CONGTHANH/AppData/Local/Arm/Packs/Keil/STM32F1xx_DFP/2.4.1/Device/StdPeriph_Driver/inc\stm32f10x_adc.h(49): warning: padding size of 'ADC_InitTypeDef' with 3 bytes to alignment boundary [-Wpadded]
typedef struct
        ^
../USER/main.c(51): warning: no previous prototype for function 'Adc_Init' [-Wmissing-prototypes]
void Adc_Init()
     ^
../USER/main.c(9): note: this declaration is not a prototype; add 'void' to make it a prototype for a zero-parameter function
void Adc_Init();                        // Hàm khởi tạo ADC
     ^
              void
../USER/main.c(93): warning: no previous prototype for function 'ADC_Read' [-Wmissing-prototypes]
uint16_t ADC_Read()
         ^
../USER/main.c(10): note: this declaration is not a prototype; add 'void' to make it a prototype for a zero-parameter function
uint16_t ADC_Read();                    // Hàm đọc giá trị ADC
         ^
                  void
../USER/main.c(122): warning: no newline at end of file [-Wnewline-eof]
}
 ^
8 warnings generated.
compiling main.c...
linking...
Program Size: Code=4174 RO-data=274 RW-data=0 ZI-data=1640  
".\Objects\adc.axf" - 0 Error(s), 8 Warning(s).

<h2>Software Packages used:</h2>

Package Vendor: ARM
                http://www.keil.com/pack/ARM.CMSIS.5.7.0.pack
                ARM.CMSIS.5.7.0
                CMSIS (Cortex Microcontroller Software Interface Standard)
   * Component: CORE Version: 5.4.0

Package Vendor: Keil
                https://www.keil.com/pack/Keil.STM32F1xx_DFP.2.4.1.pack
                Keil.STM32F1xx_DFP.2.4.1
                STMicroelectronics STM32F1 Series Device Support, Drivers and Examples
   * Component: Startup Version: 1.0.0
   * Component: ADC Version: 3.6.0
   * Component: Framework Version: 3.6.0
   * Component: GPIO Version: 3.6.0
   * Component: RCC Version: 3.6.0
   * Component: TIM Version: 3.6.0
   * Component: USART Version: 3.6.0

<h2>Collection of Component include folders:</h2>
  .\RTE\Device\STM32F103C8
  .\RTE\_Target_1
  C:\Users\CONGTHANH\AppData\Local\Arm\Packs\ARM\CMSIS\5.7.0\CMSIS\Core\Include
  C:\Users\CONGTHANH\AppData\Local\Arm\Packs\Keil\STM32F1xx_DFP\2.4.1\Device\Include
  C:\Users\CONGTHANH\AppData\Local\Arm\Packs\Keil\STM32F1xx_DFP\2.4.1\Device\StdPeriph_Driver\inc

<h2>Collection of Component Files used:</h2>

   * Component: ARM::CMSIS:CORE:5.4.0

   * Component: Keil::Device:Startup:1.0.0
      Source file:   Device\Source\system_stm32f10x.c
      Include file:  RTE_Driver\Config\RTE_Device.h
      Source file:   Device\Source\ARM\STM32F1xx_OPT.s
      Source file:   Device\Source\ARM\startup_stm32f10x_md.s

   * Component: Keil::Device:StdPeriph Drivers:ADC:3.6.0
      Source file:   Device\StdPeriph_Driver\src\stm32f10x_adc.c
      Include file:  Device\StdPeriph_Driver\inc\stm32f10x_adc.h

   * Component: Keil::Device:StdPeriph Drivers:Framework:3.6.0
      Include file:  Device\StdPeriph_Driver\inc\misc.h
      Source file:   Device\StdPeriph_Driver\src\misc.c
      Source file:   Device\StdPeriph_Driver\templates\stm32f10x_conf.h
      Include file:  Device\StdPeriph_Driver\templates\stm32f10x_it.h
      Source file:   Device\StdPeriph_Driver\templates\stm32f10x_it.c

   * Component: Keil::Device:StdPeriph Drivers:GPIO:3.6.0
      Source file:   Device\StdPeriph_Driver\src\stm32f10x_gpio.c
      Include file:  Device\StdPeriph_Driver\inc\stm32f10x_gpio.h

   * Component: Keil::Device:StdPeriph Drivers:RCC:3.6.0
      Include file:  Device\StdPeriph_Driver\inc\stm32f10x_rcc.h
      Source file:   Device\StdPeriph_Driver\src\stm32f10x_rcc.c

   * Component: Keil::Device:StdPeriph Drivers:TIM:3.6.0
      Include file:  Device\StdPeriph_Driver\inc\stm32f10x_tim.h
      Source file:   Device\StdPeriph_Driver\src\stm32f10x_tim.c

   * Component: Keil::Device:StdPeriph Drivers:USART:3.6.0
      Include file:  Device\StdPeriph_Driver\inc\stm32f10x_usart.h
      Source file:   Device\StdPeriph_Driver\src\stm32f10x_usart.c
Build Time Elapsed:  00:00:01
</pre>
</body>
</html>
