Component: ARM Compiler 5.06 update 1 (build 61) Tool: armlink [4d35a8]

==============================================================================

Section Cross References

    lib_adc.o(i.ADC_Config) refers to stm32f10x_rcc.o(i.RCC_APB2PeriphClockCmd) for RCC_APB2PeriphClockCmd
    lib_adc.o(i.ADC_Config) refers to stm32f10x_adc.o(i.ADC_Init) for ADC_Init
    lib_adc.o(i.ADC_Config) refers to stm32f10x_adc.o(i.ADC_RegularChannelConfig) for ADC_RegularChannelConfig
    lib_adc.o(i.ADC_Config) refers to stm32f10x_adc.o(i.ADC_DMACmd) for ADC_DMACmd
    lib_adc.o(i.ADC_Config) refers to stm32f10x_adc.o(i.ADC_Cmd) for ADC_Cmd
    lib_adc.o(i.ADC_Config) refers to stm32f10x_adc.o(i.ADC_ResetCalibration) for ADC_ResetCalibration
    lib_adc.o(i.ADC_Config) refers to stm32f10x_adc.o(i.ADC_GetResetCalibrationStatus) for ADC_GetResetCalibrationStatus
    lib_adc.o(i.ADC_Config) refers to stm32f10x_adc.o(i.ADC_StartCalibration) for ADC_StartCalibration
    lib_adc.o(i.ADC_Config) refers to stm32f10x_adc.o(i.ADC_GetCalibrationStatus) for ADC_GetCalibrationStatus
    lib_adc.o(i.ADC_Config) refers to stm32f10x_adc.o(i.ADC_SoftwareStartConvCmd) for ADC_SoftwareStartConvCmd
    lib_adc.o(i.ADCx_Read) refers to stm32f10x_adc.o(i.ADC_GetConversionValue) for ADC_GetConversionValue
    lib_adc.o(i.GPIO_ADC_Config) refers to stm32f10x_rcc.o(i.RCC_APB2PeriphClockCmd) for RCC_APB2PeriphClockCmd
    lib_adc.o(i.GPIO_ADC_Config) refers to stm32f10x_gpio.o(i.GPIO_Init) for GPIO_Init
    lib_dma.o(i.DMA1_Channel1_IRQHandler) refers to stm32f10x_dma.o(i.DMA_GetITStatus) for DMA_GetITStatus
    lib_dma.o(i.DMA1_Channel1_IRQHandler) refers to stm32f10x_dma.o(i.DMA_ClearITPendingBit) for DMA_ClearITPendingBit
    lib_dma.o(i.DMA1_Channel1_IRQHandler) refers to lib_dma.o(.data) for dma1_ch1_callback
    lib_dma.o(i.DMA_Config_Channel1) refers to stm32f10x_rcc.o(i.RCC_AHBPeriphClockCmd) for RCC_AHBPeriphClockCmd
    lib_dma.o(i.DMA_Config_Channel1) refers to stm32f10x_dma.o(i.DMA_DeInit) for DMA_DeInit
    lib_dma.o(i.DMA_Config_Channel1) refers to stm32f10x_dma.o(i.DMA_Init) for DMA_Init
    lib_dma.o(i.DMA_Config_Channel1) refers to stm32f10x_dma.o(i.DMA_ITConfig) for DMA_ITConfig
    lib_dma.o(i.DMA_Config_Channel1) refers to stm32f10x_dma.o(i.DMA_Cmd) for DMA_Cmd
    lib_dma.o(i.DMA_SetCallback_Channel1) refers to lib_dma.o(.data) for dma1_ch1_callback
    lib_uart.o(i.UART1_Init) refers to lib_uart.o(i.UARTx_Init) for UARTx_Init
    lib_uart.o(i.UART1_Print) refers to lib_uart.o(i.UARTx_SendData) for UARTx_SendData
    lib_uart.o(i.UART1_Scan) refers to lib_uart.o(i.UARTx_ReceiveData) for UARTx_ReceiveData
    lib_uart.o(i.UART2_Init) refers to lib_uart.o(i.UARTx_Init) for UARTx_Init
    lib_uart.o(i.UART2_Print) refers to lib_uart.o(i.UARTx_SendData) for UARTx_SendData
    lib_uart.o(i.UART2_Scan) refers to lib_uart.o(i.UARTx_ReceiveData) for UARTx_ReceiveData
    lib_uart.o(i.UART3_Init) refers to lib_uart.o(i.UARTx_Init) for UARTx_Init
    lib_uart.o(i.UART3_Print) refers to lib_uart.o(i.UARTx_SendData) for UARTx_SendData
    lib_uart.o(i.UART3_Scan) refers to lib_uart.o(i.UARTx_ReceiveData) for UARTx_ReceiveData
    lib_uart.o(i.UART_FirstInit) refers to lib_uart.o(i.UART1_Init) for UART1_Init
    lib_uart.o(i.UART_FirstInit) refers to lib_uart.o(.bss) for UART1
    lib_uart.o(i.UART_FirstInit) refers to lib_uart.o(i.UART1_Scan) for UART1_Scan
    lib_uart.o(i.UART_FirstInit) refers to lib_uart.o(i.UART1_Print) for UART1_Print
    lib_uart.o(i.UART_FirstInit) refers to lib_uart.o(i.UART2_Init) for UART2_Init
    lib_uart.o(i.UART_FirstInit) refers to lib_uart.o(i.UART2_Scan) for UART2_Scan
    lib_uart.o(i.UART_FirstInit) refers to lib_uart.o(i.UART2_Print) for UART2_Print
    lib_uart.o(i.UART_FirstInit) refers to lib_uart.o(i.UART3_Init) for UART3_Init
    lib_uart.o(i.UART_FirstInit) refers to lib_uart.o(i.UART3_Scan) for UART3_Scan
    lib_uart.o(i.UART_FirstInit) refers to lib_uart.o(i.UART3_Print) for UART3_Print
    lib_uart.o(i.UARTx_Init) refers to stm32f10x_rcc.o(i.RCC_APB2PeriphClockCmd) for RCC_APB2PeriphClockCmd
    lib_uart.o(i.UARTx_Init) refers to stm32f10x_gpio.o(i.GPIO_PinRemapConfig) for GPIO_PinRemapConfig
    lib_uart.o(i.UARTx_Init) refers to stm32f10x_gpio.o(i.GPIO_Init) for GPIO_Init
    lib_uart.o(i.UARTx_Init) refers to lib_uart.o(i.NVIC_SetPriority) for NVIC_SetPriority
    lib_uart.o(i.UARTx_Init) refers to lib_uart.o(i.NVIC_EnableIRQ) for NVIC_EnableIRQ
    lib_uart.o(i.UARTx_Init) refers to stm32f10x_rcc.o(i.RCC_APB1PeriphClockCmd) for RCC_APB1PeriphClockCmd
    lib_uart.o(i.UARTx_Init) refers to stm32f10x_usart.o(i.USART_Init) for USART_Init
    lib_uart.o(i.UARTx_Init) refers to stm32f10x_usart.o(i.USART_Cmd) for USART_Cmd
    lib_uart.o(i.UARTx_Init) refers to stm32f10x_usart.o(i.USART_ITConfig) for USART_ITConfig
    lib_uart.o(i.UARTx_ReceiveData) refers to lib_uart.o(.data) for UARTx_rx_flag
[...]
    Removing main.o(.rrx_text), (6 bytes).
    Removing main.o(i.GPIO_Config), (44 bytes).
    Removing misc.o(.rev16_text), (4 bytes).
    Removing misc.o(.revsh_text), (4 bytes).
    Removing misc.o(.rrx_text), (6 bytes).
    Removing misc.o(i.NVIC_Init), (112 bytes).
    Removing misc.o(i.NVIC_PriorityGroupConfig), (20 bytes).
    Removing misc.o(i.NVIC_SetVectorTable), (20 bytes).
    Removing misc.o(i.NVIC_SystemLPConfig), (32 bytes).
    Removing misc.o(i.SysTick_CLKSourceConfig), (40 bytes).
    Removing stm32f10x_adc.o(.rev16_text), (4 bytes).
    Removing stm32f10x_adc.o(.revsh_text), (4 bytes).
    Removing stm32f10x_adc.o(.rrx_text), (6 bytes).
    Removing stm32f10x_adc.o(i.ADC_AnalogWatchdogCmd), (20 bytes).
    Removing stm32f10x_adc.o(i.ADC_AnalogWatchdogSingleChannelConfig), (16 bytes).
    Removing stm32f10x_adc.o(i.ADC_AnalogWatchdogThresholdsConfig), (6 bytes).
    Removing stm32f10x_adc.o(i.ADC_AutoInjectedConvCmd), (22 bytes).
    Removing stm32f10x_adc.o(i.ADC_ClearFlag), (6 bytes).
    Removing stm32f10x_adc.o(i.ADC_ClearITPendingBit), (10 bytes).
    Removing stm32f10x_adc.o(i.ADC_Cmd), (22 bytes).
    Removing stm32f10x_adc.o(i.ADC_DMACmd), (22 bytes).
    Removing stm32f10x_adc.o(i.ADC_DeInit), (92 bytes).
    Removing stm32f10x_adc.o(i.ADC_DiscModeChannelCountConfig), (24 bytes).
    Removing stm32f10x_adc.o(i.ADC_DiscModeCmd), (22 bytes).
    Removing stm32f10x_adc.o(i.ADC_ExternalTrigConvCmd), (22 bytes).
    Removing stm32f10x_adc.o(i.ADC_ExternalTrigInjectedConvCmd), (22 bytes).
    Removing stm32f10x_adc.o(i.ADC_ExternalTrigInjectedConvConfig), (16 bytes).
    Removing stm32f10x_adc.o(i.ADC_GetCalibrationStatus), (20 bytes).
    Removing stm32f10x_adc.o(i.ADC_GetConversionValue), (8 bytes).
    Removing stm32f10x_adc.o(i.ADC_GetDualModeConversionValue), (12 bytes).
    Removing stm32f10x_adc.o(i.ADC_GetFlagStatus), (18 bytes).
    Removing stm32f10x_adc.o(i.ADC_GetITStatus), (36 bytes).
    Removing stm32f10x_adc.o(i.ADC_GetInjectedConversionValue), (28 bytes).
    Removing stm32f10x_adc.o(i.ADC_GetResetCalibrationStatus), (20 bytes).
    Removing stm32f10x_adc.o(i.ADC_GetSoftwareStartConvStatus), (20 bytes).
    Removing stm32f10x_adc.o(i.ADC_GetSoftwareStartInjectedConvCmdStatus), (20 bytes).
    Removing stm32f10x_adc.o(i.ADC_ITConfig), (24 bytes).
    Removing stm32f10x_adc.o(i.ADC_Init), (80 bytes).
    Removing stm32f10x_adc.o(i.ADC_InjectedChannelConfig), (130 bytes).
    Removing stm32f10x_adc.o(i.ADC_InjectedDiscModeCmd), (22 bytes).
    Removing stm32f10x_adc.o(i.ADC_InjectedSequencerLengthConfig), (24 bytes).
    Removing stm32f10x_adc.o(i.ADC_RegularChannelConfig), (184 bytes).
    Removing stm32f10x_adc.o(i.ADC_ResetCalibration), (10 bytes).
    Removing stm32f10x_adc.o(i.ADC_SetInjectedOffset), (20 bytes).
    Removing stm32f10x_adc.o(i.ADC_SoftwareStartConvCmd), (22 bytes).
    Removing stm32f10x_adc.o(i.ADC_SoftwareStartInjectedConvCmd), (22 bytes).
    Removing stm32f10x_adc.o(i.ADC_StartCalibration), (10 bytes).
    Removing stm32f10x_adc.o(i.ADC_StructInit), (18 bytes).
    Removing stm32f10x_adc.o(i.ADC_TempSensorVrefintCmd), (36 bytes).
    Removing stm32f10x_dma.o(.rev16_text), (4 bytes).
    Removing stm32f10x_dma.o(.revsh_text), (4 bytes).
    Removing stm32f10x_dma.o(.rrx_text), (6 bytes).
    Removing stm32f10x_dma.o(i.DMA_ClearFlag), (28 bytes).
    Removing stm32f10x_dma.o(i.DMA_Cmd), (24 bytes).
    Removing stm32f10x_dma.o(i.DMA_DeInit), (332 bytes).
    Removing stm32f10x_dma.o(i.DMA_GetCurrDataCounter), (8 bytes).
    Removing stm32f10x_dma.o(i.DMA_GetFlagStatus), (44 bytes).
    Removing stm32f10x_dma.o(i.DMA_ITConfig), (18 bytes).
    Removing stm32f10x_dma.o(i.DMA_Init), (60 bytes).
    Removing stm32f10x_dma.o(i.DMA_SetCurrDataCounter), (4 bytes).
    Removing stm32f10x_dma.o(i.DMA_StructInit), (26 bytes).
    Removing stm32f10x_gpio.o(.rev16_text), (4 bytes).
    Removing stm32f10x_gpio.o(.revsh_text), (4 bytes).
    Removing stm32f10x_gpio.o(.rrx_text), (6 bytes).
    Removing stm32f10x_gpio.o(i.GPIO_AFIODeInit), (20 bytes).
    Removing stm32f10x_gpio.o(i.GPIO_DeInit), (200 bytes).
    Removing stm32f10x_gpio.o(i.GPIO_ETH_MediaInterfaceConfig), (12 bytes).
    Removing stm32f10x_gpio.o(i.GPIO_EXTILineConfig), (64 bytes).
    Removing stm32f10x_gpio.o(i.GPIO_EventOutputCmd), (12 bytes).
    Removing stm32f10x_gpio.o(i.GPIO_EventOutputConfig), (32 bytes).
    Removing stm32f10x_gpio.o(i.GPIO_PinLockConfig), (18 bytes).
    Removing stm32f10x_gpio.o(i.GPIO_ReadInputData), (8 bytes).
    Removing stm32f10x_gpio.o(i.GPIO_ReadInputDataBit), (18 bytes).
    Removing stm32f10x_gpio.o(i.GPIO_ReadOutputData), (8 bytes).
    Removing stm32f10x_gpio.o(i.GPIO_ReadOutputDataBit), (18 bytes).
    Removing stm32f10x_gpio.o(i.GPIO_StructInit), (16 bytes).
    Removing stm32f10x_gpio.o(i.GPIO_Write), (4 bytes).
    Removing stm32f10x_gpio.o(i.GPIO_WriteBit), (10 bytes).
    Removing stm32f10x_rcc.o(.rev16_text), (4 bytes).
    Removing stm32f10x_rcc.o(.revsh_text), (4 bytes).
    Removing stm32f10x_rcc.o(.rrx_text), (6 bytes).
    Removing stm32f10x_rcc.o(i.RCC_ADCCLKConfig), (24 bytes).
    Removing stm32f10x_rcc.o(i.RCC_AHBPeriphClockCmd), (32 bytes).
    Removing stm32f10x_rcc.o(i.RCC_APB1PeriphResetCmd), (32 bytes).
    Removing stm32f10x_rcc.o(i.RCC_APB2PeriphResetCmd), (32 bytes).
    Removing stm32f10x_rcc.o(i.RCC_AdjustHSICalibrationValue), (24 bytes).
    Removing stm32f10x_rcc.o(i.RCC_BackupResetCmd), (12 bytes).
    Removing stm32f10x_rcc.o(i.RCC_ClearFlag), (20 bytes).
    Removing stm32f10x_rcc.o(i.RCC_ClearITPendingBit), (12 bytes).
    Removing stm32f10x_rcc.o(i.RCC_ClockSecuritySystemCmd), (12 bytes).
    Removing stm32f10x_rcc.o(i.RCC_DeInit), (76 bytes).
    Removing stm32f10x_rcc.o(i.RCC_GetFlagStatus), (60 bytes).
    Removing stm32f10x_rcc.o(i.RCC_GetITStatus), (24 bytes).
    Removing stm32f10x_rcc.o(i.RCC_GetSYSCLKSource), (16 bytes).
    Removing stm32f10x_rcc.o(i.RCC_HCLKConfig), (24 bytes).
    Removing stm32f10x_rcc.o(i.RCC_HSEConfig), (76 bytes).
    Removing stm32f10x_rcc.o(i.RCC_HSICmd), (12 bytes).
    Removing stm32f10x_rcc.o(i.RCC_ITConfig), (32 bytes).
    Removing stm32f10x_rcc.o(i.RCC_LSEConfig), (52 bytes).
    Removing stm32f10x_rcc.o(i.RCC_LSICmd), (12 bytes).
    Removing stm32f10x_rcc.o(i.RCC_MCOConfig), (12 bytes).
    Removing stm32f10x_rcc.o(i.RCC_PCLK1Config), (24 bytes).
    Removing stm32f10x_rcc.o(i.RCC_PCLK2Config), (24 bytes).
    Removing stm32f10x_rcc.o(i.RCC_PLLCmd), (12 bytes).
    Removing stm32f10x_rcc.o(i.RCC_PLLConfig), (28 bytes).
    Removing stm32f10x_rcc.o(i.RCC_RTCCLKCmd), (12 bytes).
    Removing stm32f10x_rcc.o(i.RCC_RTCCLKConfig), (16 bytes).
    Removing stm32f10x_rcc.o(i.RCC_SYSCLKConfig), (24 bytes).
    Removing stm32f10x_rcc.o(i.RCC_USBCLKConfig), (12 bytes).
    Removing stm32f10x_rcc.o(i.RCC_WaitForHSEStartUp), (56 bytes).
    Removing stm32f10x_tim.o(.rev16_text), (4 bytes).
    Removing stm32f10x_tim.o(.revsh_text), (4 bytes).
    Removing stm32f10x_tim.o(.rrx_text), (6 bytes).
    Removing stm32f10x_tim.o(i.TI1_Config), (128 bytes).
    Removing stm32f10x_tim.o(i.TI2_Config), (152 bytes).
    Removing stm32f10x_tim.o(i.TI3_Config), (144 bytes).
    Removing stm32f10x_tim.o(i.TI4_Config), (152 bytes).
    Removing stm32f10x_tim.o(i.TIM_ARRPreloadConfig), (24 bytes).
    Removing stm32f10x_tim.o(i.TIM_BDTRConfig), (32 bytes).
    Removing stm32f10x_tim.o(i.TIM_BDTRStructInit), (18 bytes).
    Removing stm32f10x_tim.o(i.TIM_CCPreloadControl), (24 bytes).
    Removing stm32f10x_tim.o(i.TIM_CCxCmd), (30 bytes).
    Removing stm32f10x_tim.o(i.TIM_CCxNCmd), (30 bytes).
    Removing stm32f10x_tim.o(i.TIM_ClearFlag), (6 bytes).
    Removing stm32f10x_tim.o(i.TIM_ClearITPendingBit), (6 bytes).
    Removing stm32f10x_tim.o(i.TIM_ClearOC1Ref), (18 bytes).
    Removing stm32f10x_tim.o(i.TIM_ClearOC2Ref), (24 bytes).
    Removing stm32f10x_tim.o(i.TIM_ClearOC3Ref), (18 bytes).
    Removing stm32f10x_tim.o(i.TIM_ClearOC4Ref), (24 bytes).
    Removing stm32f10x_tim.o(i.TIM_Cmd), (24 bytes).
    Removing stm32f10x_tim.o(i.TIM_CounterModeConfig), (18 bytes).
    Removing stm32f10x_tim.o(i.TIM_CtrlPWMOutputs), (30 bytes).
    Removing stm32f10x_tim.o(i.TIM_DMACmd), (18 bytes).
    Removing stm32f10x_tim.o(i.TIM_DMAConfig), (10 bytes).
    Removing stm32f10x_tim.o(i.TIM_DeInit), (488 bytes).
    Removing stm32f10x_tim.o(i.TIM_ETRClockMode1Config), (54 bytes).
    Removing stm32f10x_tim.o(i.TIM_ETRClockMode2Config), (32 bytes).
    Removing stm32f10x_tim.o(i.TIM_ETRConfig), (28 bytes).
    Removing stm32f10x_tim.o(i.TIM_EncoderInterfaceConfig), (66 bytes).
    Removing stm32f10x_tim.o(i.TIM_ForcedOC1Config), (18 bytes).
    Removing stm32f10x_tim.o(i.TIM_ForcedOC2Config), (26 bytes).
    Removing stm32f10x_tim.o(i.TIM_ForcedOC3Config), (18 bytes).
    Removing stm32f10x_tim.o(i.TIM_ForcedOC4Config), (26 bytes).
    Removing stm32f10x_tim.o(i.TIM_GenerateEvent), (4 bytes).
    Removing stm32f10x_tim.o(i.TIM_GetCapture1), (6 bytes).
    Removing stm32f10x_tim.o(i.TIM_GetCapture2), (6 bytes).
    Removing stm32f10x_tim.o(i.TIM_GetCapture3), (6 bytes).
    Removing stm32f10x_tim.o(i.TIM_GetCapture4), (8 bytes).
    Removing stm32f10x_tim.o(i.TIM_GetCounter), (6 bytes).
    Removing stm32f10x_tim.o(i.TIM_GetFlagStatus), (18 bytes).
    Removing stm32f10x_tim.o(i.TIM_GetITStatus), (34 bytes).
    Removing stm32f10x_tim.o(i.TIM_GetPrescaler), (6 bytes).
    Removing stm32f10x_tim.o(i.TIM_ICInit), (172 bytes).
    Removing stm32f10x_tim.o(i.TIM_ICStructInit), (18 bytes).
    Removing stm32f10x_tim.o(i.TIM_ITConfig), (18 bytes).
    Removing stm32f10x_tim.o(i.TIM_ITRxExternalClockConfig), (24 bytes).
    Removing stm32f10x_tim.o(i.TIM_InternalClockConfig), (12 bytes).
    Removing stm32f10x_tim.o(i.TIM_OC1FastConfig), (18 bytes).
    Removing stm32f10x_tim.o(i.TIM_OC1Init), (152 bytes).
    Removing stm32f10x_tim.o(i.TIM_OC1NPolarityConfig), (18 bytes).
    Removing stm32f10x_tim.o(i.TIM_OC1PolarityConfig), (18 bytes).
    Removing stm32f10x_tim.o(i.TIM_OC1PreloadConfig), (18 bytes).
    Removing stm32f10x_tim.o(i.TIM_OC2FastConfig), (26 bytes).
    Removing stm32f10x_tim.o(i.TIM_OC2Init), (164 bytes).
    Removing stm32f10x_tim.o(i.TIM_OC2NPolarityConfig), (26 bytes).
    Removing stm32f10x_tim.o(i.TIM_OC2PolarityConfig), (26 bytes).
    Removing stm32f10x_tim.o(i.TIM_OC2PreloadConfig), (26 bytes).
    Removing stm32f10x_tim.o(i.TIM_OC3FastConfig), (18 bytes).
    Removing stm32f10x_tim.o(i.TIM_OC3Init), (160 bytes).
    Removing stm32f10x_tim.o(i.TIM_OC3NPolarityConfig), (26 bytes).
    Removing stm32f10x_tim.o(i.TIM_OC3PolarityConfig), (26 bytes).
    Removing stm32f10x_tim.o(i.TIM_OC3PreloadConfig), (18 bytes).
    Removing stm32f10x_tim.o(i.TIM_OC4FastConfig), (26 bytes).
    Removing stm32f10x_tim.o(i.TIM_OC4Init), (124 bytes).
    Removing stm32f10x_tim.o(i.TIM_OC4PolarityConfig), (26 bytes).
    Removing stm32f10x_tim.o(i.TIM_OC4PreloadConfig), (26 bytes).
    Removing stm32f10x_tim.o(i.TIM_OCStructInit), (20 bytes).
    Removing stm32f10x_tim.o(i.TIM_PWMIConfig), (124 bytes).
    Removing stm32f10x_tim.o(i.TIM_PrescalerConfig), (6 bytes).
    Removing stm32f10x_tim.o(i.TIM_SelectCCDMA), (24 bytes).
    Removing stm32f10x_tim.o(i.TIM_SelectCOM), (24 bytes).
    Removing stm32f10x_tim.o(i.TIM_SelectHallSensor), (24 bytes).
    Removing stm32f10x_tim.o(i.TIM_SelectInputTrigger), (18 bytes).
    Removing stm32f10x_tim.o(i.TIM_SelectMasterSlaveMode), (18 bytes).
    Removing stm32f10x_tim.o(i.TIM_SelectOCxM), (82 bytes).
    Removing stm32f10x_tim.o(i.TIM_SelectOnePulseMode), (18 bytes).
    Removing stm32f10x_tim.o(i.TIM_SelectOutputTrigger), (18 bytes).
    Removing stm32f10x_tim.o(i.TIM_SelectSlaveMode), (18 bytes).
    Removing stm32f10x_tim.o(i.TIM_SetAutoreload), (4 bytes).
    Removing stm32f10x_tim.o(i.TIM_SetClockDivision), (18 bytes).
    Removing stm32f10x_tim.o(i.TIM_SetCompare1), (4 bytes).
    Removing stm32f10x_tim.o(i.TIM_SetCompare2), (4 bytes).
    Removing stm32f10x_tim.o(i.TIM_SetCompare3), (4 bytes).
    Removing stm32f10x_tim.o(i.TIM_SetCompare4), (6 bytes).
    Removing stm32f10x_tim.o(i.TIM_SetCounter), (4 bytes).
    Removing stm32f10x_tim.o(i.TIM_SetIC1Prescaler), (18 bytes).
    Removing stm32f10x_tim.o(i.TIM_SetIC2Prescaler), (26 bytes).
    Removing stm32f10x_tim.o(i.TIM_SetIC3Prescaler), (18 bytes).
    Removing stm32f10x_tim.o(i.TIM_SetIC4Prescaler), (26 bytes).
    Removing stm32f10x_tim.o(i.TIM_TIxExternalClockConfig), (62 bytes).
    Removing stm32f10x_tim.o(i.TIM_TimeBaseInit), (164 bytes).
    Removing stm32f10x_tim.o(i.TIM_TimeBaseStructInit), (18 bytes).
    Removing stm32f10x_tim.o(i.TIM_UpdateDisableConfig), (24 bytes).
    Removing stm32f10x_tim.o(i.TIM_UpdateRequestConfig), (24 bytes).
    Removing stm32f10x_usart.o(.rev16_text), (4 bytes).
    Removing stm32f10x_usart.o(.revsh_text), (4 bytes).
    Removing stm32f10x_usart.o(.rrx_text), (6 bytes).
    Removing stm32f10x_usart.o(i.USART_ClearFlag), (18 bytes).
    Removing stm32f10x_usart.o(i.USART_ClearITPendingBit), (30 bytes).
    Removing stm32f10x_usart.o(i.USART_ClockInit), (34 bytes).
    Removing stm32f10x_usart.o(i.USART_ClockStructInit), (12 bytes).
    Removing stm32f10x_usart.o(i.USART_DMACmd), (18 bytes).
    Removing stm32f10x_usart.o(i.USART_DeInit), (156 bytes).
    Removing stm32f10x_usart.o(i.USART_GetITStatus), (84 bytes).
    Removing stm32f10x_usart.o(i.USART_HalfDuplexCmd), (24 bytes).
    Removing stm32f10x_usart.o(i.USART_IrDACmd), (24 bytes).
    Removing stm32f10x_usart.o(i.USART_IrDAConfig), (18 bytes).
    Removing stm32f10x_usart.o(i.USART_LINBreakDetectLengthConfig), (18 bytes).
    Removing stm32f10x_usart.o(i.USART_LINCmd), (24 bytes).
    Removing stm32f10x_usart.o(i.USART_OneBitMethodCmd), (24 bytes).
    Removing stm32f10x_usart.o(i.USART_OverSampling8Cmd), (22 bytes).
    Removing stm32f10x_usart.o(i.USART_ReceiveData), (10 bytes).
    Removing stm32f10x_usart.o(i.USART_ReceiverWakeUpCmd), (24 bytes).
    Removing stm32f10x_usart.o(i.USART_SendBreak), (10 bytes).
    Removing stm32f10x_usart.o(i.USART_SetAddress), (18 bytes).
    Removing stm32f10x_usart.o(i.USART_SetGuardTime), (16 bytes).
    Removing stm32f10x_usart.o(i.USART_SetPrescaler), (16 bytes).
    Removing stm32f10x_usart.o(i.USART_SmartCardCmd), (24 bytes).
    Removing stm32f10x_usart.o(i.USART_SmartCardNACKCmd), (24 bytes).
    Removing stm32f10x_usart.o(i.USART_StructInit), (24 bytes).
    Removing stm32f10x_usart.o(i.USART_WakeUpConfig), (18 bytes).
    Removing system_stm32f10x.o(.rev16_text), (4 bytes).
    Removing system_stm32f10x.o(.revsh_text), (4 bytes).
    Removing system_stm32f10x.o(.rrx_text), (6 bytes).
    Removing system_stm32f10x.o(i.SystemCoreClockUpdate), (164 bytes).
    Removing system_stm32f10x.o(.data), (20 bytes).

253 unused section(s) (total 8330 bytes) removed from the image.

==============================================================================

Image Symbol Table

    Local Symbols

    Symbol Name                              Value     Ov Type        Size  Object(Section)

    ../clib/angel/boardlib.s                 0x00000000   Number         0  boardinit1.o ABSOLUTE
    ../clib/angel/boardlib.s                 0x00000000   Number         0  boardshut.o ABSOLUTE
    ../clib/angel/boardlib.s                 0x00000000   Number         0  boardinit2.o ABSOLUTE
    ../clib/angel/boardlib.s                 0x00000000   Number         0  boardinit3.o ABSOLUTE
    ../clib/angel/dczerorl.s                 0x00000000   Number         0  __dczerorl.o ABSOLUTE
    ../clib/angel/handlers.s                 0x00000000   Number         0  __scatter_zi.o ABSOLUTE
    ../clib/angel/kernel.s                   0x00000000   Number         0  __rtentry2.o ABSOLUTE
    ../clib/angel/kernel.s                   0x00000000   Number         0  rtexit2.o ABSOLUTE
    ../clib/angel/kernel.s                   0x00000000   Number         0  __rtentry4.o ABSOLUTE
    ../clib/angel/kernel.s                   0x00000000   Number         0  __rtentry.o ABSOLUTE
    ../clib/angel/kernel.s                   0x00000000   Number         0  rtexit.o ABSOLUTE
    ../clib/angel/rt.s                       0x00000000   Number         0  rt_locale.o ABSOLUTE
    ../clib/angel/rt.s                       0x00000000   Number         0  rt_locale_intlibspace.o ABSOLUTE
    ../clib/angel/rt.s                       0x00000000   Number         0  rt_raise.o ABSOLUTE
    ../clib/angel/scatter.s                  0x00000000   Number         0  __scatter.o ABSOLUTE
    ../clib/angel/startup.s                  0x00000000   Number         0  __main.o ABSOLUTE
    ../clib/angel/sys.s                      0x00000000   Number         0  use_no_semi.o ABSOLUTE
    ../clib/angel/sys.s                      0x00000000   Number         0  libspace.o ABSOLUTE
    ../clib/angel/sys.s                      0x00000000   Number         0  indicate_semi.o ABSOLUTE
    ../clib/angel/sys.s                      0x00000000   Number         0  sys_stackheap_outer.o ABSOLUTE
    ../clib/angel/sysapp.c                   0x00000000   Number         0  sys_wrch.o ABSOLUTE
    ../clib/angel/sysapp.c                   0x00000000   Number         0  sys_exit.o ABSOLUTE
    ../clib/angel/sysapp.c                   0x00000000   Number         0  sys_command.o ABSOLUTE
    ../clib/arm_runtime.c                    0x00000000   Number         0  init_aeabi.o ABSOLUTE
    ../clib/arm_runtime.c                    0x00000000   Number         0  init_aeabi.o ABSOLUTE
    ../clib/armsys.c                         0x00000000   Number         0  argv_veneer.o ABSOLUTE
    ../clib/armsys.c                         0x00000000   Number         0  argv_veneer.o ABSOLUTE
    ../clib/armsys.c                         0x00000000   Number         0  _get_argv_nomalloc.o ABSOLUTE
    ../clib/armsys.c                         0x00000000   Number         0  no_argv.o ABSOLUTE
    ../clib/bigflt.c                         0x00000000   Number         0  bigflt0.o ABSOLUTE
    ../clib/btod.s                           0x00000000   Number         0  btod.o ABSOLUTE
    ../clib/heapalloc.c                      0x00000000   Number         0  hrguard.o ABSOLUTE
    ../clib/heapaux.c                        0x00000000   Number         0  heapauxi.o ABSOLUTE
    ../clib/libinit.s                        0x00000000   Number         0  libshutdown.o ABSOLUTE
    ../clib/libinit.s                        0x00000000   Number         0  libinit.o ABSOLUTE
    ../clib/libinit.s                        0x00000000   Number         0  libshutdown2.o ABSOLUTE
    ../clib/libinit.s                        0x00000000   Number         0  libinit2.o ABSOLUTE
    ../clib/locale.s                         0x00000000   Number         0  lc_numeric_c.o ABSOLUTE
    ../clib/longlong.s                       0x00000000   Number         0  lludiv10.o ABSOLUTE
    ../clib/memcpset.s                       0x00000000   Number         0  strcmpv7m.o ABSOLUTE
    ../clib/misc.s                           0x00000000   Number         0  printf_stubs.o ABSOLUTE
    ../clib/printf.c                         0x00000000   Number         0  _printf_hex_ll_ptr.o ABSOLUTE
    ../clib/printf.c                         0x00000000   Number         0  _printf_hex_int_ll_ptr.o ABSOLUTE
    ../clib/printf.c                         0x00000000   Number         0  __printf_flags.o ABSOLUTE
    ../clib/printf.c                         0x00000000   Number         0  __printf_ss.o ABSOLUTE
    ../clib/printf.c                         0x00000000   Number         0  __printf_flags_ss.o ABSOLUTE
    ../clib/printf.c                         0x00000000   Number         0  __printf_wp.o ABSOLUTE
    ../clib/printf.c                         0x00000000   Number         0  __printf_flags_wp.o ABSOLUTE
    ../clib/printf.c                         0x00000000   Number         0  __printf_ss_wp.o ABSOLUTE
    ../clib/printf.c                         0x00000000   Number         0  __printf_flags_ss_wp.o ABSOLUTE
    ../clib/printf.c                         0x00000000   Number         0  __printf_nopercent.o ABSOLUTE
    ../clib/printf.c                         0x00000000   Number         0  _printf_fp_infnan.o ABSOLUTE
    ../clib/printf.c                         0x00000000   Number         0  _printf_intcommon.o ABSOLUTE
    ../clib/printf.c                         0x00000000   Number         0  _printf_fp_dec.o ABSOLUTE
    ../clib/printf.c                         0x00000000   Number         0  _printf_char_common.o ABSOLUTE
    ../clib/printf.c                         0x00000000   Number         0  _sputc.o ABSOLUTE
    ../clib/printf.c                         0x00000000   Number         0  _printf_hex_ptr.o ABSOLUTE
    ../clib/printf.c                         0x00000000   Number         0  __2sprintf.o ABSOLUTE
    ../clib/printf.c                         0x00000000   Number         0  noretval__2sprintf.o ABSOLUTE
    ../clib/printf.c                         0x00000000   Number         0  __printf.o ABSOLUTE
    ../clib/printf.c                         0x00000000   Number         0  _printf_pad.o ABSOLUTE
    ../clib/printf.c                         0x00000000   Number         0  _printf_dec.o ABSOLUTE
    ../clib/printf.c                         0x00000000   Number         0  _printf_hex_ll.o ABSOLUTE
    ../clib/printf.c                         0x00000000   Number         0  _printf_hex_int.o ABSOLUTE
    ../clib/printf.c                         0x00000000   Number         0  _printf_hex_int_ll.o ABSOLUTE
    ../clib/printf.c                         0x00000000   Number         0  _printf_hex_int_ptr.o ABSOLUTE
    ../clib/printf_percent.s                 0x00000000   Number         0  _printf_x.o ABSOLUTE
    ../clib/printf_percent.s                 0x00000000   Number         0  _printf_d.o ABSOLUTE
    ../clib/printf_percent.s                 0x00000000   Number         0  _printf_f.o ABSOLUTE
    ../clib/printf_percent.s                 0x00000000   Number         0  _printf_percent.o ABSOLUTE
    ../clib/printf_percent.s                 0x00000000   Number         0  _printf_percent_end.o ABSOLUTE
    ../clib/signal.c                         0x00000000   Number         0  defsig_rtmem_outer.o ABSOLUTE
    ../clib/signal.c                         0x00000000   Number         0  defsig_general.o ABSOLUTE
    ../clib/signal.c                         0x00000000   Number         0  defsig_segv_inner.o ABSOLUTE
    ../clib/signal.c                         0x00000000   Number         0  defsig_rtred_inner.o ABSOLUTE
    ../clib/signal.c                         0x00000000   Number         0  defsig_rtmem_formal.o ABSOLUTE
    ../clib/signal.c                         0x00000000   Number         0  defsig_cppl_inner.o ABSOLUTE
    ../clib/signal.c                         0x00000000   Number         0  defsig_fpe_inner.o ABSOLUTE
    ../clib/signal.c                         0x00000000   Number         0  defsig_abrt_inner.o ABSOLUTE
    ../clib/signal.c                         0x00000000   Number         0  defsig_pvfn_inner.o ABSOLUTE
    ../clib/signal.c                         0x00000000   Number         0  defsig_stak_inner.o ABSOLUTE
    ../clib/signal.c                         0x00000000   Number         0  __raise.o ABSOLUTE
    ../clib/signal.c                         0x00000000   Number         0  defsig_rtmem_inner.o ABSOLUTE
    ../clib/signal.c                         0x00000000   Number         0  defsig_exit.o ABSOLUTE
    ../clib/signal.c                         0x00000000   Number         0  defsig_other.o ABSOLUTE
    ../clib/signal.s                         0x00000000   Number         0  defsig.o ABSOLUTE
    ../clib/stdlib.c                         0x00000000   Number         0  exit.o ABSOLUTE
    ../fplib/d2f.s                           0x00000000   Number         0  d2f.o ABSOLUTE
    ../fplib/dnaninf.s                       0x00000000   Number         0  dnaninf.o ABSOLUTE
    ../fplib/dretinf.s                       0x00000000   Number         0  dretinf.o ABSOLUTE
    ../fplib/f2d.s                           0x00000000   Number         0  f2d.o ABSOLUTE
    ../fplib/fnaninf.s                       0x00000000   Number         0  fnaninf.o ABSOLUTE
    ../fplib/fpinit.s                        0x00000000   Number         0  fpinit.o ABSOLUTE
    ../fplib/fretinf.s                       0x00000000   Number         0  fretinf.o ABSOLUTE
    ../fplib/istatus.s                       0x00000000   Number         0  istatus.o ABSOLUTE
    ../fplib/printf1.s                       0x00000000   Number         0  printf1.o ABSOLUTE
    ../fplib/usenofp.s                       0x00000000   Number         0  usenofp.o ABSOLUTE
    ../mathlib/fpclassify.c                  0x00000000   Number         0  fpclassify.o ABSOLUTE
    ..\USER\lib_adc.c                        0x00000000   Number         0  lib_adc.o ABSOLUTE
    ..\USER\lib_dma.c                        0x00000000   Number         0  lib_dma.o ABSOLUTE
    ..\USER\lib_uart.c                       0x00000000   Number         0  lib_uart.o ABSOLUTE
    ..\USER\main.c                           0x00000000   Number         0  main.o ABSOLUTE
    ..\\USER\\lib_adc.c                      0x00000000   Number         0  lib_adc.o ABSOLUTE
    ..\\USER\\lib_dma.c                      0x00000000   Number         0  lib_dma.o ABSOLUTE
    ..\\USER\\lib_uart.c                     0x00000000   Number         0  lib_uart.o ABSOLUTE
    ..\\USER\\main.c                         0x00000000   Number         0  main.o ABSOLUTE
    C:\Keil_v5\ARM\PACK\Keil\STM32F1xx_DFP\2.4.1\Device\StdPeriph_Driver\src\misc.c 0x00000000   Number         0  misc.o ABSOLUTE
    C:\Keil_v5\ARM\PACK\Keil\STM32F1xx_DFP\2.4.1\Device\StdPeriph_Driver\src\stm32f10x_adc.c 0x00000000   Number         0  stm32f10x_adc.o ABSOLUTE
    C:\Keil_v5\ARM\PACK\Keil\STM32F1xx_DFP\2.4.1\Device\StdPeriph_Driver\src\stm32f10x_dma.c 0x00000000   Number         0  stm32f10x_dma.o ABSOLUTE
    C:\Keil_v5\ARM\PACK\Keil\STM32F1xx_DFP\2.4.1\Device\StdPeriph_Driver\src\stm32f10x_gpio.c 0x00000000   Number         0  stm32f10x_gpio.o ABSOLUTE
    C:\Keil_v5\ARM\PACK\Keil\STM32F1xx_DFP\2.4.1\Device\StdPeriph_Driver\src\stm32f10x_rcc.c 0x00000000   Number         0  stm32f10x_rcc.o ABSOLUTE
    C:\Keil_v5\ARM\PACK\Keil\STM32F1xx_DFP\2.4.1\Device\StdPeriph_Driver\src\stm32f10x_tim.c 0x00000000   Number         0  stm32f10x_tim.o ABSOLUTE
    C:\Keil_v5\ARM\PACK\Keil\STM32F1xx_DFP\2.4.1\Device\StdPeriph_Driver\src\stm32f10x_usart.c 0x00000000   Number         0  stm32f10x_usart.o ABSOLUTE
    C:\\Keil_v5\\ARM\\PACK\\Keil\\STM32F1xx_DFP\\2.4.1\\Device\\StdPeriph_Driver\\src\\misc.c 0x00000000   Number         0  misc.o ABSOLUTE
    C:\\Keil_v5\\ARM\\PACK\\Keil\\STM32F1xx_DFP\\2.4.1\\Device\\StdPeriph_Driver\\src\\stm32f10x_adc.c 0x00000000   Number         0  stm32f10x_adc.o ABSOLUTE
    C:\\Keil_v5\\ARM\\PACK\\Keil\\STM32F1xx_DFP\\2.4.1\\Device\\StdPeriph_Driver\\src\\stm32f10x_dma.c 0x00000000   Number         0  stm32f10x_dma.o ABSOLUTE
    C:\\Keil_v5\\ARM\\PACK\\Keil\\STM32F1xx_DFP\\2.4.1\\Device\\StdPeriph_Driver\\src\\stm32f10x_gpio.c 0x00000000   Number         0  stm32f10x_gpio.o ABSOLUTE
    C:\\Keil_v5\\ARM\\PACK\\Keil\\STM32F1xx_DFP\\2.4.1\\Device\\StdPeriph_Driver\\src\\stm32f10x_rcc.c 0x00000000   Number         0  stm32f10x_rcc.o ABSOLUTE
    C:\\Keil_v5\\ARM\\PACK\\Keil\\STM32F1xx_DFP\\2.4.1\\Device\\StdPeriph_Driver\\src\\stm32f10x_tim.c 0x00000000   Number         0  stm32f10x_tim.o ABSOLUTE
    C:\\Keil_v5\\ARM\\PACK\\Keil\\STM32F1xx_DFP\\2.4.1\\Device\\StdPeriph_Driver\\src\\stm32f10x_usart.c 0x00000000   Number         0  stm32f10x_usart.o ABSOLUTE
    RTE\Device\STM32F103C8\startup_stm32f10x_md.s 0x00000000   Number         0  startup_stm32f10x_md.o ABSOLUTE
    RTE\Device\STM32F103C8\system_stm32f10x.c 0x00000000   Number         0  system_stm32f10x.o ABSOLUTE
    RTE\\Device\\STM32F103C8\\system_stm32f10x.c 0x00000000   Number         0  system_stm32f10x.o ABSOLUTE
    dc.s                                     0x00000000   Number         0  dc.o ABSOLUTE
    RESET                                    0x08000000   Section      236  startup_stm32f10x_md.o(RESET)
    !!!main                                  0x080000ec   Section        8  __main.o(!!!main)
    !!!scatter                               0x080000f4   Section       52  __scatter.o(!!!scatter)
    !!dczerorl                               0x08000128   Section       58  __dczerorl.o(!!dczerorl)
    !!handler_zi                             0x08000164   Section       28  __scatter_zi.o(!!handler_zi)
    .ARM.Collect$$_printf_percent$$00000000  0x08000180   Section        0  _printf_percent.o(.ARM.Collect$$_printf_percent$$00000000)
    .ARM.Collect$$_printf_percent$$00000003  0x08000180   Section        6  _printf_f.o(.ARM.Collect$$_printf_percent$$00000003)
    .ARM.Collect$$_printf_percent$$00000009  0x08000186   Section        6  _printf_d.o(.ARM.Collect$$_printf_percent$$00000009)
    .ARM.Collect$$_printf_percent$$0000000C  0x0800018c   Section        6  _printf_x.o(.ARM.Collect$$_printf_percent$$0000000C)
    .ARM.Collect$$_printf_percent$$00000017  0x08000192   Section        4  _printf_percent_end.o(.ARM.Collect$$_printf_percent$$00000017)
    .ARM.Collect$$libinit$$00000000          0x08000196   Section        2  libinit.o(.ARM.Collect$$libinit$$00000000)
    .ARM.Collect$$libinit$$00000002          0x08000198   Section        0  libinit2.o(.ARM.Collect$$libinit$$00000002)
    .ARM.Collect$$libinit$$00000004          0x08000198   Section        0  libinit2.o(.ARM.Collect$$libinit$$00000004)
    .ARM.Collect$$libinit$$0000000A          0x08000198   Section        0  libinit2.o(.ARM.Collect$$libinit$$0000000A)
    .ARM.Collect$$libinit$$0000000C          0x08000198   Section        0  libinit2.o(.ARM.Collect$$libinit$$0000000C)
    .ARM.Collect$$libinit$$0000000E          0x08000198   Section        0  libinit2.o(.ARM.Collect$$libinit$$0000000E)
    .ARM.Collect$$libinit$$0000000F          0x08000198   Section        6  libinit2.o(.ARM.Collect$$libinit$$0000000F)
    .ARM.Collect$$libinit$$00000011          0x0800019e   Section        0  libinit2.o(.ARM.Collect$$libinit$$00000011)
    .ARM.Collect$$libinit$$00000013          0x0800019e   Section        0  libinit2.o(.ARM.Collect$$libinit$$00000013)
    .ARM.Collect$$libinit$$00000015          0x0800019e   Section        0  libinit2.o(.ARM.Collect$$libinit$$00000015)
    .ARM.Collect$$libinit$$00000016          0x0800019e   Section       10  libinit2.o(.ARM.Collect$$libinit$$00000016)
    .ARM.Collect$$libinit$$00000017          0x080001a8   Section        0  libinit2.o(.ARM.Collect$$libinit$$00000017)
    .ARM.Collect$$libinit$$00000019          0x080001a8   Section        0  libinit2.o(.ARM.Collect$$libinit$$00000019)
    .ARM.Collect$$libinit$$0000001B          0x080001a8   Section        0  libinit2.o(.ARM.Collect$$libinit$$0000001B)
    .ARM.Collect$$libinit$$0000001D          0x080001a8   Section        0  libinit2.o(.ARM.Collect$$libinit$$0000001D)
    .ARM.Collect$$libinit$$0000001F          0x080001a8   Section        0  libinit2.o(.ARM.Collect$$libinit$$0000001F)
    .ARM.Collect$$libinit$$00000021          0x080001a8   Section        0  libinit2.o(.ARM.Collect$$libinit$$00000021)
    .ARM.Collect$$libinit$$00000023          0x080001a8   Section        0  libinit2.o(.ARM.Collect$$libinit$$00000023)
    .ARM.Collect$$libinit$$00000025          0x080001a8   Section        0  libinit2.o(.ARM.Collect$$libinit$$00000025)
    .ARM.Collect$$libinit$$0000002C          0x080001a8   Section        0  libinit2.o(.ARM.Collect$$libinit$$0000002C)
    .ARM.Collect$$libinit$$0000002E          0x080001a8   Section        0  libinit2.o(.ARM.Collect$$libinit$$0000002E)
    .ARM.Collect$$libinit$$00000030          0x080001a8   Section        0  libinit2.o(.ARM.Collect$$libinit$$00000030)
    .ARM.Collect$$libinit$$00000031          0x080001a8   Section        4  libinit2.o(.ARM.Collect$$libinit$$00000031)
    .ARM.Collect$$libinit$$00000032          0x080001ac   Section        0  libinit2.o(.ARM.Collect$$libinit$$00000032)
    .ARM.Collect$$libinit$$00000033          0x080001ac   Section        2  libinit2.o(.ARM.Collect$$libinit$$00000033)
    .ARM.Collect$$libshutdown$$00000000      0x080001ae   Section        2  libshutdown.o(.ARM.Collect$$libshutdown$$00000000)
    .ARM.Collect$$libshutdown$$00000002      0x080001b0   Section        0  libshutdown2.o(.ARM.Collect$$libshutdown$$00000002)
    .ARM.Collect$$libshutdown$$00000004      0x080001b0   Section        0  libshutdown2.o(.ARM.Collect$$libshutdown$$00000004)
    .ARM.Collect$$libshutdown$$00000007      0x080001b0   Section        0  libshutdown2.o(.ARM.Collect$$libshutdown$$00000007)
    .ARM.Collect$$libshutdown$$0000000A      0x080001b0   Section        0  libshutdown2.o(.ARM.Collect$$libshutdown$$0000000A)
    .ARM.Collect$$libshutdown$$0000000C      0x080001b0   Section        0  libshutdown2.o(.ARM.Collect$$libshutdown$$0000000C)
    .ARM.Collect$$libshutdown$$0000000F      0x080001b0   Section        0  libshutdown2.o(.ARM.Collect$$libshutdown$$0000000F)
    .ARM.Collect$$libshutdown$$00000010      0x080001b0   Section        2  libshutdown2.o(.ARM.Collect$$libshutdown$$00000010)
    .ARM.Collect$$rtentry$$00000000          0x080001b2   Section        0  __rtentry.o(.ARM.Collect$$rtentry$$00000000)
    .ARM.Collect$$rtentry$$00000002          0x080001b2   Section        0  __rtentry2.o(.ARM.Collect$$rtentry$$00000002)
    .ARM.Collect$$rtentry$$00000004          0x080001b2   Section        6  __rtentry4.o(.ARM.Collect$$rtentry$$00000004)
    .ARM.Collect$$rtentry$$00000009          0x080001b8   Section        0  __rtentry2.o(.ARM.Collect$$rtentry$$00000009)
    .ARM.Collect$$rtentry$$0000000A          0x080001b8   Section        4  __rtentry2.o(.ARM.Collect$$rtentry$$0000000A)
    .ARM.Collect$$rtentry$$0000000C          0x080001bc   Section        0  __rtentry2.o(.ARM.Collect$$rtentry$$0000000C)
    .ARM.Collect$$rtentry$$0000000D          0x080001bc   Section        8  __rtentry2.o(.ARM.Collect$$rtentry$$0000000D)
    .ARM.Collect$$rtexit$$00000000           0x080001c4   Section        2  rtexit.o(.ARM.Collect$$rtexit$$00000000)
    .ARM.Collect$$rtexit$$00000002           0x080001c6   Section        0  rtexit2.o(.ARM.Collect$$rtexit$$00000002)
    .ARM.Collect$$rtexit$$00000003           0x080001c6   Section        4  rtexit2.o(.ARM.Collect$$rtexit$$00000003)
    .ARM.Collect$$rtexit$$00000004           0x080001ca   Section        6  rtexit2.o(.ARM.Collect$$rtexit$$00000004)
    .text                                    0x080001d0   Section       64  startup_stm32f10x_md.o(.text)
    .text                                    0x08000210   Section        0  noretval__2sprintf.o(.text)
    .text                                    0x08000238   Section        0  _printf_pad.o(.text)
    .text                                    0x08000288   Section        0  _printf_dec.o(.text)
    .text                                    0x08000300   Section        0  _printf_hex_int.o(.text)
    .text                                    0x08000358   Section        0  __printf_flags_wp.o(.text)
    .text                                    0x08000490   Section        0  heapauxi.o(.text)
    .text                                    0x08000498   Section        0  init_aeabi.o(.text)
    .text                                    0x080004bc   Section        0  _printf_intcommon.o(.text)
    .text                                    0x0800056e   Section        0  _printf_fp_dec.o(.text)
    _fp_digits                               0x08000571   Thumb Code   428  _printf_fp_dec.o(.text)
    .text                                    0x08000988   Section        0  _printf_char_common.o(.text)
    _printf_input_char                       0x08000989   Thumb Code    10  _printf_char_common.o(.text)
    .text                                    0x080009b8   Section        0  _sputc.o(.text)
    .text                                    0x080009c4   Section        8  rt_locale_intlibspace.o(.text)
    .text                                    0x080009cc   Section      138  lludiv10.o(.text)
    .text                                    0x08000a58   Section        0  _printf_fp_infnan.o(.text)
    .text                                    0x08000ad8   Section        0  bigflt0.o(.text)
    .text                                    0x08000bb4   Section        8  libspace.o(.text)
    .text                                    0x08000bbc   Section       74  sys_stackheap_outer.o(.text)
    .text                                    0x08000c06   Section        0  exit.o(.text)
    .text                                    0x08000c18   Section      128  strcmpv7m.o(.text)
    .text                                    0x08000c98   Section        2  use_no_semi.o(.text)
    .text                                    0x08000c9a   Section        0  indicate_semi.o(.text)
    .text                                    0x08000c9c   Section        0  sys_exit.o(.text)
    CL$$btod_d2e                             0x08000ca8   Section       62  btod.o(CL$$btod_d2e)
    CL$$btod_d2e_denorm_low                  0x08000ce6   Section       70  btod.o(CL$$btod_d2e_denorm_low)
    CL$$btod_d2e_norm_op1                    0x08000d2c   Section       96  btod.o(CL$$btod_d2e_norm_op1)
    CL$$btod_div_common                      0x08000d8c   Section      824  btod.o(CL$$btod_div_common)
    CL$$btod_e2e                             0x080010c4   Section      198  btod.o(CL$$btod_e2e)
    CL$$btod_ediv                            0x0800118a   Section       40  btod.o(CL$$btod_ediv)
    CL$$btod_emul                            0x080011b2   Section       40  btod.o(CL$$btod_emul)
    CL$$btod_mult_common                     0x080011da   Section      580  btod.o(CL$$btod_mult_common)
    i.DMA1_Channel1_IRQHandler               0x08001420   Section        0  lib_dma.o(i.DMA1_Channel1_IRQHandler)
    i.DMA_ClearITPendingBit                  0x08001444   Section        0  stm32f10x_dma.o(i.DMA_ClearITPendingBit)
    i.DMA_GetITStatus                        0x08001460   Section        0  stm32f10x_dma.o(i.DMA_GetITStatus)
    i.GPIO_Init                              0x0800148c   Section        0  stm32f10x_gpio.o(i.GPIO_Init)
    i.GPIO_PinRemapConfig                    0x080015a4   Section        0  stm32f10x_gpio.o(i.GPIO_PinRemapConfig)
    i.GPIO_ResetBits                         0x08001634   Section        0  stm32f10x_gpio.o(i.GPIO_ResetBits)
    i.GPIO_SetBits                           0x08001638   Section        0  stm32f10x_gpio.o(i.GPIO_SetBits)
    i.NVIC_EnableIRQ                         0x0800163c   Section        0  lib_uart.o(i.NVIC_EnableIRQ)
    NVIC_EnableIRQ                           0x0800163d   Thumb Code    22  lib_uart.o(i.NVIC_EnableIRQ)
    i.NVIC_SetPriority                       0x08001654   Section        0  lib_uart.o(i.NVIC_SetPriority)
    NVIC_SetPriority                         0x08001655   Thumb Code    32  lib_uart.o(i.NVIC_SetPriority)
    i.RCC_APB1PeriphClockCmd                 0x0800167c   Section        0  stm32f10x_rcc.o(i.RCC_APB1PeriphClockCmd)
    i.RCC_APB2PeriphClockCmd                 0x0800169c   Section        0  stm32f10x_rcc.o(i.RCC_APB2PeriphClockCmd)
    i.RCC_GetClocksFreq                      0x080016bc   Section        0  stm32f10x_rcc.o(i.RCC_GetClocksFreq)
    i.SetSysClock                            0x08001790   Section        0  system_stm32f10x.o(i.SetSysClock)
    SetSysClock                              0x08001791   Thumb Code     8  system_stm32f10x.o(i.SetSysClock)
    i.SetSysClockTo72                        0x08001798   Section        0  system_stm32f10x.o(i.SetSysClockTo72)
    SetSysClockTo72                          0x08001799   Thumb Code   214  system_stm32f10x.o(i.SetSysClockTo72)
    i.SystemInit                             0x08001878   Section        0  system_stm32f10x.o(i.SystemInit)
    i.UART1_Init                             0x080018d8   Section        0  lib_uart.o(i.UART1_Init)
    i.UART1_Print                            0x080018f0   Section        0  lib_uart.o(i.UART1_Print)
    i.UART1_Scan                             0x08001910   Section        0  lib_uart.o(i.UART1_Scan)
    i.UART2_Init                             0x08001920   Section        0  lib_uart.o(i.UART2_Init)
    i.UART2_Print                            0x08001938   Section        0  lib_uart.o(i.UART2_Print)
    i.UART2_Scan                             0x08001958   Section        0  lib_uart.o(i.UART2_Scan)
    i.UART3_Init                             0x08001968   Section        0  lib_uart.o(i.UART3_Init)
    i.UART3_Print                            0x08001980   Section        0  lib_uart.o(i.UART3_Print)
    i.UART3_Scan                             0x080019a0   Section        0  lib_uart.o(i.UART3_Scan)
    i.UART_FirstInit                         0x080019b0   Section        0  lib_uart.o(i.UART_FirstInit)
    i.UARTx_Init                             0x08001a0c   Section        0  lib_uart.o(i.UARTx_Init)
    i.UARTx_ReceiveData                      0x08001bc4   Section        0  lib_uart.o(i.UARTx_ReceiveData)
    i.UARTx_SendData                         0x08001c54   Section        0  lib_uart.o(i.UARTx_SendData)
    i.USART1_IRQHandler                      0x08001dac   Section        0  lib_uart.o(i.USART1_IRQHandler)
    i.USART2_IRQHandler                      0x08001df0   Section        0  lib_uart.o(i.USART2_IRQHandler)
    i.USART3_IRQHandler                      0x08001e34   Section        0  lib_uart.o(i.USART3_IRQHandler)
    i.USART_Cmd                              0x08001e78   Section        0  stm32f10x_usart.o(i.USART_Cmd)
    i.USART_GetFlagStatus                    0x08001e90   Section        0  stm32f10x_usart.o(i.USART_GetFlagStatus)
    i.USART_ITConfig                         0x08001eaa   Section        0  stm32f10x_usart.o(i.USART_ITConfig)
    i.USART_Init                             0x08001ef4   Section        0  stm32f10x_usart.o(i.USART_Init)
    i.USART_SendData                         0x08001fcc   Section        0  stm32f10x_usart.o(i.USART_SendData)
    i.__ARM_fpclassify                       0x08001fd4   Section        0  fpclassify.o(i.__ARM_fpclassify)
    i._is_digit                              0x08001ffc   Section        0  __printf_wp.o(i._is_digit)
    i.delay_1ms                              0x0800200a   Section        0  main.o(i.delay_1ms)
    i.main                                   0x08002024   Section        0  main.o(i.main)
    locale$$code                             0x08002050   Section       44  lc_numeric_c.o(locale$$code)
    x$fpl$d2f                                0x0800207c   Section       98  d2f.o(x$fpl$d2f)
    x$fpl$dnaninf                            0x080020de   Section      156  dnaninf.o(x$fpl$dnaninf)
    x$fpl$dretinf                            0x0800217a   Section       12  dretinf.o(x$fpl$dretinf)
    x$fpl$f2d                                0x08002188   Section       86  f2d.o(x$fpl$f2d)
    x$fpl$fnaninf                            0x080021de   Section      140  fnaninf.o(x$fpl$fnaninf)
    x$fpl$fretinf                            0x0800226a   Section       10  fretinf.o(x$fpl$fretinf)
    x$fpl$printf1                            0x08002274   Section        4  printf1.o(x$fpl$printf1)
    .constdata                               0x08002278   Section       40  _printf_hex_int.o(.constdata)
    x$fpl$usenofp                            0x08002278   Section        0  usenofp.o(x$fpl$usenofp)
    uc_hextab                                0x08002278   Data          20  _printf_hex_int.o(.constdata)
    lc_hextab                                0x0800228c   Data          20  _printf_hex_int.o(.constdata)
    .constdata                               0x080022a0   Section       17  __printf_flags_wp.o(.constdata)
    maptable                                 0x080022a0   Data          17  __printf_flags_wp.o(.constdata)
    .constdata                               0x080022b4   Section      148  bigflt0.o(.constdata)
    tenpwrs_x                                0x080022b4   Data          60  bigflt0.o(.constdata)
    tenpwrs_i                                0x080022f0   Data          64  bigflt0.o(.constdata)
    locale$$data                             0x08002368   Section       28  lc_numeric_c.o(locale$$data)
    __lcnum_c_name                           0x0800236c   Data           2  lc_numeric_c.o(locale$$data)
    __lcnum_c_start                          0x08002374   Data           0  lc_numeric_c.o(locale$$data)
    __lcnum_c_point                          0x08002380   Data           0  lc_numeric_c.o(locale$$data)
    __lcnum_c_thousands                      0x08002382   Data           0  lc_numeric_c.o(locale$$data)
    __lcnum_c_grouping                       0x08002383   Data           0  lc_numeric_c.o(locale$$data)
    .init_array                              0x08002384   Section        4  lib_uart.o(.init_array)
    __lcnum_c_end                            0x08002384   Data           0  lc_numeric_c.o(locale$$data)
    .init_array                              0x08002388   Section        0  init_aeabi.o(.init_array)
    .data                                    0x20000000   Section        4  lib_dma.o(.data)
    dma1_ch1_callback                        0x20000000   Data           4  lib_dma.o(.data)
    .data                                    0x20000004   Section      396  lib_uart.o(.data)
    .data                                    0x20000190   Section       20  stm32f10x_rcc.o(.data)
    APBAHBPrescTable                         0x20000190   Data          16  stm32f10x_rcc.o(.data)
    ADCPrescTable                            0x200001a0   Data           4  stm32f10x_rcc.o(.data)
    .bss                                     0x200001a4   Section       86  lib_uart.o(.bss)
    .bss                                     0x200001fc   Section       96  libspace.o(.bss)
    HEAP                                     0x20000260   Section      512  startup_stm32f10x_md.o(HEAP)
    Heap_Mem                                 0x20000260   Data         512  startup_stm32f10x_md.o(HEAP)
    STACK                                    0x20000460   Section     1024  startup_stm32f10x_md.o(STACK)
    Stack_Mem                                0x20000460   Data        1024  startup_stm32f10x_md.o(STACK)
    __initial_sp                             0x20000860   Data           0  startup_stm32f10x_md.o(STACK)

    Global Symbols

    Symbol Name                              Value     Ov Type        Size  Object(Section)

    BuildAttributes$$THM_ISAv4$P$D$K$B$S$PE$A:L22UL41UL21$X:L11$S22US41US21$IEEE1$IW$USESV6$~STKCKD$USESV7$~SHL$OTIME$ROPI$IEEEJ$EBA8$UX$STANDARDLIB$REQ8$PRES8$EABIv2 0x00000000   Number         0  anon$$obj.o ABSOLUTE
    __ARM_use_no_argv                        0x00000000   Number         0  main.o ABSOLUTE
    _printf_flags                            0x00000000   Number         0  printf_stubs.o ABSOLUTE
    _printf_return_value                     0x00000000   Number         0  printf_stubs.o ABSOLUTE
    _printf_sizespec                         0x00000000   Number         0  printf_stubs.o ABSOLUTE
    _printf_widthprec                        0x00000000   Number         0  printf_stubs.o ABSOLUTE
    __ARM_exceptions_init                     - Undefined Weak Reference
    __alloca_initialize                       - Undefined Weak Reference
    __arm_preinit_                            - Undefined Weak Reference
    __cxa_finalize                            - Undefined Weak Reference
    __sigvec_lookup                           - Undefined Weak Reference
    _atexit_init                              - Undefined Weak Reference
    _call_atexit_fns                          - Undefined Weak Reference
    _clock_init                               - Undefined Weak Reference
    _fp_trap_init                             - Undefined Weak Reference
    _fp_trap_shutdown                         - Undefined Weak Reference
    _get_lc_collate                           - Undefined Weak Reference
    _get_lc_ctype                             - Undefined Weak Reference
    _get_lc_monetary                          - Undefined Weak Reference
    _get_lc_time                              - Undefined Weak Reference
    _getenv_init                              - Undefined Weak Reference
    _handle_redirection                       - Undefined Weak Reference
    _init_alloc                               - Undefined Weak Reference
    _init_user_alloc                          - Undefined Weak Reference
    _initio                                   - Undefined Weak Reference
    _printf_truncate_signed                   - Undefined Weak Reference
    _printf_truncate_unsigned                 - Undefined Weak Reference
    _rand_init                                - Undefined Weak Reference
    _signal_finish                            - Undefined Weak Reference
    _signal_init                              - Undefined Weak Reference
    _terminate_alloc                          - Undefined Weak Reference
    _terminate_user_alloc                     - Undefined Weak Reference
    _terminateio                              - Undefined Weak Reference
    __Vectors_Size                           0x000000ec   Number         0  startup_stm32f10x_md.o ABSOLUTE
    __Vectors                                0x08000000   Data           4  startup_stm32f10x_md.o(RESET)
    __Vectors_End                            0x080000ec   Data           0  startup_stm32f10x_md.o(RESET)
    __main                                   0x080000ed   Thumb Code     8  __main.o(!!!main)
    __scatterload                            0x080000f5   Thumb Code     0  __scatter.o(!!!scatter)
    __scatterload_rt2                        0x080000f5   Thumb Code    44  __scatter.o(!!!scatter)
    __scatterload_rt2_thumb_only             0x080000f5   Thumb Code     0  __scatter.o(!!!scatter)
    __scatterload_null                       0x08000103   Thumb Code     0  __scatter.o(!!!scatter)
    __decompress                             0x08000129   Thumb Code    58  __dczerorl.o(!!dczerorl)
    __decompress0                            0x08000129   Thumb Code     0  __dczerorl.o(!!dczerorl)
    __scatterload_zeroinit                   0x08000165   Thumb Code    28  __scatter_zi.o(!!handler_zi)
    _printf_f                                0x08000181   Thumb Code     0  _printf_f.o(.ARM.Collect$$_printf_percent$$00000003)
    _printf_percent                          0x08000181   Thumb Code     0  _printf_percent.o(.ARM.Collect$$_printf_percent$$00000000)
    _printf_d                                0x08000187   Thumb Code     0  _printf_d.o(.ARM.Collect$$_printf_percent$$00000009)
    _printf_x                                0x0800018d   Thumb Code     0  _printf_x.o(.ARM.Collect$$_printf_percent$$0000000C)
    _printf_percent_end                      0x08000193   Thumb Code     0  _printf_percent_end.o(.ARM.Collect$$_printf_percent$$00000017)
    __rt_lib_init                            0x08000197   Thumb Code     0  libinit.o(.ARM.Collect$$libinit$$00000000)
    __rt_lib_init_fp_1                       0x08000199   Thumb Code     0  libinit2.o(.ARM.Collect$$libinit$$00000002)
    __rt_lib_init_heap_1                     0x08000199   Thumb Code     0  libinit2.o(.ARM.Collect$$libinit$$0000000A)
    __rt_lib_init_lc_common                  0x08000199   Thumb Code     0  libinit2.o(.ARM.Collect$$libinit$$0000000F)
    __rt_lib_init_preinit_1                  0x08000199   Thumb Code     0  libinit2.o(.ARM.Collect$$libinit$$00000004)
    __rt_lib_init_rand_1                     0x08000199   Thumb Code     0  libinit2.o(.ARM.Collect$$libinit$$0000000E)
    __rt_lib_init_user_alloc_1               0x08000199   Thumb Code     0  libinit2.o(.ARM.Collect$$libinit$$0000000C)
    __rt_lib_init_lc_collate_1               0x0800019f   Thumb Code     0  libinit2.o(.ARM.Collect$$libinit$$00000011)
    __rt_lib_init_lc_ctype_1                 0x0800019f   Thumb Code     0  libinit2.o(.ARM.Collect$$libinit$$00000013)
    __rt_lib_init_lc_monetary_1              0x0800019f   Thumb Code     0  libinit2.o(.ARM.Collect$$libinit$$00000015)
    __rt_lib_init_lc_numeric_2               0x0800019f   Thumb Code     0  libinit2.o(.ARM.Collect$$libinit$$00000016)
    __rt_lib_init_alloca_1                   0x080001a9   Thumb Code     0  libinit2.o(.ARM.Collect$$libinit$$0000002E)
    __rt_lib_init_argv_1                     0x080001a9   Thumb Code     0  libinit2.o(.ARM.Collect$$libinit$$0000002C)
    __rt_lib_init_atexit_1                   0x080001a9   Thumb Code     0  libinit2.o(.ARM.Collect$$libinit$$0000001B)
    __rt_lib_init_clock_1                    0x080001a9   Thumb Code     0  libinit2.o(.ARM.Collect$$libinit$$00000021)
    __rt_lib_init_cpp_2                      0x080001a9   Thumb Code     0  libinit2.o(.ARM.Collect$$libinit$$00000031)
    __rt_lib_init_exceptions_1               0x080001a9   Thumb Code     0  libinit2.o(.ARM.Collect$$libinit$$00000030)
    __rt_lib_init_fp_trap_1                  0x080001a9   Thumb Code     0  libinit2.o(.ARM.Collect$$libinit$$0000001F)
    __rt_lib_init_getenv_1                   0x080001a9   Thumb Code     0  libinit2.o(.ARM.Collect$$libinit$$00000023)
    __rt_lib_init_lc_numeric_1               0x080001a9   Thumb Code     0  libinit2.o(.ARM.Collect$$libinit$$00000017)
    __rt_lib_init_lc_time_1                  0x080001a9   Thumb Code     0  libinit2.o(.ARM.Collect$$libinit$$00000019)
    __rt_lib_init_signal_1                   0x080001a9   Thumb Code     0  libinit2.o(.ARM.Collect$$libinit$$0000001D)
    __rt_lib_init_stdio_1                    0x080001a9   Thumb Code     0  libinit2.o(.ARM.Collect$$libinit$$00000025)
    __rt_lib_init_cpp_1                      0x080001ad   Thumb Code     0  libinit2.o(.ARM.Collect$$libinit$$00000032)
    __rt_lib_init_return                     0x080001ad   Thumb Code     0  libinit2.o(.ARM.Collect$$libinit$$00000033)
    __rt_lib_shutdown                        0x080001af   Thumb Code     0  libshutdown.o(.ARM.Collect$$libshutdown$$00000000)
    __rt_lib_shutdown_cpp_1                  0x080001b1   Thumb Code     0  libshutdown2.o(.ARM.Collect$$libshutdown$$00000002)
    __rt_lib_shutdown_fp_trap_1              0x080001b1   Thumb Code     0  libshutdown2.o(.ARM.Collect$$libshutdown$$00000007)
    __rt_lib_shutdown_heap_1                 0x080001b1   Thumb Code     0  libshutdown2.o(.ARM.Collect$$libshutdown$$0000000F)
    __rt_lib_shutdown_return                 0x080001b1   Thumb Code     0  libshutdown2.o(.ARM.Collect$$libshutdown$$00000010)
    __rt_lib_shutdown_signal_1               0x080001b1   Thumb Code     0  libshutdown2.o(.ARM.Collect$$libshutdown$$0000000A)
    __rt_lib_shutdown_stdio_1                0x080001b1   Thumb Code     0  libshutdown2.o(.ARM.Collect$$libshutdown$$00000004)
    __rt_lib_shutdown_user_alloc_1           0x080001b1   Thumb Code     0  libshutdown2.o(.ARM.Collect$$libshutdown$$0000000C)
    __rt_entry                               0x080001b3   Thumb Code     0  __rtentry.o(.ARM.Collect$$rtentry$$00000000)
    __rt_entry_presh_1                       0x080001b3   Thumb Code     0  __rtentry2.o(.ARM.Collect$$rtentry$$00000002)
    __rt_entry_sh                            0x080001b3   Thumb Code     0  __rtentry4.o(.ARM.Collect$$rtentry$$00000004)
    __rt_entry_li                            0x080001b9   Thumb Code     0  __rtentry2.o(.ARM.Collect$$rtentry$$0000000A)
    __rt_entry_postsh_1                      0x080001b9   Thumb Code     0  __rtentry2.o(.ARM.Collect$$rtentry$$00000009)
    __rt_entry_main                          0x080001bd   Thumb Code     0  __rtentry2.o(.ARM.Collect$$rtentry$$0000000D)
    __rt_entry_postli_1                      0x080001bd   Thumb Code     0  __rtentry2.o(.ARM.Collect$$rtentry$$0000000C)
    __rt_exit                                0x080001c5   Thumb Code     0  rtexit.o(.ARM.Collect$$rtexit$$00000000)
    __rt_exit_ls                             0x080001c7   Thumb Code     0  rtexit2.o(.ARM.Collect$$rtexit$$00000003)
    __rt_exit_prels_1                        0x080001c7   Thumb Code     0  rtexit2.o(.ARM.Collect$$rtexit$$00000002)
    __rt_exit_exit                           0x080001cb   Thumb Code     0  rtexit2.o(.ARM.Collect$$rtexit$$00000004)
    Reset_Handler                            0x080001d1   Thumb Code     8  startup_stm32f10x_md.o(.text)
    NMI_Handler                              0x080001d9   Thumb Code     2  startup_stm32f10x_md.o(.text)
    HardFault_Handler                        0x080001db   Thumb Code     2  startup_stm32f10x_md.o(.text)
    MemManage_Handler                        0x080001dd   Thumb Code     2  startup_stm32f10x_md.o(.text)
    BusFault_Handler                         0x080001df   Thumb Code     2  startup_stm32f10x_md.o(.text)
    UsageFault_Handler                       0x080001e1   Thumb Code     2  startup_stm32f10x_md.o(.text)
    SVC_Handler                              0x080001e3   Thumb Code     2  startup_stm32f10x_md.o(.text)
    DebugMon_Handler                         0x080001e5   Thumb Code     2  startup_stm32f10x_md.o(.text)
    PendSV_Handler                           0x080001e7   Thumb Code     2  startup_stm32f10x_md.o(.text)
    SysTick_Handler                          0x080001e9   Thumb Code     2  startup_stm32f10x_md.o(.text)
    ADC1_2_IRQHandler                        0x080001eb   Thumb Code     0  startup_stm32f10x_md.o(.text)
    CAN1_RX1_IRQHandler                      0x080001eb   Thumb Code     0  startup_stm32f10x_md.o(.text)
    CAN1_SCE_IRQHandler                      0x080001eb   Thumb Code     0  startup_stm32f10x_md.o(.text)
    DMA1_Channel2_IRQHandler                 0x080001eb   Thumb Code     0  startup_stm32f10x_md.o(.text)
    DMA1_Channel3_IRQHandler                 0x080001eb   Thumb Code     0  startup_stm32f10x_md.o(.text)
    DMA1_Channel4_IRQHandler                 0x080001eb   Thumb Code     0  startup_stm32f10x_md.o(.text)
    DMA1_Channel5_IRQHandler                 0x080001eb   Thumb Code     0  startup_stm32f10x_md.o(.text)
    DMA1_Channel6_IRQHandler                 0x080001eb   Thumb Code     0  startup_stm32f10x_md.o(.text)
    DMA1_Channel7_IRQHandler                 0x080001eb   Thumb Code     0  startup_stm32f10x_md.o(.text)
    EXTI0_IRQHandler                         0x080001eb   Thumb Code     0  startup_stm32f10x_md.o(.text)
    EXTI15_10_IRQHandler                     0x080001eb   Thumb Code     0  startup_stm32f10x_md.o(.text)
    EXTI1_IRQHandler                         0x080001eb   Thumb Code     0  startup_stm32f10x_md.o(.text)
    EXTI2_IRQHandler                         0x080001eb   Thumb Code     0  startup_stm32f10x_md.o(.text)
    EXTI3_IRQHandler                         0x080001eb   Thumb Code     0  startup_stm32f10x_md.o(.text)
    EXTI4_IRQHandler                         0x080001eb   Thumb Code     0  startup_stm32f10x_md.o(.text)
    EXTI9_5_IRQHandler                       0x080001eb   Thumb Code     0  startup_stm32f10x_md.o(.text)
    FLASH_IRQHandler                         0x080001eb   Thumb Code     0  startup_stm32f10x_md.o(.text)
    I2C1_ER_IRQHandler                       0x080001eb   Thumb Code     0  startup_stm32f10x_md.o(.text)
    I2C1_EV_IRQHandler                       0x080001eb   Thumb Code     0  startup_stm32f10x_md.o(.text)
    I2C2_ER_IRQHandler                       0x080001eb   Thumb Code     0  startup_stm32f10x_md.o(.text)
    I2C2_EV_IRQHandler                       0x080001eb   Thumb Code     0  startup_stm32f10x_md.o(.text)
    PVD_IRQHandler                           0x080001eb   Thumb Code     0  startup_stm32f10x_md.o(.text)
    RCC_IRQHandler                           0x080001eb   Thumb Code     0  startup_stm32f10x_md.o(.text)
    RTCAlarm_IRQHandler                      0x080001eb   Thumb Code     0  startup_stm32f10x_md.o(.text)
    RTC_IRQHandler                           0x080001eb   Thumb Code     0  startup_stm32f10x_md.o(.text)
    SPI1_IRQHandler                          0x080001eb   Thumb Code     0  startup_stm32f10x_md.o(.text)
    SPI2_IRQHandler                          0x080001eb   Thumb Code     0  startup_stm32f10x_md.o(.text)
    TAMPER_IRQHandler                        0x080001eb   Thumb Code     0  startup_stm32f10x_md.o(.text)
    TIM1_BRK_IRQHandler                      0x080001eb   Thumb Code     0  startup_stm32f10x_md.o(.text)
    TIM1_CC_IRQHandler                       0x080001eb   Thumb Code     0  startup_stm32f10x_md.o(.text)
    TIM1_TRG_COM_IRQHandler                  0x080001eb   Thumb Code     0  startup_stm32f10x_md.o(.text)
    TIM1_UP_IRQHandler                       0x080001eb   Thumb Code     0  startup_stm32f10x_md.o(.text)
    TIM2_IRQHandler                          0x080001eb   Thumb Code     0  startup_stm32f10x_md.o(.text)
    TIM3_IRQHandler                          0x080001eb   Thumb Code     0  startup_stm32f10x_md.o(.text)
    TIM4_IRQHandler                          0x080001eb   Thumb Code     0  startup_stm32f10x_md.o(.text)
    USBWakeUp_IRQHandler                     0x080001eb   Thumb Code     0  startup_stm32f10x_md.o(.text)
    USB_HP_CAN1_TX_IRQHandler                0x080001eb   Thumb Code     0  startup_stm32f10x_md.o(.text)
    USB_LP_CAN1_RX0_IRQHandler               0x080001eb   Thumb Code     0  startup_stm32f10x_md.o(.text)
    WWDG_IRQHandler                          0x080001eb   Thumb Code     0  startup_stm32f10x_md.o(.text)
    __user_initial_stackheap                 0x080001ed   Thumb Code     0  startup_stm32f10x_md.o(.text)
    __2sprintf                               0x08000211   Thumb Code    34  noretval__2sprintf.o(.text)
    _printf_pre_padding                      0x08000239   Thumb Code    44  _printf_pad.o(.text)
    _printf_post_padding                     0x08000265   Thumb Code    34  _printf_pad.o(.text)
    _printf_int_dec                          0x08000289   Thumb Code   104  _printf_dec.o(.text)
    _printf_int_hex                          0x08000301   Thumb Code    84  _printf_hex_int.o(.text)
    _printf_longlong_hex                     0x08000301   Thumb Code     0  _printf_hex_int.o(.text)
    __printf                                 0x08000359   Thumb Code   308  __printf_flags_wp.o(.text)
    __use_two_region_memory                  0x08000491   Thumb Code     2  heapauxi.o(.text)
    __rt_heap_escrow$2region                 0x08000493   Thumb Code     2  heapauxi.o(.text)
    __rt_heap_expand$2region                 0x08000495   Thumb Code     2  heapauxi.o(.text)
    __cpp_initialize__aeabi_                 0x08000499   Thumb Code    26  init_aeabi.o(.text)
    _printf_int_common                       0x080004bd   Thumb Code   178  _printf_intcommon.o(.text)
    __lib_sel_fp_printf                      0x0800056f   Thumb Code     2  _printf_fp_dec.o(.text)
    _printf_fp_dec_real                      0x0800071d   Thumb Code   620  _printf_fp_dec.o(.text)
    _printf_char_common                      0x08000993   Thumb Code    32  _printf_char_common.o(.text)
    _sputc                                   0x080009b9   Thumb Code    10  _sputc.o(.text)
    __rt_locale                              0x080009c5   Thumb Code     8  rt_locale_intlibspace.o(.text)
    _ll_udiv10                               0x080009cd   Thumb Code   138  lludiv10.o(.text)
    _printf_fp_infnan                        0x08000a59   Thumb Code   112  _printf_fp_infnan.o(.text)
    _btod_etento                             0x08000ad9   Thumb Code   216  bigflt0.o(.text)
    __user_libspace                          0x08000bb5   Thumb Code     8  libspace.o(.text)
    __user_perproc_libspace                  0x08000bb5   Thumb Code     0  libspace.o(.text)
    __user_perthread_libspace                0x08000bb5   Thumb Code     0  libspace.o(.text)
    __user_setup_stackheap                   0x08000bbd   Thumb Code    74  sys_stackheap_outer.o(.text)
    exit                                     0x08000c07   Thumb Code    18  exit.o(.text)
    strcmp                                   0x08000c19   Thumb Code   128  strcmpv7m.o(.text)
    __I$use$semihosting                      0x08000c99   Thumb Code     0  use_no_semi.o(.text)
    __use_no_semihosting_swi                 0x08000c99   Thumb Code     2  use_no_semi.o(.text)
    __semihosting_library_function           0x08000c9b   Thumb Code     0  indicate_semi.o(.text)
    _sys_exit                                0x08000c9d   Thumb Code     8  sys_exit.o(.text)
    _btod_d2e                                0x08000ca9   Thumb Code    62  btod.o(CL$$btod_d2e)
    _d2e_denorm_low                          0x08000ce7   Thumb Code    70  btod.o(CL$$btod_d2e_denorm_low)
    _d2e_norm_op1                            0x08000d2d   Thumb Code    96  btod.o(CL$$btod_d2e_norm_op1)
    __btod_div_common                        0x08000d8d   Thumb Code   696  btod.o(CL$$btod_div_common)
    _e2e                                     0x080010c5   Thumb Code   198  btod.o(CL$$btod_e2e)
    _btod_ediv                               0x0800118b   Thumb Code    40  btod.o(CL$$btod_ediv)
    _btod_emul                               0x080011b3   Thumb Code    40  btod.o(CL$$btod_emul)
    __btod_mult_common                       0x080011db   Thumb Code   580  btod.o(CL$$btod_mult_common)
    DMA1_Channel1_IRQHandler                 0x08001421   Thumb Code    30  lib_dma.o(i.DMA1_Channel1_IRQHandler)
    DMA_ClearITPendingBit                    0x08001445   Thumb Code    18  stm32f10x_dma.o(i.DMA_ClearITPendingBit)
    DMA_GetITStatus                          0x08001461   Thumb Code    36  stm32f10x_dma.o(i.DMA_GetITStatus)
    GPIO_Init                                0x0800148d   Thumb Code   278  stm32f10x_gpio.o(i.GPIO_Init)
    GPIO_PinRemapConfig                      0x080015a5   Thumb Code   138  stm32f10x_gpio.o(i.GPIO_PinRemapConfig)
    GPIO_ResetBits                           0x08001635   Thumb Code     4  stm32f10x_gpio.o(i.GPIO_ResetBits)
    GPIO_SetBits                             0x08001639   Thumb Code     4  stm32f10x_gpio.o(i.GPIO_SetBits)
    RCC_APB1PeriphClockCmd                   0x0800167d   Thumb Code    26  stm32f10x_rcc.o(i.RCC_APB1PeriphClockCmd)
    RCC_APB2PeriphClockCmd                   0x0800169d   Thumb Code    26  stm32f10x_rcc.o(i.RCC_APB2PeriphClockCmd)
    RCC_GetClocksFreq                        0x080016bd   Thumb Code   192  stm32f10x_rcc.o(i.RCC_GetClocksFreq)
    SystemInit                               0x08001879   Thumb Code    78  system_stm32f10x.o(i.SystemInit)
    UART1_Init                               0x080018d9   Thumb Code    18  lib_uart.o(i.UART1_Init)
    UART1_Print                              0x080018f1   Thumb Code    28  lib_uart.o(i.UART1_Print)
    UART1_Scan                               0x08001911   Thumb Code    14  lib_uart.o(i.UART1_Scan)
    UART2_Init                               0x08001921   Thumb Code    18  lib_uart.o(i.UART2_Init)
    UART2_Print                              0x08001939   Thumb Code    28  lib_uart.o(i.UART2_Print)
    UART2_Scan                               0x08001959   Thumb Code    14  lib_uart.o(i.UART2_Scan)
    UART3_Init                               0x08001969   Thumb Code    18  lib_uart.o(i.UART3_Init)
    UART3_Print                              0x08001981   Thumb Code    28  lib_uart.o(i.UART3_Print)
    UART3_Scan                               0x080019a1   Thumb Code    14  lib_uart.o(i.UART3_Scan)
    UART_FirstInit                           0x080019b1   Thumb Code    44  lib_uart.o(i.UART_FirstInit)
    UARTx_Init                               0x08001a0d   Thumb Code   418  lib_uart.o(i.UARTx_Init)
    UARTx_ReceiveData                        0x08001bc5   Thumb Code   126  lib_uart.o(i.UARTx_ReceiveData)
    UARTx_SendData                           0x08001c55   Thumb Code   322  lib_uart.o(i.UARTx_SendData)
    USART1_IRQHandler                        0x08001dad   Thumb Code    52  lib_uart.o(i.USART1_IRQHandler)
    USART2_IRQHandler                        0x08001df1   Thumb Code    50  lib_uart.o(i.USART2_IRQHandler)
    USART3_IRQHandler                        0x08001e35   Thumb Code    50  lib_uart.o(i.USART3_IRQHandler)
    USART_Cmd                                0x08001e79   Thumb Code    24  stm32f10x_usart.o(i.USART_Cmd)
    USART_GetFlagStatus                      0x08001e91   Thumb Code    26  stm32f10x_usart.o(i.USART_GetFlagStatus)
    USART_ITConfig                           0x08001eab   Thumb Code    74  stm32f10x_usart.o(i.USART_ITConfig)
    USART_Init                               0x08001ef5   Thumb Code   210  stm32f10x_usart.o(i.USART_Init)
    USART_SendData                           0x08001fcd   Thumb Code     8  stm32f10x_usart.o(i.USART_SendData)
    __ARM_fpclassify                         0x08001fd5   Thumb Code    40  fpclassify.o(i.__ARM_fpclassify)
    _is_digit                                0x08001ffd   Thumb Code    14  __printf_wp.o(i._is_digit)
    delay_1ms                                0x0800200b   Thumb Code    26  main.o(i.delay_1ms)
    main                                     0x08002025   Thumb Code    40  main.o(i.main)
    _get_lc_numeric                          0x08002051   Thumb Code    44  lc_numeric_c.o(locale$$code)
    __aeabi_d2f                              0x0800207d   Thumb Code     0  d2f.o(x$fpl$d2f)
    _d2f                                     0x0800207d   Thumb Code    98  d2f.o(x$fpl$d2f)
    __fpl_dnaninf                            0x080020df   Thumb Code   156  dnaninf.o(x$fpl$dnaninf)
    __fpl_dretinf                            0x0800217b   Thumb Code    12  dretinf.o(x$fpl$dretinf)
    __aeabi_f2d                              0x08002189   Thumb Code     0  f2d.o(x$fpl$f2d)
    _f2d                                     0x08002189   Thumb Code    86  f2d.o(x$fpl$f2d)
    __fpl_fnaninf                            0x080021df   Thumb Code   140  fnaninf.o(x$fpl$fnaninf)
    __fpl_fretinf                            0x0800226b   Thumb Code    10  fretinf.o(x$fpl$fretinf)
    _printf_fp_dec                           0x08002275   Thumb Code     4  printf1.o(x$fpl$printf1)
    __I$use$fp                               0x08002278   Number         0  usenofp.o(x$fpl$usenofp)
    Region$$Table$$Base                      0x08002348   Number         0  anon$$obj.o(Region$$Table)
    Region$$Table$$Limit                     0x08002368   Number         0  anon$$obj.o(Region$$Table)
    SHT$$INIT_ARRAY$$Base                    0x08002384   Number         0  lib_uart.o(.init_array)
    SHT$$INIT_ARRAY$$Limit                   0x08002388   Number         0  init_aeabi.o(.init_array)
    UARTx_dataReceived                       0x20000004   Data         390  lib_uart.o(.data)
    UARTx_rx_flag                            0x2000018a   Data           3  lib_uart.o(.data)
    UARTx_idx                                0x2000018d   Data           3  lib_uart.o(.data)
    UART1                                    0x200001a4   Data          12  lib_uart.o(.bss)
    UART2                                    0x200001b0   Data          12  lib_uart.o(.bss)
    UART3                                    0x200001bc   Data          12  lib_uart.o(.bss)
    number                                   0x200001c8   Data          50  lib_uart.o(.bss)
    __libspace_start                         0x200001fc   Data          96  libspace.o(.bss)
    __temporary_stack_top$libspace           0x2000025c   Data           0  libspace.o(.bss)



==============================================================================

Memory Map of the image

  Image Entry point : 0x080000ed

  Load Region LR_IROM1 (Base: 0x08000000, Size: 0x0000252c, Max: 0x00010000, ABSOLUTE, COMPRESSED[0x000023a4])

    Execution Region ER_IROM1 (Base: 0x08000000, Size: 0x00002388, Max: 0x00010000, ABSOLUTE)

    Base Addr    Size         Type   Attr      Idx    E Section Name        Object

    0x08000000   0x000000ec   Data   RO         1788    RESET               startup_stm32f10x_md.o
    0x080000ec   0x00000008   Code   RO         1898  * !!!main             c_w.l(__main.o)
    0x080000f4   0x00000034   Code   RO         2132    !!!scatter          c_w.l(__scatter.o)
    0x08000128   0x0000003a   Code   RO         2130    !!dczerorl          c_w.l(__dczerorl.o)
    0x08000162   0x00000002   PAD
    0x08000164   0x0000001c   Code   RO         2134    !!handler_zi        c_w.l(__scatter_zi.o)
    0x08000180   0x00000000   Code   RO         1895    .ARM.Collect$$_printf_percent$$00000000  c_w.l(_printf_percent.o)
    0x08000180   0x00000006   Code   RO         1894    .ARM.Collect$$_printf_percent$$00000003  c_w.l(_printf_f.o)
    0x08000186   0x00000006   Code   RO         1893    .ARM.Collect$$_printf_percent$$00000009  c_w.l(_printf_d.o)
    0x0800018c   0x00000006   Code   RO         1892    .ARM.Collect$$_printf_percent$$0000000C  c_w.l(_printf_x.o)
    0x08000192   0x00000004   Code   RO         1921    .ARM.Collect$$_printf_percent$$00000017  c_w.l(_printf_percent_end.o)
    0x08000196   0x00000002   Code   RO         2056    .ARM.Collect$$libinit$$00000000  c_w.l(libinit.o)
    0x08000198   0x00000000   Code   RO         1923    .ARM.Collect$$libinit$$00000002  c_w.l(libinit2.o)
    0x08000198   0x00000000   Code   RO         1925    .ARM.Collect$$libinit$$00000004  c_w.l(libinit2.o)
    0x08000198   0x00000000   Code   RO         1928    .ARM.Collect$$libinit$$0000000A  c_w.l(libinit2.o)
    0x08000198   0x00000000   Code   RO         1930    .ARM.Collect$$libinit$$0000000C  c_w.l(libinit2.o)
    0x08000198   0x00000000   Code   RO         1932    .ARM.Collect$$libinit$$0000000E  c_w.l(libinit2.o)
    0x08000198   0x00000006   Code   RO         1933    .ARM.Collect$$libinit$$0000000F  c_w.l(libinit2.o)
    0x0800019e   0x00000000   Code   RO         1935    .ARM.Collect$$libinit$$00000011  c_w.l(libinit2.o)
    0x0800019e   0x00000000   Code   RO         1937    .ARM.Collect$$libinit$$00000013  c_w.l(libinit2.o)
    0x0800019e   0x00000000   Code   RO         1939    .ARM.Collect$$libinit$$00000015  c_w.l(libinit2.o)
    0x0800019e   0x0000000a   Code   RO         1940    .ARM.Collect$$libinit$$00000016  c_w.l(libinit2.o)
    0x080001a8   0x00000000   Code   RO         1941    .ARM.Collect$$libinit$$00000017  c_w.l(libinit2.o)
    0x080001a8   0x00000000   Code   RO         1943    .ARM.Collect$$libinit$$00000019  c_w.l(libinit2.o)
    0x080001a8   0x00000000   Code   RO         1945    .ARM.Collect$$libinit$$0000001B  c_w.l(libinit2.o)
    0x080001a8   0x00000000   Code   RO         1947    .ARM.Collect$$libinit$$0000001D  c_w.l(libinit2.o)
    0x080001a8   0x00000000   Code   RO         1949    .ARM.Collect$$libinit$$0000001F  c_w.l(libinit2.o)
    0x080001a8   0x00000000   Code   RO         1951    .ARM.Collect$$libinit$$00000021  c_w.l(libinit2.o)
    0x080001a8   0x00000000   Code   RO         1953    .ARM.Collect$$libinit$$00000023  c_w.l(libinit2.o)
    0x080001a8   0x00000000   Code   RO         1955    .ARM.Collect$$libinit$$00000025  c_w.l(libinit2.o)
    0x080001a8   0x00000000   Code   RO         1959    .ARM.Collect$$libinit$$0000002C  c_w.l(libinit2.o)
    0x080001a8   0x00000000   Code   RO         1961    .ARM.Collect$$libinit$$0000002E  c_w.l(libinit2.o)
    0x080001a8   0x00000000   Code   RO         1963    .ARM.Collect$$libinit$$00000030  c_w.l(libinit2.o)
    0x080001a8   0x00000004   Code   RO         1964    .ARM.Collect$$libinit$$00000031  c_w.l(libinit2.o)
    0x080001ac   0x00000000   Code   RO         1965    .ARM.Collect$$libinit$$00000032  c_w.l(libinit2.o)
    0x080001ac   0x00000002   Code   RO         1966    .ARM.Collect$$libinit$$00000033  c_w.l(libinit2.o)
    0x080001ae   0x00000002   Code   RO         2091    .ARM.Collect$$libshutdown$$00000000  c_w.l(libshutdown.o)
    0x080001b0   0x00000000   Code   RO         2097    .ARM.Collect$$libshutdown$$00000002  c_w.l(libshutdown2.o)
    0x080001b0   0x00000000   Code   RO         2099    .ARM.Collect$$libshutdown$$00000004  c_w.l(libshutdown2.o)
    0x080001b0   0x00000000   Code   RO         2102    .ARM.Collect$$libshutdown$$00000007  c_w.l(libshutdown2.o)
    0x080001b0   0x00000000   Code   RO         2105    .ARM.Collect$$libshutdown$$0000000A  c_w.l(libshutdown2.o)
    0x080001b0   0x00000000   Code   RO         2107    .ARM.Collect$$libshutdown$$0000000C  c_w.l(libshutdown2.o)
    0x080001b0   0x00000000   Code   RO         2110    .ARM.Collect$$libshutdown$$0000000F  c_w.l(libshutdown2.o)
    0x080001b0   0x00000002   Code   RO         2111    .ARM.Collect$$libshutdown$$00000010  c_w.l(libshutdown2.o)
    0x080001b2   0x00000000   Code   RO         1912    .ARM.Collect$$rtentry$$00000000  c_w.l(__rtentry.o)
    0x080001b2   0x00000000   Code   RO         1977    .ARM.Collect$$rtentry$$00000002  c_w.l(__rtentry2.o)
    0x080001b2   0x00000006   Code   RO         1989    .ARM.Collect$$rtentry$$00000004  c_w.l(__rtentry4.o)
    0x080001b8   0x00000000   Code   RO         1979    .ARM.Collect$$rtentry$$00000009  c_w.l(__rtentry2.o)
    0x080001b8   0x00000004   Code   RO         1980    .ARM.Collect$$rtentry$$0000000A  c_w.l(__rtentry2.o)
    0x080001bc   0x00000000   Code   RO         1982    .ARM.Collect$$rtentry$$0000000C  c_w.l(__rtentry2.o)
    0x080001bc   0x00000008   Code   RO         1983    .ARM.Collect$$rtentry$$0000000D  c_w.l(__rtentry2.o)
    0x080001c4   0x00000002   Code   RO         2059    .ARM.Collect$$rtexit$$00000000  c_w.l(rtexit.o)
    0x080001c6   0x00000000   Code   RO         2071    .ARM.Collect$$rtexit$$00000002  c_w.l(rtexit2.o)
    0x080001c6   0x00000004   Code   RO         2072    .ARM.Collect$$rtexit$$00000003  c_w.l(rtexit2.o)
    0x080001ca   0x00000006   Code   RO         2073    .ARM.Collect$$rtexit$$00000004  c_w.l(rtexit2.o)
    0x080001d0   0x00000040   Code   RO         1789    .text               startup_stm32f10x_md.o
    0x08000210   0x00000028   Code   RO         1843    .text               c_w.l(noretval__2sprintf.o)
    0x08000238   0x0000004e   Code   RO         1847    .text               c_w.l(_printf_pad.o)
    0x08000286   0x00000002   PAD
    0x08000288   0x00000078   Code   RO         1849    .text               c_w.l(_printf_dec.o)
    0x08000300   0x00000058   Code   RO         1854    .text               c_w.l(_printf_hex_int.o)
    0x08000358   0x00000138   Code   RO         1884    .text               c_w.l(__printf_flags_wp.o)
    0x08000490   0x00000006   Code   RO         1896    .text               c_w.l(heapauxi.o)
    0x08000496   0x00000002   PAD
    0x08000498   0x00000024   Code   RO         1903    .text               c_w.l(init_aeabi.o)
    0x080004bc   0x000000b2   Code   RO         1913    .text               c_w.l(_printf_intcommon.o)
    0x0800056e   0x0000041a   Code   RO         1915    .text               c_w.l(_printf_fp_dec.o)
    0x08000988   0x00000030   Code   RO         1917    .text               c_w.l(_printf_char_common.o)
    0x080009b8   0x0000000a   Code   RO         1919    .text               c_w.l(_sputc.o)
    0x080009c2   0x00000002   PAD
    0x080009c4   0x00000008   Code   RO         1994    .text               c_w.l(rt_locale_intlibspace.o)
    0x080009cc   0x0000008a   Code   RO         1996    .text               c_w.l(lludiv10.o)
    0x08000a56   0x00000002   PAD
    0x08000a58   0x00000080   Code   RO         1998    .text               c_w.l(_printf_fp_infnan.o)
    0x08000ad8   0x000000dc   Code   RO         2002    .text               c_w.l(bigflt0.o)
    0x08000bb4   0x00000008   Code   RO         2038    .text               c_w.l(libspace.o)
    0x08000bbc   0x0000004a   Code   RO         2041    .text               c_w.l(sys_stackheap_outer.o)
    0x08000c06   0x00000012   Code   RO         2043    .text               c_w.l(exit.o)
    0x08000c18   0x00000080   Code   RO         2045    .text               c_w.l(strcmpv7m.o)
    0x08000c98   0x00000002   Code   RO         2067    .text               c_w.l(use_no_semi.o)
    0x08000c9a   0x00000000   Code   RO         2069    .text               c_w.l(indicate_semi.o)
    0x08000c9a   0x00000002   PAD
    0x08000c9c   0x0000000c   Code   RO         2083    .text               c_w.l(sys_exit.o)
    0x08000ca8   0x0000003e   Code   RO         2005    CL$$btod_d2e        c_w.l(btod.o)
    0x08000ce6   0x00000046   Code   RO         2007    CL$$btod_d2e_denorm_low  c_w.l(btod.o)
    0x08000d2c   0x00000060   Code   RO         2006    CL$$btod_d2e_norm_op1  c_w.l(btod.o)
    0x08000d8c   0x00000338   Code   RO         2015    CL$$btod_div_common  c_w.l(btod.o)
    0x080010c4   0x000000c6   Code   RO         2012    CL$$btod_e2e        c_w.l(btod.o)
    0x0800118a   0x00000028   Code   RO         2009    CL$$btod_ediv       c_w.l(btod.o)
    0x080011b2   0x00000028   Code   RO         2008    CL$$btod_emul       c_w.l(btod.o)
    0x080011da   0x00000244   Code   RO         2014    CL$$btod_mult_common  c_w.l(btod.o)
    0x0800141e   0x00000002   PAD
    0x08001420   0x00000024   Code   RO          109    i.DMA1_Channel1_IRQHandler  lib_dma.o
    0x08001444   0x0000001c   Code   RO          616    i.DMA_ClearITPendingBit  stm32f10x_dma.o
    0x08001460   0x0000002c   Code   RO          621    i.DMA_GetITStatus   stm32f10x_dma.o
    0x0800148c   0x00000116   Code   RO          705    i.GPIO_Init         stm32f10x_gpio.o
    0x080015a2   0x00000002   PAD
    0x080015a4   0x00000090   Code   RO          707    i.GPIO_PinRemapConfig  stm32f10x_gpio.o
    0x08001634   0x00000004   Code   RO          712    i.GPIO_ResetBits    stm32f10x_gpio.o
    0x08001638   0x00000004   Code   RO          713    i.GPIO_SetBits      stm32f10x_gpio.o
    0x0800163c   0x00000016   Code   RO          154    i.NVIC_EnableIRQ    lib_uart.o
    0x08001652   0x00000002   PAD
    0x08001654   0x00000028   Code   RO          155    i.NVIC_SetPriority  lib_uart.o
    0x0800167c   0x00000020   Code   RO          827    i.RCC_APB1PeriphClockCmd  stm32f10x_rcc.o
    0x0800169c   0x00000020   Code   RO          829    i.RCC_APB2PeriphClockCmd  stm32f10x_rcc.o
    0x080016bc   0x000000d4   Code   RO          837    i.RCC_GetClocksFreq  stm32f10x_rcc.o
    0x08001790   0x00000008   Code   RO         1796    i.SetSysClock       system_stm32f10x.o
    0x08001798   0x000000e0   Code   RO         1797    i.SetSysClockTo72   system_stm32f10x.o
    0x08001878   0x00000060   Code   RO         1799    i.SystemInit        system_stm32f10x.o
    0x080018d8   0x00000018   Code   RO          156    i.UART1_Init        lib_uart.o
    0x080018f0   0x00000020   Code   RO          157    i.UART1_Print       lib_uart.o
    0x08001910   0x0000000e   Code   RO          158    i.UART1_Scan        lib_uart.o
    0x0800191e   0x00000002   PAD
    0x08001920   0x00000018   Code   RO          159    i.UART2_Init        lib_uart.o
    0x08001938   0x00000020   Code   RO          160    i.UART2_Print       lib_uart.o
    0x08001958   0x0000000e   Code   RO          161    i.UART2_Scan        lib_uart.o
    0x08001966   0x00000002   PAD
    0x08001968   0x00000018   Code   RO          162    i.UART3_Init        lib_uart.o
    0x08001980   0x00000020   Code   RO          163    i.UART3_Print       lib_uart.o
    0x080019a0   0x0000000e   Code   RO          164    i.UART3_Scan        lib_uart.o
    0x080019ae   0x00000002   PAD
    0x080019b0   0x0000005c   Code   RO          165    i.UART_FirstInit    lib_uart.o
    0x08001a0c   0x000001b8   Code   RO          166    i.UARTx_Init        lib_uart.o
    0x08001bc4   0x00000090   Code   RO          167    i.UARTx_ReceiveData  lib_uart.o
    0x08001c54   0x00000158   Code   RO          168    i.UARTx_SendData    lib_uart.o
    0x08001dac   0x00000044   Code   RO          169    i.USART1_IRQHandler  lib_uart.o
    0x08001df0   0x00000044   Code   RO          170    i.USART2_IRQHandler  lib_uart.o
    0x08001e34   0x00000044   Code   RO          171    i.USART3_IRQHandler  lib_uart.o
    0x08001e78   0x00000018   Code   RO         1601    i.USART_Cmd         stm32f10x_usart.o
    0x08001e90   0x0000001a   Code   RO         1604    i.USART_GetFlagStatus  stm32f10x_usart.o
    0x08001eaa   0x0000004a   Code   RO         1607    i.USART_ITConfig    stm32f10x_usart.o
    0x08001ef4   0x000000d8   Code   RO         1608    i.USART_Init        stm32f10x_usart.o
    0x08001fcc   0x00000008   Code   RO         1618    i.USART_SendData    stm32f10x_usart.o
    0x08001fd4   0x00000028   Code   RO         2036    i.__ARM_fpclassify  m_ws.l(fpclassify.o)
    0x08001ffc   0x0000000e   Code   RO         1882    i._is_digit         c_w.l(__printf_wp.o)
    0x0800200a   0x0000001a   Code   RO          298    i.delay_1ms         main.o
    0x08002024   0x0000002c   Code   RO          299    i.main              main.o
    0x08002050   0x0000002c   Code   RO         2028    locale$$code        c_w.l(lc_numeric_c.o)
    0x0800207c   0x00000062   Code   RO         1906    x$fpl$d2f           fz_ws.l(d2f.o)
    0x080020de   0x0000009c   Code   RO         1967    x$fpl$dnaninf       fz_ws.l(dnaninf.o)
    0x0800217a   0x0000000c   Code   RO         1969    x$fpl$dretinf       fz_ws.l(dretinf.o)
    0x08002186   0x00000002   PAD
    0x08002188   0x00000056   Code   RO         1908    x$fpl$f2d           fz_ws.l(f2d.o)
    0x080021de   0x0000008c   Code   RO         1971    x$fpl$fnaninf       fz_ws.l(fnaninf.o)
    0x0800226a   0x0000000a   Code   RO         1973    x$fpl$fretinf       fz_ws.l(fretinf.o)
    0x08002274   0x00000004   Code   RO         1910    x$fpl$printf1       fz_ws.l(printf1.o)
    0x08002278   0x00000000   Code   RO         1975    x$fpl$usenofp       fz_ws.l(usenofp.o)
    0x08002278   0x00000028   Data   RO         1855    .constdata          c_w.l(_printf_hex_int.o)
    0x080022a0   0x00000011   Data   RO         1885    .constdata          c_w.l(__printf_flags_wp.o)
    0x080022b1   0x00000003   PAD
    0x080022b4   0x00000094   Data   RO         2003    .constdata          c_w.l(bigflt0.o)
    0x08002348   0x00000020   Data   RO         2128    Region$$Table       anon$$obj.o
    0x08002368   0x0000001c   Data   RO         2027    locale$$data        c_w.l(lc_numeric_c.o)
    0x08002384   0x00000004   Data   RO          174    .init_array         lib_uart.o
    0x08002388   0x00000000   Data   RO         1901    .init_array         c_w.l(init_aeabi.o)


    Execution Region RW_IRAM1 (Base: 0x20000000, Size: 0x00000860, Max: 0x00005000, ABSOLUTE, COMPRESSED[0x0000001c])

    Base Addr    Size         Type   Attr      Idx    E Section Name        Object

    0x20000000   0x00000004   Data   RW          112    .data               lib_dma.o
    0x20000004   0x0000018c   Data   RW          173    .data               lib_uart.o
    0x20000190   0x00000014   Data   RW          857    .data               stm32f10x_rcc.o
    0x200001a4   0x00000056   Zero   RW          172    .bss                lib_uart.o
    0x200001fa   0x00000002   PAD
    0x200001fc   0x00000060   Zero   RW         2039    .bss                c_w.l(libspace.o)
    0x2000025c   0x00000004   PAD
    0x20000260   0x00000200   Zero   RW         1787    HEAP                startup_stm32f10x_md.o
    0x20000460   0x00000400   Zero   RW         1786    STACK               startup_stm32f10x_md.o


==============================================================================

Image component sizes


      Code (inc. data)   RO Data    RW Data    ZI Data      Debug   Object Name

         0          0          0          0          0     231472   lib_adc.o
        36          6          0          4          0       1031   lib_dma.o
      1496        200          4        396         86      34064   lib_uart.o
        70          4          0          0          0        987   main.o
        64         26        236          0       1536        824   startup_stm32f10x_md.o
        72         18          0          0          0       1198   stm32f10x_dma.o
       430          6          0          0          0       4082   stm32f10x_gpio.o
       276         32          0         20          0       4606   stm32f10x_rcc.o
       348          6          0          0          0       5105   stm32f10x_usart.o
       328         28          0          0          0       2009   system_stm32f10x.o

    ----------------------------------------------------------------------
      3130        326        272        420       1624     285378   Object Totals
         0          0         32          0          0          0   (incl. Generated)
        10          0          0          0          2          0   (incl. Padding)

    ----------------------------------------------------------------------

      Code (inc. data)   RO Data    RW Data    ZI Data      Debug   Library Member Name

        58          0          0          0          0          0   __dczerorl.o
         8          0          0          0          0         68   __main.o
       312          4         17          0          0         92   __printf_flags_wp.o
        14          0          0          0          0         68   __printf_wp.o
         0          0          0          0          0          0   __rtentry.o
        12          0          0          0          0          0   __rtentry2.o
         6          0          0          0          0          0   __rtentry4.o
        52          8          0          0          0          0   __scatter.o
        28          0          0          0          0          0   __scatter_zi.o
        48          6          0          0          0         96   _printf_char_common.o
         6          0          0          0          0          0   _printf_d.o
       120         16          0          0          0         92   _printf_dec.o
         6          0          0          0          0          0   _printf_f.o
      1050          0          0          0          0        216   _printf_fp_dec.o
       128         16          0          0          0         84   _printf_fp_infnan.o
        88          4         40          0          0         88   _printf_hex_int.o
       178          0          0          0          0         88   _printf_intcommon.o
        78          0          0          0          0        108   _printf_pad.o
         0          0          0          0          0          0   _printf_percent.o
         4          0          0          0          0          0   _printf_percent_end.o
         6          0          0          0          0          0   _printf_x.o
        10          0          0          0          0         68   _sputc.o
       220          4        148          0          0         96   bigflt0.o
      1910        128          0          0          0        672   btod.o
        18          0          0          0          0         80   exit.o
         6          0          0          0          0        152   heapauxi.o
         0          0          0          0          0          0   indicate_semi.o
        36         10          0          0          0         80   init_aeabi.o
        44         10         28          0          0         76   lc_numeric_c.o
         2          0          0          0          0          0   libinit.o
        22          0          0          0          0          0   libinit2.o
         2          0          0          0          0          0   libshutdown.o
         2          0          0          0          0          0   libshutdown2.o
         8          4          0          0         96         68   libspace.o
       138          0          0          0          0         80   lludiv10.o
        40          6          0          0          0         84   noretval__2sprintf.o
         8          4          0          0          0         68   rt_locale_intlibspace.o
         2          0          0          0          0          0   rtexit.o
        10          0          0          0          0          0   rtexit2.o
       128          0          0          0          0         68   strcmpv7m.o
        12          4          0          0          0         68   sys_exit.o
        74          0          0          0          0         80   sys_stackheap_outer.o
         2          0          0          0          0         68   use_no_semi.o
        98          4          0          0          0         92   d2f.o
       156          4          0          0          0         92   dnaninf.o
        12          0          0          0          0         68   dretinf.o
        86          4          0          0          0         84   f2d.o
       140          4          0          0          0         84   fnaninf.o
        10          0          0          0          0         68   fretinf.o
         4          0          0          0          0         68   printf1.o
         0          0          0          0          0          0   usenofp.o
        40          0          0          0          0         68   fpclassify.o

    ----------------------------------------------------------------------
      5458        240        236          0        100       3432   Library Totals
        16          0          3          0          4          0   (incl. Padding)

    ----------------------------------------------------------------------

      Code (inc. data)   RO Data    RW Data    ZI Data      Debug   Library Name

      4896        224        233          0         96       2808   c_w.l
       506         16          0          0          0        556   fz_ws.l
        40          0          0          0          0         68   m_ws.l

    ----------------------------------------------------------------------
      5458        240        236          0        100       3432   Library Totals

    ----------------------------------------------------------------------

==============================================================================


      Code (inc. data)   RO Data    RW Data    ZI Data      Debug   

      8588        566        508        420       1724     285062   Grand Totals
      8588        566        508         28       1724     285062   ELF Image Totals (compressed)
      8588        566        508         28          0          0   ROM Totals

==============================================================================

    Total RO  Size (Code + RO Data)                 9096 (   8.88kB)
    Total RW  Size (RW Data + ZI Data)              2144 (   2.09kB)
    Total ROM Size (Code + RO Data + RW Data)       9124 (   8.91kB)

==============================================================================

