Component: ARM Compiler 6.14 Tool: armlink [5db06800]

==============================================================================

Section Cross References

    main.o(.text.__cxx_global_var_init) refers to main.o(.bss._ZL7led_pin) for _ZL7led_pin
    main.o(.text.__cxx_global_var_init) refers to gpio.o(.text._ZN7GpioPinC2EP12GPIO_TypeDeft9GPIO_Mode10GPIO_Speed) for GpioPin::GpioPin(GPIO_TypeDef*, unsigned short, GPIO_Mode, GPIO_Speed)
    main.o(.ARM.exidx.text.__cxx_global_var_init) refers to main.o(.text.__cxx_global_var_init) for [Anonymous Symbol]
    main.o(.text.__cxx_global_var_init.1) refers to main.o(.bss._ZL7btn_pin) for _ZL7btn_pin
    main.o(.text.__cxx_global_var_init.1) refers to gpio.o(.text._ZN7GpioPinC2EP12GPIO_TypeDeft9GPIO_Mode10GPIO_Speed) for GpioPin::GpioPin(GPIO_TypeDef*, unsigned short, GPIO_Mode, GPIO_Speed)
    main.o(.ARM.exidx.text.__cxx_global_var_init.1) refers to main.o(.text.__cxx_global_var_init.1) for [Anonymous Symbol]
    main.o(.text.__cxx_global_var_init.2) refers to main.o(.bss._ZL5uart1) for _ZL5uart1
    main.o(.text.__cxx_global_var_init.2) refers to uart.o(.text._ZN4UartC2EP13USART_TypeDefj) for Uart::Uart(USART_TypeDef*, unsigned)
    main.o(.text.__cxx_global_var_init.2) refers to main.o(.text._ZN4UartD2Ev) for Uart::~Uart__sub_object()
    main.o(.text.__cxx_global_var_init.2) refers to cxa_atexit.o(.text) for __cxa_atexit
    main.o(.ARM.exidx.text.__cxx_global_var_init.2) refers to main.o(.text.__cxx_global_var_init.2) for [Anonymous Symbol]
    main.o(.text.main) refers to main.o(.text._ZL11NVIC_Configv) for _ZL11NVIC_Configv
    main.o(.text.main) refers to event_groups.o(.text.xEventGroupCreate) for xEventGroupCreate
    main.o(.text.main) refers to main.o(.bss._ZL5g_evt) for _ZL5g_evt
    main.o(.text.main) refers to event_groups.o(.text.xEventGroupSetBits) for xEventGroupSetBits
    main.o(.text.main) refers to main.o(.text._ZL9Task_MainPv) for _ZL9Task_MainPv
    main.o(.text.main) refers to tasks.o(.text.xTaskCreate) for xTaskCreate
    main.o(.text.main) refers to main.o(.text._ZL11Task_ButtonPv) for _ZL11Task_ButtonPv
    main.o(.text.main) refers to main.o(.text._ZL9Task_UARTPv) for _ZL9Task_UARTPv
    main.o(.text.main) refers to main.o(.text._ZL10Task_BlinkPv) for _ZL10Task_BlinkPv
    main.o(.text.main) refers to tasks.o(.text.vTaskStartScheduler) for vTaskStartScheduler
    main.o(.ARM.exidx.text.main) refers to main.o(.text.main) for [Anonymous Symbol]
    main.o(.text._ZL11NVIC_Configv) refers to misc.o(.text.NVIC_PriorityGroupConfig) for NVIC_PriorityGroupConfig
    main.o(.ARM.exidx.text._ZL11NVIC_Configv) refers to main.o(.text._ZL11NVIC_Configv) for [Anonymous Symbol]
    main.o(.text._ZL9Task_MainPv) refers to main.o(.bss._ZL5g_evt) for _ZL5g_evt
    main.o(.text._ZL9Task_MainPv) refers to main.o(.data._ZL13g_currentFreq) for _ZL13g_currentFreq
    main.o(.text._ZL9Task_MainPv) refers to event_groups.o(.text.xEventGroupWaitBits) for xEventGroupWaitBits
    main.o(.text._ZL9Task_MainPv) refers to event_groups.o(.text.xEventGroupSetBits) for xEventGroupSetBits
    main.o(.ARM.exidx.text._ZL9Task_MainPv) refers to main.o(.text._ZL9Task_MainPv) for [Anonymous Symbol]
    main.o(.text._ZL11Task_ButtonPv) refers to main.o(.bss._ZL7btn_pin) for _ZL7btn_pin
    main.o(.text._ZL11Task_ButtonPv) refers to main.o(.bss._ZL5g_evt) for _ZL5g_evt
    main.o(.text._ZL11Task_ButtonPv) refers to tasks.o(.text.vTaskDelay) for vTaskDelay
    main.o(.text._ZL11Task_ButtonPv) refers to main.o(.text._ZNK7GpioPin10Read_InputEv) for GpioPin::Read_Input() const
    main.o(.text._ZL11Task_ButtonPv) refers to event_groups.o(.text.xEventGroupSetBits) for xEventGroupSetBits
    main.o(.ARM.exidx.text._ZL11Task_ButtonPv) refers to main.o(.text._ZL11Task_ButtonPv) for [Anonymous Symbol]
    main.o(.text._ZL9Task_UARTPv) refers to main.o(.data._ZL13g_currentFreq) for _ZL13g_currentFreq
    main.o(.text._ZL9Task_UARTPv) refers to main.o(.rodata.str1.1) for .L.str.6
    main.o(.text._ZL9Task_UARTPv) refers to main.o(.bss._ZL5g_evt) for _ZL5g_evt
    main.o(.text._ZL9Task_UARTPv) refers to event_groups.o(.text.xEventGroupWaitBits) for xEventGroupWaitBits
    main.o(.text._ZL9Task_UARTPv) refers to main.o(.text._ZL17USART1_SendStringPKc) for _ZL17USART1_SendStringPKc
    main.o(.ARM.exidx.text._ZL9Task_UARTPv) refers to main.o(.text._ZL9Task_UARTPv) for [Anonymous Symbol]
    main.o(.text._ZL10Task_BlinkPv) refers to main.o(.text._ZL7LED_Offv) for _ZL7LED_Offv
    main.o(.text._ZL10Task_BlinkPv) refers to main.o(.data._ZL13g_currentFreq) for _ZL13g_currentFreq
    main.o(.text._ZL10Task_BlinkPv) refers to main.o(.bss._ZL5g_evt) for _ZL5g_evt
    main.o(.text._ZL10Task_BlinkPv) refers to main.o(.text._ZL21HalfPeriodTicksFromHzj) for _ZL21HalfPeriodTicksFromHzj
    main.o(.text._ZL10Task_BlinkPv) refers to event_groups.o(.text.xEventGroupWaitBits) for xEventGroupWaitBits
    main.o(.text._ZL10Task_BlinkPv) refers to main.o(.text._ZL10LED_Togglev) for _ZL10LED_Togglev
[...]
    .init_array                              0x08003704   Section        0  init_aeabi.o(.init_array)
    _ZL13g_currentFreq                       0x20000004   Data           1  main.o(.data._ZL13g_currentFreq)
    [Anonymous Symbol]                       0x20000004   Section        0  main.o(.data._ZL13g_currentFreq)
    uxCriticalNesting                        0x20000008   Data           4  port.o(.data.uxCriticalNesting)
    [Anonymous Symbol]                       0x20000008   Section        0  port.o(.data.uxCriticalNesting)
    .bss                                     0x20000010   Section       96  libspace.o(.bss)
    _ZL5g_evt                                0x20000070   Data           4  main.o(.bss._ZL5g_evt)
    [Anonymous Symbol]                       0x20000070   Section        0  main.o(.bss._ZL5g_evt)
    _ZL5uart1                                0x20000074   Data          36  main.o(.bss._ZL5uart1)
    [Anonymous Symbol]                       0x20000074   Section        0  main.o(.bss._ZL5uart1)
    _ZL7btn_pin                              0x20000098   Data          12  main.o(.bss._ZL7btn_pin)
    [Anonymous Symbol]                       0x20000098   Section        0  main.o(.bss._ZL7btn_pin)
    _ZL7led_pin                              0x200000a4   Data          12  main.o(.bss._ZL7led_pin)
    [Anonymous Symbol]                       0x200000a4   Section        0  main.o(.bss._ZL7led_pin)
    clib_mutex_cb                            0x200000b0   Data         400  clib_os.o(.bss.clib_mutex_cb)
    [Anonymous Symbol]                       0x200000b0   Section        0  clib_os.o(.bss.clib_mutex_cb)
    clib_mutex_id                            0x20000240   Data          20  clib_os.o(.bss.clib_mutex_id)
    [Anonymous Symbol]                       0x20000240   Section        0  clib_os.o(.bss.clib_mutex_id)
    prvCheckForValidListAndQueue.ucStaticTimerQueueStorage 0x20000254   Data          80  timers.o(.bss.prvCheckForValidListAndQueue.ucStaticTimerQueueStorage)
    [Anonymous Symbol]                       0x20000254   Section        0  timers.o(.bss.prvCheckForValidListAndQueue.ucStaticTimerQueueStorage)
    prvCheckForValidListAndQueue.xStaticTimerQueue 0x200002a4   Data          80  timers.o(.bss.prvCheckForValidListAndQueue.xStaticTimerQueue)
    [Anonymous Symbol]                       0x200002a4   Section        0  timers.o(.bss.prvCheckForValidListAndQueue.xStaticTimerQueue)
    prvSampleTimeNow.xLastTime               0x200002f4   Data           4  timers.o(.bss.prvSampleTimeNow.xLastTime)
    [Anonymous Symbol]                       0x200002f4   Section        0  timers.o(.bss.prvSampleTimeNow.xLastTime)
    __tagsym$$used.1                         0x200002f8   Number         0  tasks.o(.bss.pxCurrentTCB)
    pxCurrentTimerList                       0x200002fc   Data           4  timers.o(.bss.pxCurrentTimerList)
    [Anonymous Symbol]                       0x200002fc   Section        0  timers.o(.bss.pxCurrentTimerList)
    pxDelayedTaskList                        0x20000300   Data           4  tasks.o(.bss.pxDelayedTaskList)
    [Anonymous Symbol]                       0x20000300   Section        0  tasks.o(.bss.pxDelayedTaskList)
    pxEnd                                    0x20000304   Data           4  heap_4.o(.bss.pxEnd)
    [Anonymous Symbol]                       0x20000304   Section        0  heap_4.o(.bss.pxEnd)
    pxOverflowDelayedTaskList                0x20000308   Data           4  tasks.o(.bss.pxOverflowDelayedTaskList)
    [Anonymous Symbol]                       0x20000308   Section        0  tasks.o(.bss.pxOverflowDelayedTaskList)
    pxOverflowTimerList                      0x2000030c   Data           4  timers.o(.bss.pxOverflowTimerList)
    [Anonymous Symbol]                       0x2000030c   Section        0  timers.o(.bss.pxOverflowTimerList)
    pxReadyTasksLists                        0x20000310   Data        1120  tasks.o(.bss.pxReadyTasksLists)
    [Anonymous Symbol]                       0x20000310   Section        0  tasks.o(.bss.pxReadyTasksLists)
    ucHeap                                   0x20000770   Data        8192  heap_4.o(.bss.ucHeap)
    [Anonymous Symbol]                       0x20000770   Section        0  heap_4.o(.bss.ucHeap)
    ucMaxSysCallPriority                     0x20002770   Data           1  port.o(.bss.ucMaxSysCallPriority)
    [Anonymous Symbol]                       0x20002770   Section        0  port.o(.bss.ucMaxSysCallPriority)
    ulMaxPRIGROUPValue                       0x20002774   Data           4  port.o(.bss.ulMaxPRIGROUPValue)
    [Anonymous Symbol]                       0x20002774   Section        0  port.o(.bss.ulMaxPRIGROUPValue)
    uxCurrentNumberOfTasks                   0x20002778   Data           4  tasks.o(.bss.uxCurrentNumberOfTasks)
    [Anonymous Symbol]                       0x20002778   Section        0  tasks.o(.bss.uxCurrentNumberOfTasks)
    uxDeletedTasksWaitingCleanUp             0x2000277c   Data           4  tasks.o(.bss.uxDeletedTasksWaitingCleanUp)
    [Anonymous Symbol]                       0x2000277c   Section        0  tasks.o(.bss.uxDeletedTasksWaitingCleanUp)
    uxSchedulerSuspended                     0x20002780   Data           4  tasks.o(.bss.uxSchedulerSuspended)
    [Anonymous Symbol]                       0x20002780   Section        0  tasks.o(.bss.uxSchedulerSuspended)
    uxTaskNumber                             0x20002784   Data           4  tasks.o(.bss.uxTaskNumber)
    [Anonymous Symbol]                       0x20002784   Section        0  tasks.o(.bss.uxTaskNumber)
    uxTopReadyPriority                       0x20002788   Data           4  tasks.o(.bss.uxTopReadyPriority)
    [Anonymous Symbol]                       0x20002788   Section        0  tasks.o(.bss.uxTopReadyPriority)
    vApplicationGetIdleTaskMemory.uxIdleTaskStack 0x2000278c   Data         512  tasks.o(.bss.vApplicationGetIdleTaskMemory.uxIdleTaskStack)
    [Anonymous Symbol]                       0x2000278c   Section        0  tasks.o(.bss.vApplicationGetIdleTaskMemory.uxIdleTaskStack)
    vApplicationGetIdleTaskMemory.xIdleTaskTCB 0x2000298c   Data          92  tasks.o(.bss.vApplicationGetIdleTaskMemory.xIdleTaskTCB)
    [Anonymous Symbol]                       0x2000298c   Section        0  tasks.o(.bss.vApplicationGetIdleTaskMemory.xIdleTaskTCB)
    vApplicationGetTimerTaskMemory.uxTimerTaskStack 0x200029e8   Data         512  tasks.o(.bss.vApplicationGetTimerTaskMemory.uxTimerTaskStack)
    [Anonymous Symbol]                       0x200029e8   Section        0  tasks.o(.bss.vApplicationGetTimerTaskMemory.uxTimerTaskStack)
    vApplicationGetTimerTaskMemory.xTimerTaskTCB 0x20002be8   Data          92  tasks.o(.bss.vApplicationGetTimerTaskMemory.xTimerTaskTCB)
    [Anonymous Symbol]                       0x20002be8   Section        0  tasks.o(.bss.vApplicationGetTimerTaskMemory.xTimerTaskTCB)
    xActiveTimerList1                        0x20002c44   Data          20  timers.o(.bss.xActiveTimerList1)
    [Anonymous Symbol]                       0x20002c44   Section        0  timers.o(.bss.xActiveTimerList1)
    xActiveTimerList2                        0x20002c58   Data          20  timers.o(.bss.xActiveTimerList2)
    [Anonymous Symbol]                       0x20002c58   Section        0  timers.o(.bss.xActiveTimerList2)
    xDelayedTaskList1                        0x20002c6c   Data          20  tasks.o(.bss.xDelayedTaskList1)
    [Anonymous Symbol]                       0x20002c6c   Section        0  tasks.o(.bss.xDelayedTaskList1)
    xDelayedTaskList2                        0x20002c80   Data          20  tasks.o(.bss.xDelayedTaskList2)
    [Anonymous Symbol]                       0x20002c80   Section        0  tasks.o(.bss.xDelayedTaskList2)
    xFreeBytesRemaining                      0x20002c94   Data           4  heap_4.o(.bss.xFreeBytesRemaining)
    [Anonymous Symbol]                       0x20002c94   Section        0  heap_4.o(.bss.xFreeBytesRemaining)
    xIdleTaskHandles.0                       0x20002c98   Data           4  tasks.o(.bss.xIdleTaskHandles.0)
    [Anonymous Symbol]                       0x20002c98   Section        0  tasks.o(.bss.xIdleTaskHandles.0)
    xMinimumEverFreeBytesRemaining           0x20002c9c   Data           4  heap_4.o(.bss.xMinimumEverFreeBytesRemaining)
    [Anonymous Symbol]                       0x20002c9c   Section        0  heap_4.o(.bss.xMinimumEverFreeBytesRemaining)
    xNextTaskUnblockTime                     0x20002ca0   Data           4  tasks.o(.bss.xNextTaskUnblockTime)
    [Anonymous Symbol]                       0x20002ca0   Section        0  tasks.o(.bss.xNextTaskUnblockTime)
    xNumOfOverflows                          0x20002ca4   Data           4  tasks.o(.bss.xNumOfOverflows)
    [Anonymous Symbol]                       0x20002ca4   Section        0  tasks.o(.bss.xNumOfOverflows)
    xNumberOfSuccessfulAllocations           0x20002ca8   Data           4  heap_4.o(.bss.xNumberOfSuccessfulAllocations)
    [Anonymous Symbol]                       0x20002ca8   Section        0  heap_4.o(.bss.xNumberOfSuccessfulAllocations)
    xNumberOfSuccessfulFrees                 0x20002cac   Data           4  heap_4.o(.bss.xNumberOfSuccessfulFrees)
    [Anonymous Symbol]                       0x20002cac   Section        0  heap_4.o(.bss.xNumberOfSuccessfulFrees)
    xPendedTicks                             0x20002cb0   Data           4  tasks.o(.bss.xPendedTicks)
    [Anonymous Symbol]                       0x20002cb0   Section        0  tasks.o(.bss.xPendedTicks)
    xPendingReadyList                        0x20002cb4   Data          20  tasks.o(.bss.xPendingReadyList)
    [Anonymous Symbol]                       0x20002cb4   Section        0  tasks.o(.bss.xPendingReadyList)
    xSchedulerRunning                        0x20002cc8   Data           4  tasks.o(.bss.xSchedulerRunning)
    [Anonymous Symbol]                       0x20002cc8   Section        0  tasks.o(.bss.xSchedulerRunning)
    xStart                                   0x20002ccc   Data           8  heap_4.o(.bss.xStart)
    [Anonymous Symbol]                       0x20002ccc   Section        0  heap_4.o(.bss.xStart)
    xSuspendedTaskList                       0x20002cd4   Data          20  tasks.o(.bss.xSuspendedTaskList)
    [Anonymous Symbol]                       0x20002cd4   Section        0  tasks.o(.bss.xSuspendedTaskList)
    xTasksWaitingTermination                 0x20002ce8   Data          20  tasks.o(.bss.xTasksWaitingTermination)
    [Anonymous Symbol]                       0x20002ce8   Section        0  tasks.o(.bss.xTasksWaitingTermination)
    xTickCount                               0x20002cfc   Data           4  tasks.o(.bss.xTickCount)
    [Anonymous Symbol]                       0x20002cfc   Section        0  tasks.o(.bss.xTickCount)
    xTimerQueue                              0x20002d00   Data           4  timers.o(.bss.xTimerQueue)
    [Anonymous Symbol]                       0x20002d00   Section        0  timers.o(.bss.xTimerQueue)
    xTimerTaskHandle                         0x20002d04   Data           4  timers.o(.bss.xTimerTaskHandle)
    [Anonymous Symbol]                       0x20002d04   Section        0  timers.o(.bss.xTimerTaskHandle)
    xYieldPendings                           0x20002d08   Data           4  tasks.o(.bss.xYieldPendings)
    [Anonymous Symbol]                       0x20002d08   Section        0  tasks.o(.bss.xYieldPendings)
    Heap_Mem                                 0x20002d10   Data         512  startup_stm32f10x_md.o(HEAP)
    HEAP                                     0x20002d10   Section      512  startup_stm32f10x_md.o(HEAP)
    Stack_Mem                                0x20002f10   Data        1024  startup_stm32f10x_md.o(STACK)
    STACK                                    0x20002f10   Section     1024  startup_stm32f10x_md.o(STACK)
    __initial_sp                             0x20003310   Data           0  startup_stm32f10x_md.o(STACK)

    Global Symbols

    Symbol Name                              Value     Ov Type        Size  Object(Section)

    BuildAttributes$$THM_ISAv4$P$D$K$B$S$PE$A:L22UL41UL21$X:L11$S22US41US21$IEEE1$IW$~IW$USESV6$~STKCKD$USESV7$~SHL$OTIME$ROPI$EBA8$UX$STANDARDLIB$REQ8$PRES8$EABIv2 0x00000000   Number         0  anon$$obj.o ABSOLUTE
    __fp_init_empty                          0x00000000   Number         0  fpinit_empty.o ABSOLUTE
    __ARM_exceptions_init                     - Undefined Weak Reference
    __alloca_initialize                       - Undefined Weak Reference
    __arm_preinit_                            - Undefined Weak Reference
    __rt_locale                               - Undefined Weak Reference
    __sigvec_lookup                           - Undefined Weak Reference
    __user_heap_extent                        - Undefined Weak Reference
    _atexit_init                              - Undefined Weak Reference
    _call_atexit_fns                          - Undefined Weak Reference
    _clock_init                               - Undefined Weak Reference
    _fp_trap_init                             - Undefined Weak Reference
    _fp_trap_shutdown                         - Undefined Weak Reference
    _get_lc_collate                           - Undefined Weak Reference
    _get_lc_ctype                             - Undefined Weak Reference
    _get_lc_monetary                          - Undefined Weak Reference
    _get_lc_numeric                           - Undefined Weak Reference
    _get_lc_time                              - Undefined Weak Reference
    _getenv_init                              - Undefined Weak Reference
    _handle_redirection                       - Undefined Weak Reference
    _initio                                   - Undefined Weak Reference
    _rand_init                                - Undefined Weak Reference
    _signal_finish                            - Undefined Weak Reference
    _signal_init                              - Undefined Weak Reference
    _terminateio                              - Undefined Weak Reference
    __Vectors_Size                           0x000000ec   Number         0  startup_stm32f10x_md.o ABSOLUTE
    __Vectors                                0x08000000   Data           4  startup_stm32f10x_md.o(RESET)
    __dso_handle                             0x08000000   Number         0  startup_stm32f10x_md.o(RESET)
    __Vectors_End                            0x080000ec   Data           0  startup_stm32f10x_md.o(RESET)
    __main                                   0x080000ed   Thumb Code     8  __main.o(!!!main)
    __scatterload                            0x080000f5   Thumb Code     0  __scatter.o(!!!scatter)
    __scatterload_rt2                        0x080000f5   Thumb Code    44  __scatter.o(!!!scatter)
    __scatterload_rt2_thumb_only             0x080000f5   Thumb Code     0  __scatter.o(!!!scatter)
    __scatterload_null                       0x08000103   Thumb Code     0  __scatter.o(!!!scatter)
    __scatterload_copy                       0x08000129   Thumb Code    26  __scatter_copy.o(!!handler_copy)
    __scatterload_zeroinit                   0x08000145   Thumb Code    28  __scatter_zi.o(!!handler_zi)
    __rt_lib_init                            0x08000161   Thumb Code     0  libinit.o(.ARM.Collect$$libinit$$00000000)
    __rt_lib_init_fp_1                       0x08000163   Thumb Code     0  libinit2.o(.ARM.Collect$$libinit$$00000002)
    __rt_lib_init_heap_2                     0x08000163   Thumb Code     0  libinit2.o(.ARM.Collect$$libinit$$00000005)
    __rt_lib_init_preinit_1                  0x08000163   Thumb Code     0  libinit2.o(.ARM.Collect$$libinit$$00000004)
    __rt_lib_init_alloca_1                   0x0800016b   Thumb Code     0  libinit2.o(.ARM.Collect$$libinit$$0000002E)
    __rt_lib_init_argv_1                     0x0800016b   Thumb Code     0  libinit2.o(.ARM.Collect$$libinit$$0000002C)
    __rt_lib_init_atexit_1                   0x0800016b   Thumb Code     0  libinit2.o(.ARM.Collect$$libinit$$0000001B)
    __rt_lib_init_clock_1                    0x0800016b   Thumb Code     0  libinit2.o(.ARM.Collect$$libinit$$00000021)
    __rt_lib_init_cpp_2                      0x0800016b   Thumb Code     0  libinit2.o(.ARM.Collect$$libinit$$00000031)
    __rt_lib_init_exceptions_1               0x0800016b   Thumb Code     0  libinit2.o(.ARM.Collect$$libinit$$00000030)
    __rt_lib_init_fp_trap_1                  0x0800016b   Thumb Code     0  libinit2.o(.ARM.Collect$$libinit$$0000001F)
    __rt_lib_init_getenv_1                   0x0800016b   Thumb Code     0  libinit2.o(.ARM.Collect$$libinit$$00000023)
    __rt_lib_init_heap_1                     0x0800016b   Thumb Code     0  libinit2.o(.ARM.Collect$$libinit$$0000000A)
    __rt_lib_init_lc_collate_1               0x0800016b   Thumb Code     0  libinit2.o(.ARM.Collect$$libinit$$00000011)
    __rt_lib_init_lc_ctype_1                 0x0800016b   Thumb Code     0  libinit2.o(.ARM.Collect$$libinit$$00000013)
    __rt_lib_init_lc_monetary_1              0x0800016b   Thumb Code     0  libinit2.o(.ARM.Collect$$libinit$$00000015)
    __rt_lib_init_lc_numeric_1               0x0800016b   Thumb Code     0  libinit2.o(.ARM.Collect$$libinit$$00000017)
    __rt_lib_init_lc_time_1                  0x0800016b   Thumb Code     0  libinit2.o(.ARM.Collect$$libinit$$00000019)
    __rt_lib_init_rand_1                     0x0800016b   Thumb Code     0  libinit2.o(.ARM.Collect$$libinit$$0000000E)
    __rt_lib_init_signal_1                   0x0800016b   Thumb Code     0  libinit2.o(.ARM.Collect$$libinit$$0000001D)
    __rt_lib_init_stdio_1                    0x0800016b   Thumb Code     0  libinit2.o(.ARM.Collect$$libinit$$00000025)
    __rt_lib_init_user_alloc_1               0x0800016b   Thumb Code     0  libinit2.o(.ARM.Collect$$libinit$$0000000C)
    __rt_lib_init_cpp_1                      0x0800016f   Thumb Code     0  libinit2.o(.ARM.Collect$$libinit$$00000032)
    __rt_lib_init_return                     0x0800016f   Thumb Code     0  libinit2.o(.ARM.Collect$$libinit$$00000033)
    __rt_lib_shutdown                        0x08000171   Thumb Code     0  libshutdown.o(.ARM.Collect$$libshutdown$$00000000)
    __rt_lib_shutdown_cpp_2                  0x08000173   Thumb Code     0  libshutdown2.o(.ARM.Collect$$libshutdown$$00000001)
    __rt_lib_shutdown_cpp_1                  0x08000179   Thumb Code     0  libshutdown2.o(.ARM.Collect$$libshutdown$$00000002)
    __rt_lib_shutdown_fp_trap_1              0x08000179   Thumb Code     0  libshutdown2.o(.ARM.Collect$$libshutdown$$00000007)
    __rt_lib_shutdown_heap_2                 0x08000179   Thumb Code     0  libshutdown2.o(.ARM.Collect$$libshutdown$$0000000D)
    __rt_lib_shutdown_signal_1               0x08000179   Thumb Code     0  libshutdown2.o(.ARM.Collect$$libshutdown$$0000000A)
    __rt_lib_shutdown_stdio_1                0x08000179   Thumb Code     0  libshutdown2.o(.ARM.Collect$$libshutdown$$00000004)
    __rt_lib_shutdown_user_alloc_1           0x08000179   Thumb Code     0  libshutdown2.o(.ARM.Collect$$libshutdown$$0000000C)
    __rt_lib_shutdown_heap_1                 0x0800017d   Thumb Code     0  libshutdown2.o(.ARM.Collect$$libshutdown$$0000000F)
    __rt_lib_shutdown_return                 0x0800017d   Thumb Code     0  libshutdown2.o(.ARM.Collect$$libshutdown$$00000010)
    __rt_entry                               0x0800017f   Thumb Code     0  __rtentry.o(.ARM.Collect$$rtentry$$00000000)
    __rt_entry_presh_1                       0x0800017f   Thumb Code     0  __rtentry2.o(.ARM.Collect$$rtentry$$00000002)
    __rt_entry_sh                            0x0800017f   Thumb Code     0  __rtentry4.o(.ARM.Collect$$rtentry$$00000004)
    __rt_entry_postsh_1                      0x08000185   Thumb Code     0  __rtentry2.o(.ARM.Collect$$rtentry$$00000008)
    __rt_entry_li                            0x0800018d   Thumb Code     0  __rtentry2.o(.ARM.Collect$$rtentry$$0000000A)
    __rt_entry_main                          0x08000191   Thumb Code     0  __rtentry2.o(.ARM.Collect$$rtentry$$0000000D)
    __rt_entry_postli_1                      0x08000191   Thumb Code     0  __rtentry2.o(.ARM.Collect$$rtentry$$0000000C)
    __rt_exit                                0x08000199   Thumb Code     0  rtexit.o(.ARM.Collect$$rtexit$$00000000)
    __rt_exit_ls                             0x0800019b   Thumb Code     0  rtexit2.o(.ARM.Collect$$rtexit$$00000003)
    __rt_exit_prels_1                        0x0800019b   Thumb Code     0  rtexit2.o(.ARM.Collect$$rtexit$$00000002)
    __rt_exit_exit                           0x0800019f   Thumb Code     0  rtexit2.o(.ARM.Collect$$rtexit$$00000004)
    Reset_Handler                            0x080001a5   Thumb Code     8  startup_stm32f10x_md.o(.text)
    NMI_Handler                              0x080001ad   Thumb Code     2  startup_stm32f10x_md.o(.text)
    HardFault_Handler                        0x080001af   Thumb Code     2  startup_stm32f10x_md.o(.text)
    MemManage_Handler                        0x080001b1   Thumb Code     2  startup_stm32f10x_md.o(.text)
    BusFault_Handler                         0x080001b3   Thumb Code     2  startup_stm32f10x_md.o(.text)
    UsageFault_Handler                       0x080001b5   Thumb Code     2  startup_stm32f10x_md.o(.text)
    DebugMon_Handler                         0x080001b9   Thumb Code     2  startup_stm32f10x_md.o(.text)
    ADC1_2_IRQHandler                        0x080001bf   Thumb Code     0  startup_stm32f10x_md.o(.text)
    CAN1_RX1_IRQHandler                      0x080001bf   Thumb Code     0  startup_stm32f10x_md.o(.text)
    CAN1_SCE_IRQHandler                      0x080001bf   Thumb Code     0  startup_stm32f10x_md.o(.text)
    DMA1_Channel1_IRQHandler                 0x080001bf   Thumb Code     0  startup_stm32f10x_md.o(.text)
    DMA1_Channel2_IRQHandler                 0x080001bf   Thumb Code     0  startup_stm32f10x_md.o(.text)
    DMA1_Channel3_IRQHandler                 0x080001bf   Thumb Code     0  startup_stm32f10x_md.o(.text)
    DMA1_Channel4_IRQHandler                 0x080001bf   Thumb Code     0  startup_stm32f10x_md.o(.text)
    DMA1_Channel5_IRQHandler                 0x080001bf   Thumb Code     0  startup_stm32f10x_md.o(.text)
    DMA1_Channel6_IRQHandler                 0x080001bf   Thumb Code     0  startup_stm32f10x_md.o(.text)
    DMA1_Channel7_IRQHandler                 0x080001bf   Thumb Code     0  startup_stm32f10x_md.o(.text)
    EXTI0_IRQHandler                         0x080001bf   Thumb Code     0  startup_stm32f10x_md.o(.text)
    EXTI15_10_IRQHandler                     0x080001bf   Thumb Code     0  startup_stm32f10x_md.o(.text)
    EXTI1_IRQHandler                         0x080001bf   Thumb Code     0  startup_stm32f10x_md.o(.text)
    EXTI2_IRQHandler                         0x080001bf   Thumb Code     0  startup_stm32f10x_md.o(.text)
    EXTI3_IRQHandler                         0x080001bf   Thumb Code     0  startup_stm32f10x_md.o(.text)
    EXTI4_IRQHandler                         0x080001bf   Thumb Code     0  startup_stm32f10x_md.o(.text)
    EXTI9_5_IRQHandler                       0x080001bf   Thumb Code     0  startup_stm32f10x_md.o(.text)
    FLASH_IRQHandler                         0x080001bf   Thumb Code     0  startup_stm32f10x_md.o(.text)
    I2C1_ER_IRQHandler                       0x080001bf   Thumb Code     0  startup_stm32f10x_md.o(.text)
    I2C1_EV_IRQHandler                       0x080001bf   Thumb Code     0  startup_stm32f10x_md.o(.text)
    I2C2_ER_IRQHandler                       0x080001bf   Thumb Code     0  startup_stm32f10x_md.o(.text)
    I2C2_EV_IRQHandler                       0x080001bf   Thumb Code     0  startup_stm32f10x_md.o(.text)
    PVD_IRQHandler                           0x080001bf   Thumb Code     0  startup_stm32f10x_md.o(.text)
    RCC_IRQHandler                           0x080001bf   Thumb Code     0  startup_stm32f10x_md.o(.text)
    RTCAlarm_IRQHandler                      0x080001bf   Thumb Code     0  startup_stm32f10x_md.o(.text)
    RTC_IRQHandler                           0x080001bf   Thumb Code     0  startup_stm32f10x_md.o(.text)
    SPI1_IRQHandler                          0x080001bf   Thumb Code     0  startup_stm32f10x_md.o(.text)
    SPI2_IRQHandler                          0x080001bf   Thumb Code     0  startup_stm32f10x_md.o(.text)
    TAMPER_IRQHandler                        0x080001bf   Thumb Code     0  startup_stm32f10x_md.o(.text)
    TIM1_BRK_IRQHandler                      0x080001bf   Thumb Code     0  startup_stm32f10x_md.o(.text)
    TIM1_CC_IRQHandler                       0x080001bf   Thumb Code     0  startup_stm32f10x_md.o(.text)
    TIM1_TRG_COM_IRQHandler                  0x080001bf   Thumb Code     0  startup_stm32f10x_md.o(.text)
    TIM1_UP_IRQHandler                       0x080001bf   Thumb Code     0  startup_stm32f10x_md.o(.text)
    TIM2_IRQHandler                          0x080001bf   Thumb Code     0  startup_stm32f10x_md.o(.text)
    TIM3_IRQHandler                          0x080001bf   Thumb Code     0  startup_stm32f10x_md.o(.text)
    TIM4_IRQHandler                          0x080001bf   Thumb Code     0  startup_stm32f10x_md.o(.text)
    USART1_IRQHandler                        0x080001bf   Thumb Code     0  startup_stm32f10x_md.o(.text)
    USART2_IRQHandler                        0x080001bf   Thumb Code     0  startup_stm32f10x_md.o(.text)
    USART3_IRQHandler                        0x080001bf   Thumb Code     0  startup_stm32f10x_md.o(.text)
    USBWakeUp_IRQHandler                     0x080001bf   Thumb Code     0  startup_stm32f10x_md.o(.text)
    USB_HP_CAN1_TX_IRQHandler                0x080001bf   Thumb Code     0  startup_stm32f10x_md.o(.text)
    USB_LP_CAN1_RX0_IRQHandler               0x080001bf   Thumb Code     0  startup_stm32f10x_md.o(.text)
    WWDG_IRQHandler                          0x080001bf   Thumb Code     0  startup_stm32f10x_md.o(.text)
    __user_initial_stackheap                 0x080001c1   Thumb Code     0  startup_stm32f10x_md.o(.text)
    __cxa_atexit                             0x080001e5   Thumb Code    10  cxa_atexit.o(.text)
    strlen                                   0x080001ef   Thumb Code    62  strlen.o(.text)
    __aeabi_memcpy                           0x0800022d   Thumb Code     0  rt_memcpy_v6.o(.text)
    __rt_memcpy                              0x0800022d   Thumb Code   138  rt_memcpy_v6.o(.text)
    _memcpy_lastbytes                        0x08000293   Thumb Code     0  rt_memcpy_v6.o(.text)
    __aeabi_memset4                          0x080002b7   Thumb Code    16  aeabi_memset4.o(.text)
    __aeabi_memset8                          0x080002b7   Thumb Code     0  aeabi_memset4.o(.text)
    __aeabi_memclr                           0x080002c7   Thumb Code     0  rt_memclr.o(.text)
    __rt_memclr                              0x080002c7   Thumb Code    68  rt_memclr.o(.text)
    _memset                                  0x080002cb   Thumb Code     0  rt_memclr.o(.text)
    __use_two_region_memory                  0x0800030b   Thumb Code     2  heapauxi.o(.text)
    __rt_heap_escrow                         0x0800030d   Thumb Code     2  heapauxi.o(.text)
    __rt_heap_expand                         0x0800030f   Thumb Code     2  heapauxi.o(.text)
    __cpp_initialize__aeabi_                 0x08000311   Thumb Code    28  init_aeabi.o(.text)
    malloc_internal$concurrent               0x08000345   Thumb Code   130  h1_alloc_threads.o(.text)
    malloc                                   0x080003c7   Thumb Code    20  h1_alloc_threads.o(.text)
    free_internal$concurrent                 0x080003db   Thumb Code    98  h1_free_threads.o(.text)
    free                                     0x0800043d   Thumb Code    20  h1_free_threads.o(.text)
    abort                                    0x08000451   Thumb Code    22  abort.o(.text)
    __aeabi_atexit                           0x08000467   Thumb Code    46  aeabi_atexit.o(.text)
    __aeabi_memcpy4                          0x08000495   Thumb Code     0  rt_memcpy_w.o(.text)
    __aeabi_memcpy8                          0x08000495   Thumb Code     0  rt_memcpy_w.o(.text)
    __rt_memcpy_w                            0x08000495   Thumb Code   100  rt_memcpy_w.o(.text)
    _memcpy_lastbytes_aligned                0x080004dd   Thumb Code     0  rt_memcpy_w.o(.text)
    __aeabi_memclr4                          0x080004f9   Thumb Code     0  rt_memclr_w.o(.text)
    __aeabi_memclr8                          0x080004f9   Thumb Code     0  rt_memclr_w.o(.text)
    __rt_memclr_w                            0x080004f9   Thumb Code    78  rt_memclr_w.o(.text)
    _memset_w                                0x080004fd   Thumb Code     0  rt_memclr_w.o(.text)
    _sys_exit                                0x08000549   Thumb Code     8  sys_exit.o(.text)
    __rt_heap_descriptor                     0x08000555   Thumb Code    10  rt_heap_descriptor_twolibspace.o(.text)
    __rt_ddtor_pointer_addr                  0x0800055f   Thumb Code    10  rt_ddtor_pointer_addr_twolibspace.o(.text)
    __use_no_heap                            0x08000569   Thumb Code     2  hguard.o(.text)
    __heap$guard                             0x0800056b   Thumb Code     2  hguard.o(.text)
    _terminate_user_alloc                    0x0800056d   Thumb Code     2  init_alloc.o(.text)
    _init_user_alloc                         0x0800056f   Thumb Code     2  init_alloc.o(.text)
    __Heap_Full                              0x08000571   Thumb Code    34  init_alloc.o(.text)
    __Heap_Broken                            0x08000593   Thumb Code     6  init_alloc.o(.text)
    _init_alloc                              0x08000599   Thumb Code    94  init_alloc.o(.text)
    __Heap_Initialize                        0x080005f7   Thumb Code    14  h1_init_threads.o(.text)
    __Heap_DescSize                          0x08000605   Thumb Code     4  h1_init_threads.o(.text)
    __cxa_finalize                           0x08000609   Thumb Code    66  cxa_finalize.o(.text)
    __rt_SIGABRT                             0x0800064b   Thumb Code    14  defsig_abrt_outer.o(.text)
    __user_libspace                          0x08000659   Thumb Code     8  libspace.o(.text)
    __user_perproc_libspace                  0x08000659   Thumb Code     0  libspace.o(.text)
    __I$use$semihosting                      0x08000661   Thumb Code     0  use_no_semi.o(.text)
    __use_no_semihosting_swi                 0x08000661   Thumb Code     2  use_no_semi.o(.text)
    __semihosting_library_function           0x08000663   Thumb Code     0  indicate_semi.o(.text)
    __user_setup_stackheap                   0x08000663   Thumb Code    74  sys_stackheap_outer.o(.text)
    _maybe_terminate_alloc                   0x080006ad   Thumb Code     0  maybetermalloc2.o(.text)
    __Heap_ProvideMemory                     0x080006bb   Thumb Code    68  h1_extend_threads.o(.text)
    exit                                     0x080006ff   Thumb Code    18  exit.o(.text)
    __sig_exit                               0x08000711   Thumb Code    10  defsig_exit.o(.text)
    __rt_SIGABRT_inner                       0x0800071d   Thumb Code    14  defsig_abrt_inner.o(.text)
    __rt_SIGRTMEM                            0x0800074d   Thumb Code    14  defsig_rtmem_outer.o(.text)
    _terminate_alloc                         0x0800075b   Thumb Code    16  term_alloc.o(.text)
    __default_signal_display                 0x0800076b   Thumb Code    50  defsig_general.o(.text)
    __rt_SIGRTMEM_inner                      0x0800079d   Thumb Code    22  defsig_rtmem_inner.o(.text)
    _ttywrch                                 0x080007ed   Thumb Code    14  sys_wrch.o(.text)
    __Heap_Finalize                          0x080007fb   Thumb Code    10  h1_final_threads.o(.text)
    GPIO_Init                                0x08000805   Thumb Code   176  stm32f10x_gpio.o(.text.GPIO_Init)
    GPIO_ReadInputDataBit                    0x080008b5   Thumb Code    10  stm32f10x_gpio.o(.text.GPIO_ReadInputDataBit)
    GPIO_ReadOutputDataBit                   0x080008c1   Thumb Code    10  stm32f10x_gpio.o(.text.GPIO_ReadOutputDataBit)
    GPIO_ResetBits                           0x080008cd   Thumb Code     4  stm32f10x_gpio.o(.text.GPIO_ResetBits)
    GPIO_SetBits                             0x080008d1   Thumb Code     4  stm32f10x_gpio.o(.text.GPIO_SetBits)
    NVIC_PriorityGroupConfig                 0x080008d5   Thumb Code    20  misc.o(.text.NVIC_PriorityGroupConfig)
    PendSV_Handler                           0x080008e9   Thumb Code    68  port.o(.text.PendSV_Handler)
    RCC_APB1PeriphClockCmd                   0x0800092d   Thumb Code    24  stm32f10x_rcc.o(.text.RCC_APB1PeriphClockCmd)
    RCC_APB2PeriphClockCmd                   0x08000945   Thumb Code    24  stm32f10x_rcc.o(.text.RCC_APB2PeriphClockCmd)
    RCC_GetClocksFreq                        0x0800095d   Thumb Code   160  stm32f10x_rcc.o(.text.RCC_GetClocksFreq)
    SVC_Handler                              0x080009fd   Thumb Code    36  port.o(.text.SVC_Handler)
    SysTick_Handler                          0x08000ae9   Thumb Code    26  cmsis_os2.o(.text.SysTick_Handler)
    SystemInit                               0x08000b05   Thumb Code    86  system_stm32f10x.o(.text.SystemInit)
    USART_Cmd                                0x08000b5d   Thumb Code    18  stm32f10x_usart.o(.text.USART_Cmd)
    USART_GetFlagStatus                      0x08000b71   Thumb Code    10  stm32f10x_usart.o(.text.USART_GetFlagStatus)
    USART_Init                               0x08000b7d   Thumb Code   178  stm32f10x_usart.o(.text.USART_Init)
    USART_ReceiveData                        0x08000c31   Thumb Code     8  stm32f10x_usart.o(.text.USART_ReceiveData)
    USART_SendData                           0x08000c39   Thumb Code     8  stm32f10x_usart.o(.text.USART_SendData)
    USART_StructInit                         0x08000c41   Thumb Code    18  stm32f10x_usart.o(.text.USART_StructInit)
    IByteReader::IByteReader__sub_object()   0x08000f01   Thumb Code    14  uart.o(.text._ZN11IByteReaderC2Ev)
    IByteReader::~IByteReader__deallocating() 0x08000f11   Thumb Code     2  uart.o(.text._ZN11IByteReaderD0Ev)
    IByteReader::~IByteReader__sub_object()  0x08000f15   Thumb Code     2  main.o(.text._ZN11IByteReaderD2Ev)
    IByteWriter::Write(const char*)          0x08000f19   Thumb Code    32  main.o(.text._ZN11IByteWriter5WriteEPKc)
    IByteWriter::IByteWriter__sub_object()   0x08000f39   Thumb Code    14  uart.o(.text._ZN11IByteWriterC2Ev)
    IByteWriter::~IByteWriter__deallocating() 0x08000f49   Thumb Code     2  uart.o(.text._ZN11IByteWriterD0Ev)
    IByteWriter::~IByteWriter__sub_object()  0x08000f4d   Thumb Code     2  main.o(.text._ZN11IByteWriterD2Ev)
    Uart::Setup_Uart(unsigned, unsigned short, unsigned short) 0x08000f51   Thumb Code    66  uart.o(.text._ZN4Uart10Setup_UartEjtt)
    Uart::Write_Char(char)                   0x08000f95   Thumb Code    42  uart.o(.text._ZN4Uart10Write_CharEc)
    Uart::Enable_Clocks()                    0x08000fc1   Thumb Code    70  uart.o(.text._ZN4Uart13Enable_ClocksEv)
    Uart::Setup_Default_Pins()               0x08001009   Thumb Code    28  uart.o(.text._ZN4Uart18Setup_Default_PinsEv)
    Uart::End()                              0x08001025   Thumb Code    12  uart.o(.text._ZN4Uart3EndEv)
    Uart::Read()                             0x08001031   Thumb Code    30  uart.o(.text._ZN4Uart4ReadEv)
    Uart::Begin(unsigned, unsigned short, unsigned short) 0x08001051   Thumb Code    46  uart.o(.text._ZN4Uart5BeginEjtt)
    Uart::Write(const char*)                 0x08001081   Thumb Code     8  main.o(.text._ZN4Uart5WriteEPKc)
    Uart::Write(const unsigned char*, unsigned) 0x08001089   Thumb Code    40  uart.o(.text._ZN4Uart5WriteEPKhj)
    Uart::Available()                        0x080010b1   Thumb Code    20  uart.o(.text._ZN4Uart9AvailableEv)
    Uart::Uart(USART_TypeDef*, unsigned)     0x080010c5   Thumb Code   116  uart.o(.text._ZN4UartC2EP13USART_TypeDefj)
    Uart::Uart__sub_object(USART_TypeDef*, unsigned) 0x080010c5   Thumb Code   116  uart.o(.text._ZN4UartC2EP13USART_TypeDefj)
    Uart::~Uart__deallocating()              0x08001139   Thumb Code    12  uart.o(.text._ZN4UartD0Ev)
    Uart::~Uart__sub_object()                0x08001145   Thumb Code    18  main.o(.text._ZN4UartD2Ev)
    GpioPin::Enable_Clock()                  0x08001159   Thumb Code    22  gpio.o(.text._ZN7GpioPin12Enable_ClockEv)
    GpioPin::Rcc_From_Port(GPIO_TypeDef*)    0x08001171   Thumb Code    56  gpio.o(.text._ZN7GpioPin13Rcc_From_PortEP12GPIO_TypeDef)
    GpioPin::Set_Low()                       0x080011a9   Thumb Code    14  main.o(.text._ZN7GpioPin7Set_LowEv)
    GpioPin::Set_High()                      0x080011b9   Thumb Code    14  main.o(.text._ZN7GpioPin8Set_HighEv)
    GpioPin::Configure(GPIO_Mode, GPIO_Speed) 0x080011c9   Thumb Code    56  gpio.o(.text._ZN7GpioPin9ConfigureE9GPIO_Mode10GPIO_Speed)
    GpioPin::GpioPin(GPIO_TypeDef*, unsigned short) 0x08001201   Thumb Code    18  gpio.o(.text._ZN7GpioPinC2EP12GPIO_TypeDeft)
    GpioPin::GpioPin__sub_object(GPIO_TypeDef*, unsigned short) 0x08001201   Thumb Code    18  gpio.o(.text._ZN7GpioPinC2EP12GPIO_TypeDeft)
    GpioPin::GpioPin(GPIO_TypeDef*, unsigned short, GPIO_Mode, GPIO_Speed) 0x08001215   Thumb Code    38  gpio.o(.text._ZN7GpioPinC2EP12GPIO_TypeDeft9GPIO_Mode10GPIO_Speed)
    GpioPin::GpioPin__sub_object(GPIO_TypeDef*, unsigned short, GPIO_Mode, GPIO_Speed) 0x08001215   Thumb Code    38  gpio.o(.text._ZN7GpioPinC2EP12GPIO_TypeDeft9GPIO_Mode10GPIO_Speed)
    Uart::Is_APB2() const                    0x0800123d   Thumb Code    18  uart.o(.text._ZNK4Uart7Is_APB2Ev)
    GpioPin::Read_Input() const              0x08001251   Thumb Code    22  main.o(.text._ZNK7GpioPin10Read_InputEv)
    GpioPin::Read_Output() const             0x08001269   Thumb Code    22  main.o(.text._ZNK7GpioPin11Read_OutputEv)
    thunk{-4} to Uart::Read()                0x08001281   Thumb Code     6  uart.o(.text._ZThn4_N4Uart4ReadEv)
    thunk{-4} to Uart::Available()           0x08001289   Thumb Code     6  uart.o(.text._ZThn4_N4Uart9AvailableEv)
    thunk{-4} to Uart::~Uart__deallocating() 0x08001291   Thumb Code     6  uart.o(.text._ZThn4_N4UartD0Ev)
    thunk{-4} to Uart::~Uart()               0x08001299   Thumb Code     6  uart.o(.text._ZThn4_N4UartD1Ev)
    operator delete (void*)                  0x0800129f   Thumb Code     4  new.cpp.o(.text._ZdlPv)
    __cxa_pure_virtual                       0x080012a5   Thumb Code    40  cxa_virtual.cpp.o(.text.__cxa_pure_virtual)
    _mutex_acquire                           0x08001355   Thumb Code    32  clib_os.o(.text._mutex_acquire)
    _mutex_free                              0x08001375   Thumb Code    50  clib_os.o(.text._mutex_free)
    _mutex_initialize                        0x080013a9   Thumb Code    88  clib_os.o(.text._mutex_initialize)
    _mutex_release                           0x08001401   Thumb Code    34  clib_os.o(.text._mutex_release)
    _platform_post_stackheap_init            0x08001425   Thumb Code     2  clib_os.o(.text._platform_post_stackheap_init)
    abort_message                            0x08001427   Thumb Code     4  abort_message.cpp.o(.text.abort_message)
    main                                     0x08001439   Thumb Code   172  main.o(.text.main)
    pvPortMalloc                             0x08001fc1   Thumb Code   334  heap_4.o(.text.pvPortMalloc)
    pvTaskIncrementMutexHeldCount            0x08002111   Thumb Code    24  tasks.o(.text.pvTaskIncrementMutexHeldCount)
    pxPortInitialiseStack                    0x08002129   Thumb Code    32  port.o(.text.pxPortInitialiseStack)
    uxListRemove                             0x08002149   Thumb Code    38  list.o(.text.uxListRemove)
    uxTaskResetEventItemValue                0x08002171   Thumb Code    26  tasks.o(.text.uxTaskResetEventItemValue)
    vApplicationGetIdleTaskMemory            0x0800218d   Thumb Code    26  tasks.o(.text.vApplicationGetIdleTaskMemory)
    vApplicationGetTimerTaskMemory           0x080021a9   Thumb Code    26  tasks.o(.text.vApplicationGetTimerTaskMemory)
    vApplicationStackOverflowHook            0x080021c5   Thumb Code     4  cmsis_os2.o(.text.vApplicationStackOverflowHook)
    vListInitialise                          0x080021c9   Thumb Code    22  list.o(.text.vListInitialise)
    vListInitialiseItem                      0x080021e1   Thumb Code     6  list.o(.text.vListInitialiseItem)
    vListInsert                              0x080021e9   Thumb Code    58  list.o(.text.vListInsert)
    vPortEnterCritical                       0x08002225   Thumb Code    54  port.o(.text.vPortEnterCritical)
    vPortExitCritical                        0x0800225d   Thumb Code    32  port.o(.text.vPortExitCritical)
    vPortFree                                0x0800227d   Thumb Code   126  heap_4.o(.text.vPortFree)
    vPortSetupTimerInterrupt                 0x080022fd   Thumb Code    52  port.o(.text.vPortSetupTimerInterrupt)
    vQueueDelete                             0x08002331   Thumb Code    20  queue.o(.text.vQueueDelete)
    vQueueWaitForMessageRestricted           0x08002345   Thumb Code    68  queue.o(.text.vQueueWaitForMessageRestricted)
    vTaskDelay                               0x08002389   Thumb Code    68  tasks.o(.text.vTaskDelay)
    vTaskInternalSetTimeOutState             0x080023cd   Thumb Code    26  tasks.o(.text.vTaskInternalSetTimeOutState)
    vTaskMissedYield                         0x080023e9   Thumb Code    14  tasks.o(.text.vTaskMissedYield)
    vTaskPlaceOnEventList                    0x080023f9   Thumb Code    34  tasks.o(.text.vTaskPlaceOnEventList)
    vTaskPlaceOnEventListRestricted          0x0800241d   Thumb Code    82  tasks.o(.text.vTaskPlaceOnEventListRestricted)
    vTaskPlaceOnUnorderedEventList           0x08002471   Thumb Code    86  tasks.o(.text.vTaskPlaceOnUnorderedEventList)
    vTaskPriorityDisinheritAfterTimeout      0x080024c9   Thumb Code   152  tasks.o(.text.vTaskPriorityDisinheritAfterTimeout)
    vTaskRemoveFromUnorderedEventList        0x08002561   Thumb Code   204  tasks.o(.text.vTaskRemoveFromUnorderedEventList)
    vTaskStartScheduler                      0x0800262d   Thumb Code    96  tasks.o(.text.vTaskStartScheduler)
    vTaskSuspendAll                          0x0800268d   Thumb Code    16  tasks.o(.text.vTaskSuspendAll)
    vTaskSwitchContext                       0x0800269d   Thumb Code   206  tasks.o(.text.vTaskSwitchContext)
    xEventGroupCreate                        0x0800276d   Thumb Code    28  event_groups.o(.text.xEventGroupCreate)
    xEventGroupSetBits                       0x08002789   Thumb Code   144  event_groups.o(.text.xEventGroupSetBits)
    xEventGroupWaitBits                      0x08002819   Thumb Code   212  event_groups.o(.text.xEventGroupWaitBits)
    xPortStartScheduler                      0x080028ed   Thumb Code   236  port.o(.text.xPortStartScheduler)
    xPortSysTickHandler                      0x080029d9   Thumb Code    46  port.o(.text.xPortSysTickHandler)
    xQueueCreateMutex                        0x08002a09   Thumb Code    22  queue.o(.text.xQueueCreateMutex)
    xQueueCreateMutexStatic                  0x08002a21   Thumb Code    34  queue.o(.text.xQueueCreateMutexStatic)
    xQueueGenericCreate                      0x08002a45   Thumb Code    78  queue.o(.text.xQueueGenericCreate)
    xQueueGenericCreateStatic                0x08002a95   Thumb Code    74  queue.o(.text.xQueueGenericCreateStatic)
    xQueueGenericReset                       0x08002ae1   Thumb Code   154  queue.o(.text.xQueueGenericReset)
    xQueueGenericSend                        0x08002b7d   Thumb Code   358  queue.o(.text.xQueueGenericSend)
    xQueueReceive                            0x08002ce5   Thumb Code   328  queue.o(.text.xQueueReceive)
    xQueueSemaphoreTake                      0x08002e2d   Thumb Code   378  queue.o(.text.xQueueSemaphoreTake)
    xTaskCheckForTimeOut                     0x08002fa9   Thumb Code   138  tasks.o(.text.xTaskCheckForTimeOut)
    xTaskCreate                              0x08003035   Thumb Code    36  tasks.o(.text.xTaskCreate)
    xTaskCreateStatic                        0x08003059   Thumb Code    42  tasks.o(.text.xTaskCreateStatic)
    xTaskGetSchedulerState                   0x08003085   Thumb Code    38  tasks.o(.text.xTaskGetSchedulerState)
    xTaskGetTickCount                        0x080030ad   Thumb Code    12  tasks.o(.text.xTaskGetTickCount)
    xTaskIncrementTick                       0x080030b9   Thumb Code   412  tasks.o(.text.xTaskIncrementTick)
    xTaskPriorityDisinherit                  0x08003255   Thumb Code   136  tasks.o(.text.xTaskPriorityDisinherit)
    xTaskPriorityInherit                     0x080032dd   Thumb Code   166  tasks.o(.text.xTaskPriorityInherit)
    xTaskRemoveFromEventList                 0x08003385   Thumb Code   228  tasks.o(.text.xTaskRemoveFromEventList)
    xTaskResumeAll                           0x08003469   Thumb Code   356  tasks.o(.text.xTaskResumeAll)
    xTimerCreateTimerTask                    0x080035cd   Thumb Code   112  timers.o(.text.xTimerCreateTimerTask)
    vtable for IByteReader                   0x08003650   Data          24  uart.o(.rodata._ZTV11IByteReader)
    vtable for IByteWriter                   0x08003668   Data          20  uart.o(.rodata._ZTV11IByteWriter)
    vtable for Uart                          0x0800367c   Data          72  uart.o(.rodata._ZTV4Uart)
    vtable for GpioPin                       0x080036c4   Data          16  gpio.o(.rodata._ZTV7GpioPin)
    Region$$Table$$Base                      0x080036e0   Number         0  anon$$obj.o(Region$$Table)
    Region$$Table$$Limit                     0x08003700   Number         0  anon$$obj.o(Region$$Table)
    SHT$$INIT_ARRAY$$Base                    0x08003700   Number         0  main.o(.init_array)
    SHT$$INIT_ARRAY$$Limit                   0x08003704   Number         0  init_aeabi.o(.init_array)
    SystemCoreClock                          0x20000000   Data           4  system_stm32f10x.o(.data.SystemCoreClock)
    __libspace_start                         0x20000010   Data          96  libspace.o(.bss)
    __temporary_stack_top$libspace           0x20000070   Data           0  libspace.o(.bss)
    pxCurrentTCB                             0x200002f8   Data           4  tasks.o(.bss.pxCurrentTCB)



==============================================================================

Memory Map of the image

  Image Entry point : 0x080000ed

  Load Region LR_IROM1 (Base: 0x08000000, Size: 0x00003718, Max: 0x00010000, ABSOLUTE)

    Execution Region ER_IROM1 (Exec base: 0x08000000, Load base: 0x08000000, Size: 0x00003704, Max: 0x00010000, ABSOLUTE)

    Exec Addr    Load Addr    Size         Type   Attr      Idx    E Section Name        Object

    0x08000000   0x08000000   0x000000ec   Data   RO          770    RESET               startup_stm32f10x_md.o
    0x080000ec   0x080000ec   0x00000008   Code   RO         1294  * !!!main             c_w.l(__main.o)
    0x080000f4   0x080000f4   0x00000034   Code   RO         1680    !!!scatter          c_w.l(__scatter.o)
    0x08000128   0x08000128   0x0000001a   Code   RO         1682    !!handler_copy      c_w.l(__scatter_copy.o)
    0x08000142   0x08000142   0x00000002   PAD
    0x08000144   0x08000144   0x0000001c   Code   RO         1684    !!handler_zi        c_w.l(__scatter_zi.o)
    0x08000160   0x08000160   0x00000002   Code   RO         1618    .ARM.Collect$$libinit$$00000000  c_w.l(libinit.o)
    0x08000162   0x08000162   0x00000000   Code   RO         1433    .ARM.Collect$$libinit$$00000002  c_w.l(libinit2.o)
    0x08000162   0x08000162   0x00000000   Code   RO         1435    .ARM.Collect$$libinit$$00000004  c_w.l(libinit2.o)
    0x08000162   0x08000162   0x00000008   Code   RO         1436    .ARM.Collect$$libinit$$00000005  c_w.l(libinit2.o)
    0x0800016a   0x0800016a   0x00000000   Code   RO         1438    .ARM.Collect$$libinit$$0000000A  c_w.l(libinit2.o)
    0x0800016a   0x0800016a   0x00000000   Code   RO         1440    .ARM.Collect$$libinit$$0000000C  c_w.l(libinit2.o)
    0x0800016a   0x0800016a   0x00000000   Code   RO         1442    .ARM.Collect$$libinit$$0000000E  c_w.l(libinit2.o)
    0x0800016a   0x0800016a   0x00000000   Code   RO         1445    .ARM.Collect$$libinit$$00000011  c_w.l(libinit2.o)
    0x0800016a   0x0800016a   0x00000000   Code   RO         1447    .ARM.Collect$$libinit$$00000013  c_w.l(libinit2.o)
    0x0800016a   0x0800016a   0x00000000   Code   RO         1449    .ARM.Collect$$libinit$$00000015  c_w.l(libinit2.o)
    0x0800016a   0x0800016a   0x00000000   Code   RO         1451    .ARM.Collect$$libinit$$00000017  c_w.l(libinit2.o)
    0x0800016a   0x0800016a   0x00000000   Code   RO         1453    .ARM.Collect$$libinit$$00000019  c_w.l(libinit2.o)
    0x0800016a   0x0800016a   0x00000000   Code   RO         1455    .ARM.Collect$$libinit$$0000001B  c_w.l(libinit2.o)
    0x0800016a   0x0800016a   0x00000000   Code   RO         1457    .ARM.Collect$$libinit$$0000001D  c_w.l(libinit2.o)
    0x0800016a   0x0800016a   0x00000000   Code   RO         1459    .ARM.Collect$$libinit$$0000001F  c_w.l(libinit2.o)
    0x0800016a   0x0800016a   0x00000000   Code   RO         1461    .ARM.Collect$$libinit$$00000021  c_w.l(libinit2.o)
    0x0800016a   0x0800016a   0x00000000   Code   RO         1463    .ARM.Collect$$libinit$$00000023  c_w.l(libinit2.o)
    0x0800016a   0x0800016a   0x00000000   Code   RO         1465    .ARM.Collect$$libinit$$00000025  c_w.l(libinit2.o)
    0x0800016a   0x0800016a   0x00000000   Code   RO         1469    .ARM.Collect$$libinit$$0000002C  c_w.l(libinit2.o)
    0x0800016a   0x0800016a   0x00000000   Code   RO         1471    .ARM.Collect$$libinit$$0000002E  c_w.l(libinit2.o)
    0x0800016a   0x0800016a   0x00000000   Code   RO         1473    .ARM.Collect$$libinit$$00000030  c_w.l(libinit2.o)
    0x0800016a   0x0800016a   0x00000004   Code   RO         1474    .ARM.Collect$$libinit$$00000031  c_w.l(libinit2.o)
    0x0800016e   0x0800016e   0x00000000   Code   RO         1475    .ARM.Collect$$libinit$$00000032  c_w.l(libinit2.o)
    0x0800016e   0x0800016e   0x00000002   Code   RO         1476    .ARM.Collect$$libinit$$00000033  c_w.l(libinit2.o)
    0x08000170   0x08000170   0x00000002   Code   RO         1678    .ARM.Collect$$libshutdown$$00000000  c_w.l(libshutdown.o)
    0x08000172   0x08000172   0x00000006   Code   RO         1619    .ARM.Collect$$libshutdown$$00000001  c_w.l(libshutdown2.o)
    0x08000178   0x08000178   0x00000000   Code   RO         1620    .ARM.Collect$$libshutdown$$00000002  c_w.l(libshutdown2.o)
    0x08000178   0x08000178   0x00000000   Code   RO         1622    .ARM.Collect$$libshutdown$$00000004  c_w.l(libshutdown2.o)
    0x08000178   0x08000178   0x00000000   Code   RO         1625    .ARM.Collect$$libshutdown$$00000007  c_w.l(libshutdown2.o)
    0x08000178   0x08000178   0x00000000   Code   RO         1628    .ARM.Collect$$libshutdown$$0000000A  c_w.l(libshutdown2.o)
    0x08000178   0x08000178   0x00000000   Code   RO         1630    .ARM.Collect$$libshutdown$$0000000C  c_w.l(libshutdown2.o)
    0x08000178   0x08000178   0x00000004   Code   RO         1631    .ARM.Collect$$libshutdown$$0000000D  c_w.l(libshutdown2.o)
    0x0800017c   0x0800017c   0x00000000   Code   RO         1633    .ARM.Collect$$libshutdown$$0000000F  c_w.l(libshutdown2.o)
    0x0800017c   0x0800017c   0x00000002   Code   RO         1634    .ARM.Collect$$libshutdown$$00000010  c_w.l(libshutdown2.o)
    0x0800017e   0x0800017e   0x00000000   Code   RO         1353    .ARM.Collect$$rtentry$$00000000  c_w.l(__rtentry.o)
    0x0800017e   0x0800017e   0x00000000   Code   RO         1509    .ARM.Collect$$rtentry$$00000002  c_w.l(__rtentry2.o)
    0x0800017e   0x0800017e   0x00000006   Code   RO         1521    .ARM.Collect$$rtentry$$00000004  c_w.l(__rtentry4.o)
    0x08000184   0x08000184   0x00000008   Code   RO         1510    .ARM.Collect$$rtentry$$00000008  c_w.l(__rtentry2.o)
    0x0800018c   0x0800018c   0x00000004   Code   RO         1512    .ARM.Collect$$rtentry$$0000000A  c_w.l(__rtentry2.o)
    0x08000190   0x08000190   0x00000000   Code   RO         1514    .ARM.Collect$$rtentry$$0000000C  c_w.l(__rtentry2.o)
    0x08000190   0x08000190   0x00000008   Code   RO         1515    .ARM.Collect$$rtentry$$0000000D  c_w.l(__rtentry2.o)
    0x08000198   0x08000198   0x00000002   Code   RO         1635    .ARM.Collect$$rtexit$$00000000  c_w.l(rtexit.o)
    0x0800019a   0x0800019a   0x00000000   Code   RO         1650    .ARM.Collect$$rtexit$$00000002  c_w.l(rtexit2.o)
    0x0800019a   0x0800019a   0x00000004   Code   RO         1651    .ARM.Collect$$rtexit$$00000003  c_w.l(rtexit2.o)
    0x0800019e   0x0800019e   0x00000006   Code   RO         1652    .ARM.Collect$$rtexit$$00000004  c_w.l(rtexit2.o)
    0x080001a4   0x080001a4   0x00000040   Code   RO          771    .text               startup_stm32f10x_md.o
    0x080001e4   0x080001e4   0x0000000a   Code   RO         1281    .text               c_w.l(cxa_atexit.o)
    0x080001ee   0x080001ee   0x0000003e   Code   RO         1284    .text               c_w.l(strlen.o)
    0x0800022c   0x0800022c   0x0000008a   Code   RO         1286    .text               c_w.l(rt_memcpy_v6.o)
    0x080002b6   0x080002b6   0x00000010   Code   RO         1288    .text               c_w.l(aeabi_memset4.o)
    0x080002c6   0x080002c6   0x00000044   Code   RO         1290    .text               c_w.l(rt_memclr.o)
    0x0800030a   0x0800030a   0x00000006   Code   RO         1292    .text               c_w.l(heapauxi.o)
    0x08000310   0x08000310   0x00000024   Code   RO         1299    .text               c_w.l(init_aeabi.o)
    0x08000334   0x08000334   0x000000a6   Code   RO         1364    .text               c_w.l(h1_alloc_threads.o)
    0x080003da   0x080003da   0x00000076   Code   RO         1366    .text               c_w.l(h1_free_threads.o)
    0x08000450   0x08000450   0x00000016   Code   RO         1420    .text               c_w.l(abort.o)
    0x08000466   0x08000466   0x0000002e   Code   RO         1425    .text               c_w.l(aeabi_atexit.o)
    0x08000494   0x08000494   0x00000064   Code   RO         1428    .text               c_w.l(rt_memcpy_w.o)
    0x080004f8   0x080004f8   0x0000004e   Code   RO         1430    .text               c_w.l(rt_memclr_w.o)
    0x08000546   0x08000546   0x00000002   PAD
    0x08000548   0x08000548   0x0000000c   Code   RO         1504    .text               c_w.l(sys_exit.o)
    0x08000554   0x08000554   0x0000000a   Code   RO         1528    .text               c_w.l(rt_heap_descriptor_twolibspace.o)
    0x0800055e   0x0800055e   0x0000000a   Code   RO         1535    .text               c_w.l(rt_ddtor_pointer_addr_twolibspace.o)
    0x08000568   0x08000568   0x00000004   Code   RO         1537    .text               c_w.l(hguard.o)
    0x0800056c   0x0800056c   0x0000008a   Code   RO         1539    .text               c_w.l(init_alloc.o)
    0x080005f6   0x080005f6   0x00000012   Code   RO         1545    .text               c_w.l(h1_init_threads.o)
    0x08000608   0x08000608   0x00000042   Code   RO         1555    .text               c_w.l(cxa_finalize.o)
    0x0800064a   0x0800064a   0x0000000e   Code   RO         1558    .text               c_w.l(defsig_abrt_outer.o)
    0x08000658   0x08000658   0x00000008   Code   RO         1580    .text               c_w.l(libspace.o)
    0x08000660   0x08000660   0x00000002   Code   RO         1583    .text               c_w.l(use_no_semi.o)
    0x08000662   0x08000662   0x00000000   Code   RO         1585    .text               c_w.l(indicate_semi.o)
    0x08000662   0x08000662   0x0000004a   Code   RO         1586    .text               c_w.l(sys_stackheap_outer.o)
    0x080006ac   0x080006ac   0x00000000   Code   RO         1593    .text               c_w.l(maybetermalloc2.o)
    0x080006ac   0x080006ac   0x00000052   Code   RO         1596    .text               c_w.l(h1_extend_threads.o)
    0x080006fe   0x080006fe   0x00000012   Code   RO         1598    .text               c_w.l(exit.o)
    0x08000710   0x08000710   0x0000000a   Code   RO         1600    .text               c_w.l(defsig_exit.o)
    0x0800071a   0x0800071a   0x00000002   PAD
    0x0800071c   0x0800071c   0x00000030   Code   RO         1602    .text               c_w.l(defsig_abrt_inner.o)
    0x0800074c   0x0800074c   0x0000000e   Code   RO         1604    .text               c_w.l(defsig_rtmem_outer.o)
    0x0800075a   0x0800075a   0x00000010   Code   RO         1637    .text               c_w.l(term_alloc.o)
    0x0800076a   0x0800076a   0x00000032   Code   RO         1641    .text               c_w.l(defsig_general.o)
    0x0800079c   0x0800079c   0x00000050   Code   RO         1643    .text               c_w.l(defsig_rtmem_inner.o)
    0x080007ec   0x080007ec   0x0000000e   Code   RO         1645    .text               c_w.l(sys_wrch.o)
    0x080007fa   0x080007fa   0x0000000a   Code   RO         1658    .text               c_w.l(h1_final_threads.o)
    0x08000804   0x08000804   0x000000b0   Code   RO          399    .text.GPIO_Init     stm32f10x_gpio.o
    0x080008b4   0x080008b4   0x0000000a   Code   RO          403    .text.GPIO_ReadInputDataBit  stm32f10x_gpio.o
    0x080008be   0x080008be   0x00000002   PAD
    0x080008c0   0x080008c0   0x0000000a   Code   RO          407    .text.GPIO_ReadOutputDataBit  stm32f10x_gpio.o
    0x080008ca   0x080008ca   0x00000002   PAD
    0x080008cc   0x080008cc   0x00000004   Code   RO          413    .text.GPIO_ResetBits  stm32f10x_gpio.o
    0x080008d0   0x080008d0   0x00000004   Code   RO          411    .text.GPIO_SetBits  stm32f10x_gpio.o
    0x080008d4   0x080008d4   0x00000014   Code   RO          377    .text.NVIC_PriorityGroupConfig  misc.o
    0x080008e8   0x080008e8   0x00000044   Code   RO          863    .text.PendSV_Handler  port.o
    0x0800092c   0x0800092c   0x00000018   Code   RO          485    .text.RCC_APB1PeriphClockCmd  stm32f10x_rcc.o
    0x08000944   0x08000944   0x00000018   Code   RO          483    .text.RCC_APB2PeriphClockCmd  stm32f10x_rcc.o
    0x0800095c   0x0800095c   0x000000a0   Code   RO          479    .text.RCC_GetClocksFreq  stm32f10x_rcc.o
    0x080009fc   0x080009fc   0x00000024   Code   RO          859    .text.SVC_Handler   port.o
    0x08000a20   0x08000a20   0x00000008   Code   RO          779    .text.SetSysClock   system_stm32f10x.o
    0x08000a28   0x08000a28   0x000000be   Code   RO          783    .text.SetSysClockTo72  system_stm32f10x.o
    0x08000ae6   0x08000ae6   0x00000002   PAD
    0x08000ae8   0x08000ae8   0x0000001a   Code   RO          184    .text.SysTick_Handler  cmsis_os2.o
    0x08000b02   0x08000b02   0x00000002   PAD
    0x08000b04   0x08000b04   0x00000056   Code   RO          777    .text.SystemInit    system_stm32f10x.o
    0x08000b5a   0x08000b5a   0x00000002   PAD
    0x08000b5c   0x08000b5c   0x00000012   Code   RO          713    .text.USART_Cmd     stm32f10x_usart.o
    0x08000b6e   0x08000b6e   0x00000002   PAD
    0x08000b70   0x08000b70   0x0000000a   Code   RO          753    .text.USART_GetFlagStatus  stm32f10x_usart.o
    0x08000b7a   0x08000b7a   0x00000002   PAD
    0x08000b7c   0x08000b7c   0x000000b2   Code   RO          705    .text.USART_Init    stm32f10x_usart.o
    0x08000c2e   0x08000c2e   0x00000002   PAD
    0x08000c30   0x08000c30   0x00000008   Code   RO          731    .text.USART_ReceiveData  stm32f10x_usart.o
    0x08000c38   0x08000c38   0x00000008   Code   RO          729    .text.USART_SendData  stm32f10x_usart.o
    0x08000c40   0x08000c40   0x00000012   Code   RO          707    .text.USART_StructInit  stm32f10x_usart.o
    0x08000c52   0x08000c52   0x00000002   PAD
    0x08000c54   0x08000c54   0x00000010   Code   RO           28    .text._GLOBAL__sub_I_main.cpp  main.o
    0x08000c64   0x08000c64   0x0000002c   Code   RO           24    .text._ZL10LED_Togglev  main.o
    0x08000c90   0x08000c90   0x0000005e   Code   RO           18    .text._ZL10Task_BlinkPv  main.o
    0x08000cee   0x08000cee   0x00000002   PAD
    0x08000cf0   0x08000cf0   0x0000000c   Code   RO           10    .text._ZL11NVIC_Configv  main.o
    0x08000cfc   0x08000cfc   0x00000064   Code   RO           14    .text._ZL11Task_ButtonPv  main.o
    0x08000d60   0x08000d60   0x00000022   Code   RO          102    .text._ZL12defaultRxPinP13USART_TypeDef  uart.o
    0x08000d82   0x08000d82   0x00000002   PAD
    0x08000d84   0x08000d84   0x00000022   Code   RO           98    .text._ZL12defaultTxPinP13USART_TypeDef  uart.o
    0x08000da6   0x08000da6   0x00000002   PAD
    0x08000da8   0x08000da8   0x00000018   Code   RO          100    .text._ZL13defaultRxPortP13USART_TypeDef  uart.o
    0x08000dc0   0x08000dc0   0x00000018   Code   RO           96    .text._ZL13defaultTxPortP13USART_TypeDef  uart.o
    0x08000dd8   0x08000dd8   0x0000001c   Code   RO           26    .text._ZL17USART1_SendStringPKc  main.o
    0x08000df4   0x08000df4   0x0000001a   Code   RO           22    .text._ZL21HalfPeriodTicksFromHzj  main.o
    0x08000e0e   0x08000e0e   0x00000002   PAD
    0x08000e10   0x08000e10   0x00000014   Code   RO           20    .text._ZL7LED_Offv  main.o
    0x08000e24   0x08000e24   0x00000054   Code   RO           12    .text._ZL9Task_MainPv  main.o
    0x08000e78   0x08000e78   0x00000088   Code   RO           16    .text._ZL9Task_UARTPv  main.o
    0x08000f00   0x08000f00   0x0000000e   Code   RO          140    .text._ZN11IByteReaderC2Ev  uart.o
    0x08000f0e   0x08000f0e   0x00000002   PAD
    0x08000f10   0x08000f10   0x00000002   Code   RO          150    .text._ZN11IByteReaderD0Ev  uart.o
    0x08000f12   0x08000f12   0x00000002   PAD
    0x08000f14   0x08000f14   0x00000002   Code   RO           48    .text._ZN11IByteReaderD2Ev  main.o
    0x08000f16   0x08000f16   0x00000002   PAD
    0x08000f18   0x08000f18   0x00000020   Code   RO           62    .text._ZN11IByteWriter5WriteEPKc  main.o
    0x08000f38   0x08000f38   0x0000000e   Code   RO          138    .text._ZN11IByteWriterC2Ev  uart.o
    0x08000f46   0x08000f46   0x00000002   PAD
    0x08000f48   0x08000f48   0x00000002   Code   RO          148    .text._ZN11IByteWriterD0Ev  uart.o
    0x08000f4a   0x08000f4a   0x00000002   PAD
    0x08000f4c   0x08000f4c   0x00000002   Code   RO           50    .text._ZN11IByteWriterD2Ev  main.o
    0x08000f4e   0x08000f4e   0x00000002   PAD
    0x08000f50   0x08000f50   0x00000042   Code   RO          112    .text._ZN4Uart10Setup_UartEjtt  uart.o
    0x08000f92   0x08000f92   0x00000002   PAD
    0x08000f94   0x08000f94   0x0000002a   Code   RO          118    .text._ZN4Uart10Write_CharEc  uart.o
    0x08000fbe   0x08000fbe   0x00000002   PAD
    0x08000fc0   0x08000fc0   0x00000046   Code   RO          104    .text._ZN4Uart13Enable_ClocksEv  uart.o
    0x08001006   0x08001006   0x00000002   PAD
    0x08001008   0x08001008   0x0000001c   Code   RO          108    .text._ZN4Uart18Setup_Default_PinsEv  uart.o
    0x08001024   0x08001024   0x0000000c   Code   RO          116    .text._ZN4Uart3EndEv  uart.o
    0x08001030   0x08001030   0x0000001e   Code   RO          126    .text._ZN4Uart4ReadEv  uart.o
    0x0800104e   0x0800104e   0x00000002   PAD
    0x08001050   0x08001050   0x0000002e   Code   RO          114    .text._ZN4Uart5BeginEjtt  uart.o
    0x0800107e   0x0800107e   0x00000002   PAD
    0x08001080   0x08001080   0x00000008   Code   RO           60    .text._ZN4Uart5WriteEPKc  main.o
    0x08001088   0x08001088   0x00000028   Code   RO          120    .text._ZN4Uart5WriteEPKhj  uart.o
    0x080010b0   0x080010b0   0x00000014   Code   RO          122    .text._ZN4Uart9AvailableEv  uart.o
    0x080010c4   0x080010c4   0x00000074   Code   RO           94    .text._ZN4UartC2EP13USART_TypeDefj  uart.o
    0x08001138   0x08001138   0x0000000c   Code   RO          142    .text._ZN4UartD0Ev  uart.o
    0x08001144   0x08001144   0x00000012   Code   RO           46    .text._ZN4UartD2Ev  main.o
    0x08001156   0x08001156   0x00000002   PAD
    0x08001158   0x08001158   0x00000016   Code   RO           69    .text._ZN7GpioPin12Enable_ClockEv  gpio.o
    0x0800116e   0x0800116e   0x00000002   PAD
    0x08001170   0x08001170   0x00000038   Code   RO           71    .text._ZN7GpioPin13Rcc_From_PortEP12GPIO_TypeDef  gpio.o
    0x080011a8   0x080011a8   0x0000000e   Code   RO           56    .text._ZN7GpioPin7Set_LowEv  main.o
    0x080011b6   0x080011b6   0x00000002   PAD
    0x080011b8   0x080011b8   0x0000000e   Code   RO           58    .text._ZN7GpioPin8Set_HighEv  main.o
    0x080011c6   0x080011c6   0x00000002   PAD
    0x080011c8   0x080011c8   0x00000038   Code   RO           73    .text._ZN7GpioPin9ConfigureE9GPIO_Mode10GPIO_Speed  gpio.o
    0x08001200   0x08001200   0x00000012   Code   RO           65    .text._ZN7GpioPinC2EP12GPIO_TypeDeft  gpio.o
    0x08001212   0x08001212   0x00000002   PAD
    0x08001214   0x08001214   0x00000026   Code   RO           67    .text._ZN7GpioPinC2EP12GPIO_TypeDeft9GPIO_Mode10GPIO_Speed  gpio.o
    0x0800123a   0x0800123a   0x00000002   PAD
    0x0800123c   0x0800123c   0x00000012   Code   RO          106    .text._ZNK4Uart7Is_APB2Ev  uart.o
    0x0800124e   0x0800124e   0x00000002   PAD
    0x08001250   0x08001250   0x00000016   Code   RO           52    .text._ZNK7GpioPin10Read_InputEv  main.o
    0x08001266   0x08001266   0x00000002   PAD
    0x08001268   0x08001268   0x00000016   Code   RO           54    .text._ZNK7GpioPin11Read_OutputEv  main.o
    0x0800127e   0x0800127e   0x00000002   PAD
    0x08001280   0x08001280   0x00000006   Code   RO          128    .text._ZThn4_N4Uart4ReadEv  uart.o
    0x08001286   0x08001286   0x00000002   PAD
    0x08001288   0x08001288   0x00000006   Code   RO          124    .text._ZThn4_N4Uart9AvailableEv  uart.o
    0x0800128e   0x0800128e   0x00000002   PAD
    0x08001290   0x08001290   0x00000006   Code   RO          146    .text._ZThn4_N4UartD0Ev  uart.o
    0x08001296   0x08001296   0x00000002   PAD
    0x08001298   0x08001298   0x00000006   Code   RO          144    .text._ZThn4_N4UartD1Ev  uart.o
    0x0800129e   0x0800129e   0x00000004   Code   RO         1313    .text._ZdlPv        libcpp_w.l(new.cpp.o)
    0x080012a2   0x080012a2   0x00000002   PAD
    0x080012a4   0x080012a4   0x00000028   Code   RO         1348    .text.__cxa_pure_virtual  libcppabi_w.l(cxa_virtual.cpp.o)
    0x080012cc   0x080012cc   0x0000002a   Code   RO            2    .text.__cxx_global_var_init  main.o
    0x080012f6   0x080012f6   0x00000002   PAD
    0x080012f8   0x080012f8   0x00000028   Code   RO            4    .text.__cxx_global_var_init.1  main.o
    0x08001320   0x08001320   0x00000034   Code   RO            6    .text.__cxx_global_var_init.2  main.o
    0x08001354   0x08001354   0x00000020   Code   RO          164    .text._mutex_acquire  clib_os.o
    0x08001374   0x08001374   0x00000032   Code   RO          170    .text._mutex_free   clib_os.o
    0x080013a6   0x080013a6   0x00000002   PAD
    0x080013a8   0x080013a8   0x00000058   Code   RO          162    .text._mutex_initialize  clib_os.o
    0x08001400   0x08001400   0x00000022   Code   RO          168    .text._mutex_release  clib_os.o
    0x08001422   0x08001422   0x00000002   PAD
    0x08001424   0x08001424   0x00000002   Code   RO          156    .text._platform_post_stackheap_init  clib_os.o
    0x08001426   0x08001426   0x00000004   Code   RO         1482    .text.abort_message  libcppabi_w.l(abort_message.cpp.o)
    0x0800142a   0x0800142a   0x00000002   PAD
    0x0800142c   0x0800142c   0x0000000c   Code   RO          166    .text.is_thread_mode  clib_os.o
    0x08001438   0x08001438   0x000000ac   Code   RO            8    .text.main          main.o
    0x080014e4   0x080014e4   0x00000010   Code   RO          160    .text.os_kernel_is_active  clib_os.o
    0x080014f4   0x080014f4   0x000000b2   Code   RO         1035    .text.prvAddCurrentTaskToDelayedList  tasks.o
    0x080015a6   0x080015a6   0x00000002   PAD
    0x080015a8   0x080015a8   0x000000cc   Code   RO         1019    .text.prvAddNewTaskToReadyList  tasks.o
    0x08001674   0x08001674   0x0000006a   Code   RO         1198    .text.prvCheckForValidListAndQueue  timers.o
    0x080016de   0x080016de   0x00000002   PAD
    0x080016e0   0x080016e0   0x0000004e   Code   RO         1069    .text.prvCheckTasksWaitingTermination  tasks.o
    0x0800172e   0x0800172e   0x00000002   PAD
    0x08001730   0x08001730   0x00000026   Code   RO          971    .text.prvCopyDataFromQueue  queue.o
    0x08001756   0x08001756   0x00000002   PAD
    0x08001758   0x08001758   0x0000007a   Code   RO          959    .text.prvCopyDataToQueue  queue.o
    0x080017d2   0x080017d2   0x00000002   PAD
    0x080017d4   0x080017d4   0x0000006c   Code   RO         1065    .text.prvCreateIdleTasks  tasks.o
    0x08001840   0x08001840   0x00000072   Code   RO         1017    .text.prvCreateStaticTask  tasks.o
    0x080018b2   0x080018b2   0x00000002   PAD
    0x080018b4   0x080018b4   0x0000005c   Code   RO         1023    .text.prvCreateTask  tasks.o
    0x08001910   0x08001910   0x00000026   Code   RO         1029    .text.prvDeleteTCB  tasks.o
    0x08001936   0x08001936   0x00000002   PAD
    0x08001938   0x08001938   0x00000012   Code   RO          975    .text.prvGetHighestPriorityOfWaitToReceiveList  queue.o
    0x0800194a   0x0800194a   0x00000002   PAD
    0x0800194c   0x0800194c   0x00000020   Code   RO         1244    .text.prvGetNextExpireTime  timers.o
    0x0800196c   0x0800196c   0x0000006a   Code   RO          892    .text.prvHeapInit   heap_4.o
    0x080019d6   0x080019d6   0x00000002   PAD
    0x080019d8   0x080019d8   0x0000002a   Code   RO         1159    .text.prvIdleTask   tasks.o
    0x08001a02   0x08001a02   0x00000002   PAD
    0x08001a04   0x08001a04   0x00000020   Code   RO          939    .text.prvInitialiseMutex  queue.o
    0x08001a24   0x08001a24   0x00000020   Code   RO          931    .text.prvInitialiseNewQueue  queue.o
    0x08001a44   0x08001a44   0x0000008c   Code   RO         1155    .text.prvInitialiseNewTask  tasks.o
    0x08001ad0   0x08001ad0   0x00000070   Code   RO         1157    .text.prvInitialiseTaskLists  tasks.o
    0x08001b40   0x08001b40   0x00000078   Code   RO          896    .text.prvInsertBlockIntoFreeList  heap_4.o
    0x08001bb8   0x08001bb8   0x00000040   Code   RO         1258    .text.prvInsertTimerInActiveList  timers.o
    0x08001bf8   0x08001bf8   0x00000018   Code   RO          973    .text.prvIsQueueEmpty  queue.o
    0x08001c10   0x08001c10   0x0000001c   Code   RO          961    .text.prvIsQueueFull  queue.o
    0x08001c2c   0x08001c2c   0x00000020   Code   RO          867    .text.prvPortStartFirstTask  port.o
    0x08001c4c   0x08001c4c   0x0000003e   Code   RO         1252    .text.prvProcessExpiredTimer  timers.o
    0x08001c8a   0x08001c8a   0x00000002   PAD
    0x08001c8c   0x08001c8c   0x00000118   Code   RO         1248    .text.prvProcessReceivedCommands  timers.o
    0x08001da4   0x08001da4   0x00000080   Code   RO         1246    .text.prvProcessTimerOrBlockTask  timers.o
    0x08001e24   0x08001e24   0x0000003a   Code   RO         1256    .text.prvReloadTimer  timers.o
    0x08001e5e   0x08001e5e   0x00000002   PAD
    0x08001e60   0x08001e60   0x00000026   Code   RO         1027    .text.prvResetNextTaskUnblockTime  tasks.o
    0x08001e86   0x08001e86   0x00000002   PAD
    0x08001e88   0x08001e88   0x0000002a   Code   RO         1250    .text.prvSampleTimeNow  timers.o
    0x08001eb2   0x08001eb2   0x00000002   PAD
    0x08001eb4   0x08001eb4   0x00000034   Code   RO         1254    .text.prvSwitchTimerLists  timers.o
    0x08001ee8   0x08001ee8   0x00000032   Code   RO          857    .text.prvTaskExitError  port.o
    0x08001f1a   0x08001f1a   0x00000002   PAD
    0x08001f1c   0x08001f1c   0x00000018   Code   RO          807    .text.prvTestWaitCondition  event_groups.o
    0x08001f34   0x08001f34   0x00000016   Code   RO         1200    .text.prvTimerTask  timers.o
    0x08001f4a   0x08001f4a   0x00000002   PAD
    0x08001f4c   0x08001f4c   0x00000072   Code   RO          963    .text.prvUnlockQueue  queue.o
    0x08001fbe   0x08001fbe   0x00000002   PAD
    0x08001fc0   0x08001fc0   0x0000014e   Code   RO          890    .text.pvPortMalloc  heap_4.o
    0x0800210e   0x0800210e   0x00000002   PAD
    0x08002110   0x08002110   0x00000018   Code   RO         1133    .text.pvTaskIncrementMutexHeldCount  tasks.o
    0x08002128   0x08002128   0x00000020   Code   RO          855    .text.pxPortInitialiseStack  port.o
    0x08002148   0x08002148   0x00000026   Code   RO          845    .text.uxListRemove  list.o
    0x0800216e   0x0800216e   0x00000002   PAD
    0x08002170   0x08002170   0x0000001a   Code   RO         1131    .text.uxTaskResetEventItemValue  tasks.o
    0x0800218a   0x0800218a   0x00000002   PAD
    0x0800218c   0x0800218c   0x0000001a   Code   RO         1149    .text.vApplicationGetIdleTaskMemory  tasks.o
    0x080021a6   0x080021a6   0x00000002   PAD
    0x080021a8   0x080021a8   0x0000001a   Code   RO         1151    .text.vApplicationGetTimerTaskMemory  tasks.o
    0x080021c2   0x080021c2   0x00000002   PAD
    0x080021c4   0x080021c4   0x00000004   Code   RO          338    .text.vApplicationStackOverflowHook  cmsis_os2.o
    0x080021c8   0x080021c8   0x00000016   Code   RO          837    .text.vListInitialise  list.o
    0x080021de   0x080021de   0x00000002   PAD
    0x080021e0   0x080021e0   0x00000006   Code   RO          839    .text.vListInitialiseItem  list.o
    0x080021e6   0x080021e6   0x00000002   PAD
    0x080021e8   0x080021e8   0x0000003a   Code   RO          843    .text.vListInsert   list.o
    0x08002222   0x08002222   0x00000002   PAD
    0x08002224   0x08002224   0x00000036   Code   RO          871    .text.vPortEnterCritical  port.o
    0x0800225a   0x0800225a   0x00000002   PAD
    0x0800225c   0x0800225c   0x00000020   Code   RO          873    .text.vPortExitCritical  port.o
    0x0800227c   0x0800227c   0x0000007e   Code   RO          894    .text.vPortFree     heap_4.o
    0x080022fa   0x080022fa   0x00000002   PAD
    0x080022fc   0x080022fc   0x00000034   Code   RO          865    .text.vPortSetupTimerInterrupt  port.o
    0x08002330   0x08002330   0x00000014   Code   RO          989    .text.vQueueDelete  queue.o
    0x08002344   0x08002344   0x00000044   Code   RO         1005    .text.vQueueWaitForMessageRestricted  queue.o
    0x08002388   0x08002388   0x00000044   Code   RO         1039    .text.vTaskDelay    tasks.o
    0x080023cc   0x080023cc   0x0000001a   Code   RO         1103    .text.vTaskInternalSetTimeOutState  tasks.o
    0x080023e6   0x080023e6   0x00000002   PAD
    0x080023e8   0x080023e8   0x0000000e   Code   RO         1107    .text.vTaskMissedYield  tasks.o
    0x080023f6   0x080023f6   0x00000002   PAD
    0x080023f8   0x080023f8   0x00000022   Code   RO         1091    .text.vTaskPlaceOnEventList  tasks.o
    0x0800241a   0x0800241a   0x00000002   PAD
    0x0800241c   0x0800241c   0x00000052   Code   RO         1095    .text.vTaskPlaceOnEventListRestricted  tasks.o
    0x0800246e   0x0800246e   0x00000002   PAD
    0x08002470   0x08002470   0x00000056   Code   RO         1093    .text.vTaskPlaceOnUnorderedEventList  tasks.o
    0x080024c6   0x080024c6   0x00000002   PAD
    0x080024c8   0x080024c8   0x00000098   Code   RO         1129    .text.vTaskPriorityDisinheritAfterTimeout  tasks.o
    0x08002560   0x08002560   0x000000cc   Code   RO         1099    .text.vTaskRemoveFromUnorderedEventList  tasks.o
    0x0800262c   0x0800262c   0x00000060   Code   RO         1063    .text.vTaskStartScheduler  tasks.o
    0x0800268c   0x0800268c   0x00000010   Code   RO         1033    .text.vTaskSuspendAll  tasks.o
    0x0800269c   0x0800269c   0x000000ce   Code   RO         1055    .text.vTaskSwitchContext  tasks.o
    0x0800276a   0x0800276a   0x00000002   PAD
    0x0800276c   0x0800276c   0x0000001c   Code   RO          799    .text.xEventGroupCreate  event_groups.o
    0x08002788   0x08002788   0x00000090   Code   RO          803    .text.xEventGroupSetBits  event_groups.o
    0x08002818   0x08002818   0x000000d4   Code   RO          805    .text.xEventGroupWaitBits  event_groups.o
    0x080028ec   0x080028ec   0x000000ec   Code   RO          861    .text.xPortStartScheduler  port.o
    0x080029d8   0x080029d8   0x0000002e   Code   RO          875    .text.xPortSysTickHandler  port.o
    0x08002a06   0x08002a06   0x00000002   PAD
    0x08002a08   0x08002a08   0x00000016   Code   RO          937    .text.xQueueCreateMutex  queue.o
    0x08002a1e   0x08002a1e   0x00000002   PAD
    0x08002a20   0x08002a20   0x00000022   Code   RO          941    .text.xQueueCreateMutexStatic  queue.o
    0x08002a42   0x08002a42   0x00000002   PAD
    0x08002a44   0x08002a44   0x0000004e   Code   RO          935    .text.xQueueGenericCreate  queue.o
    0x08002a92   0x08002a92   0x00000002   PAD
    0x08002a94   0x08002a94   0x0000004a   Code   RO          929    .text.xQueueGenericCreateStatic  queue.o
    0x08002ade   0x08002ade   0x00000002   PAD
    0x08002ae0   0x08002ae0   0x0000009a   Code   RO          927    .text.xQueueGenericReset  queue.o
    0x08002b7a   0x08002b7a   0x00000002   PAD
    0x08002b7c   0x08002b7c   0x00000166   Code   RO          949    .text.xQueueGenericSend  queue.o
    0x08002ce2   0x08002ce2   0x00000002   PAD
    0x08002ce4   0x08002ce4   0x00000148   Code   RO          969    .text.xQueueReceive  queue.o
    0x08002e2c   0x08002e2c   0x0000017a   Code   RO          953    .text.xQueueSemaphoreTake  queue.o
    0x08002fa6   0x08002fa6   0x00000002   PAD
    0x08002fa8   0x08002fa8   0x0000008a   Code   RO         1105    .text.xTaskCheckForTimeOut  tasks.o
    0x08003032   0x08003032   0x00000002   PAD
    0x08003034   0x08003034   0x00000024   Code   RO         1021    .text.xTaskCreate   tasks.o
    0x08003058   0x08003058   0x0000002a   Code   RO         1015    .text.xTaskCreateStatic  tasks.o
    0x08003082   0x08003082   0x00000002   PAD
    0x08003084   0x08003084   0x00000026   Code   RO         1123    .text.xTaskGetSchedulerState  tasks.o
    0x080030aa   0x080030aa   0x00000002   PAD
    0x080030ac   0x080030ac   0x0000000c   Code   RO         1073    .text.xTaskGetTickCount  tasks.o
    0x080030b8   0x080030b8   0x0000019c   Code   RO         1071    .text.xTaskIncrementTick  tasks.o
    0x08003254   0x08003254   0x00000088   Code   RO         1127    .text.xTaskPriorityDisinherit  tasks.o
    0x080032dc   0x080032dc   0x000000a6   Code   RO         1125    .text.xTaskPriorityInherit  tasks.o
    0x08003382   0x08003382   0x00000002   PAD
    0x08003384   0x08003384   0x000000e4   Code   RO         1097    .text.xTaskRemoveFromEventList  tasks.o
    0x08003468   0x08003468   0x00000164   Code   RO         1037    .text.xTaskResumeAll  tasks.o
    0x080035cc   0x080035cc   0x00000070   Code   RO         1196    .text.xTimerCreateTimerTask  timers.o
    0x0800363c   0x0800363c   0x00000004   Data   RO          504    .rodata.ADCPrescTable  stm32f10x_rcc.o
    0x08003640   0x08003640   0x00000010   Data   RO          503    .rodata.APBAHBPrescTable  stm32f10x_rcc.o
    0x08003650   0x08003650   0x00000018   Data   RO          153    .rodata._ZTV11IByteReader  uart.o
    0x08003668   0x08003668   0x00000014   Data   RO          152    .rodata._ZTV11IByteWriter  uart.o
    0x0800367c   0x0800367c   0x00000048   Data   RO          130    .rodata._ZTV4Uart   uart.o
    0x080036c4   0x080036c4   0x00000010   Data   RO           85    .rodata._ZTV7GpioPin  gpio.o
    0x080036d4   0x080036d4   0x00000005   Data   RO           35    .rodata.str1.1      main.o
    0x080036d9   0x080036d9   0x00000003   PAD
    0x080036dc   0x080036dc   0x00000004   Data   RO         1177    .rodata.uxTopUsedPriority  tasks.o
    0x080036e0   0x080036e0   0x00000020   Data   RO         1679    Region$$Table       anon$$obj.o
    0x08003700   0x08003700   0x00000004   Data   RO           36    .init_array         main.o
    0x08003704   0x08003700   0x00000000   Data   RO         1297    .init_array         c_w.l(init_aeabi.o)


    Execution Region RW_IRAM1 (Exec base: 0x20000000, Load base: 0x08003708, Size: 0x00003310, Max: 0x00005000, ABSOLUTE)

    Exec Addr    Load Addr    Size         Type   Attr      Idx    E Section Name        Object

    0x20000000   0x08003708   0x00000004   Data   RW          785    .data.SystemCoreClock  system_stm32f10x.o
    0x20000004   0x0800370c   0x00000001   Data   RW           34    .data._ZL13g_currentFreq  main.o
    0x20000005   0x0800370d   0x00000003   PAD
    0x20000008   0x08003710   0x00000004   Data   RW          881    .data.uxCriticalNesting  port.o
    0x2000000c   0x08003714   0x00000004   PAD
    0x20000010        -       0x00000060   Zero   RW         1581    .bss                c_w.l(libspace.o)
    0x20000070        -       0x00000004   Zero   RW           33    .bss._ZL5g_evt      main.o
    0x20000074        -       0x00000024   Zero   RW           32    .bss._ZL5uart1      main.o
    0x20000098        -       0x0000000c   Zero   RW           31    .bss._ZL7btn_pin    main.o
    0x200000a4        -       0x0000000c   Zero   RW           30    .bss._ZL7led_pin    main.o
    0x200000b0        -       0x00000190   Zero   RW          175    .bss.clib_mutex_cb  clib_os.o
    0x20000240        -       0x00000014   Zero   RW          174    .bss.clib_mutex_id  clib_os.o
    0x20000254        -       0x00000050   Zero   RW         1268    .bss.prvCheckForValidListAndQueue.ucStaticTimerQueueStorage  timers.o
    0x200002a4        -       0x00000050   Zero   RW         1267    .bss.prvCheckForValidListAndQueue.xStaticTimerQueue  timers.o
    0x200002f4        -       0x00000004   Zero   RW         1264    .bss.prvSampleTimeNow.xLastTime  timers.o
    0x200002f8        -       0x00000004   Zero   RW         1161    .bss.pxCurrentTCB   tasks.o
    0x200002fc        -       0x00000004   Zero   RW         1262    .bss.pxCurrentTimerList  timers.o
    0x20000300        -       0x00000004   Zero   RW         1169    .bss.pxDelayedTaskList  tasks.o
    0x20000304        -       0x00000004   Zero   RW          912    .bss.pxEnd          heap_4.o
    0x20000308        -       0x00000004   Zero   RW         1170    .bss.pxOverflowDelayedTaskList  tasks.o
    0x2000030c        -       0x00000004   Zero   RW         1263    .bss.pxOverflowTimerList  timers.o
    0x20000310        -       0x00000460   Zero   RW         1173    .bss.pxReadyTasksLists  tasks.o
    0x20000770        -       0x00002000   Zero   RW          915    .bss.ucHeap         heap_4.o
    0x20002770        -       0x00000001   Zero   RW          879    .bss.ucMaxSysCallPriority  port.o
    0x20002771   0x08003714   0x00000003   PAD
    0x20002774        -       0x00000004   Zero   RW          880    .bss.ulMaxPRIGROUPValue  port.o
    0x20002778        -       0x00000004   Zero   RW         1166    .bss.uxCurrentNumberOfTasks  tasks.o
    0x2000277c        -       0x00000004   Zero   RW         1165    .bss.uxDeletedTasksWaitingCleanUp  tasks.o
    0x20002780        -       0x00000004   Zero   RW         1167    .bss.uxSchedulerSuspended  tasks.o
    0x20002784        -       0x00000004   Zero   RW         1162    .bss.uxTaskNumber   tasks.o
    0x20002788        -       0x00000004   Zero   RW         1174    .bss.uxTopReadyPriority  tasks.o
    0x2000278c        -       0x00000200   Zero   RW         1181    .bss.vApplicationGetIdleTaskMemory.uxIdleTaskStack  tasks.o
    0x2000298c        -       0x0000005c   Zero   RW         1180    .bss.vApplicationGetIdleTaskMemory.xIdleTaskTCB  tasks.o
    0x200029e8        -       0x00000200   Zero   RW         1183    .bss.vApplicationGetTimerTaskMemory.uxTimerTaskStack  tasks.o
    0x20002be8        -       0x0000005c   Zero   RW         1182    .bss.vApplicationGetTimerTaskMemory.xTimerTaskTCB  tasks.o
    0x20002c44        -       0x00000014   Zero   RW         1265    .bss.xActiveTimerList1  timers.o
    0x20002c58        -       0x00000014   Zero   RW         1266    .bss.xActiveTimerList2  timers.o
    0x20002c6c        -       0x00000014   Zero   RW         1184    .bss.xDelayedTaskList1  tasks.o
    0x20002c80        -       0x00000014   Zero   RW         1185    .bss.xDelayedTaskList2  tasks.o
    0x20002c94        -       0x00000004   Zero   RW          913    .bss.xFreeBytesRemaining  heap_4.o
    0x20002c98        -       0x00000004   Zero   RW         1187    .bss.xIdleTaskHandles.0  tasks.o
    0x20002c9c        -       0x00000004   Zero   RW          916    .bss.xMinimumEverFreeBytesRemaining  heap_4.o
    0x20002ca0        -       0x00000004   Zero   RW         1176    .bss.xNextTaskUnblockTime  tasks.o
    0x20002ca4        -       0x00000004   Zero   RW         1179    .bss.xNumOfOverflows  tasks.o
    0x20002ca8        -       0x00000004   Zero   RW          917    .bss.xNumberOfSuccessfulAllocations  heap_4.o
    0x20002cac        -       0x00000004   Zero   RW          918    .bss.xNumberOfSuccessfulFrees  heap_4.o
    0x20002cb0        -       0x00000004   Zero   RW         1178    .bss.xPendedTicks   tasks.o
    0x20002cb4        -       0x00000014   Zero   RW         1171    .bss.xPendingReadyList  tasks.o
    0x20002cc8        -       0x00000004   Zero   RW         1163    .bss.xSchedulerRunning  tasks.o
    0x20002ccc        -       0x00000008   Zero   RW          914    .bss.xStart         heap_4.o
    0x20002cd4        -       0x00000014   Zero   RW         1172    .bss.xSuspendedTaskList  tasks.o
    0x20002ce8        -       0x00000014   Zero   RW         1164    .bss.xTasksWaitingTermination  tasks.o
    0x20002cfc        -       0x00000004   Zero   RW         1168    .bss.xTickCount     tasks.o
    0x20002d00        -       0x00000004   Zero   RW         1260    .bss.xTimerQueue    timers.o
    0x20002d04        -       0x00000004   Zero   RW         1261    .bss.xTimerTaskHandle  timers.o
    0x20002d08        -       0x00000004   Zero   RW         1175    .bss.xYieldPendings  tasks.o
    0x20002d0c   0x08003714   0x00000004   PAD
    0x20002d10        -       0x00000200   Zero   RW          769    HEAP                startup_stm32f10x_md.o
    0x20002f10        -       0x00000400   Zero   RW          768    STACK               startup_stm32f10x_md.o


==============================================================================

Image component sizes


      Code (inc. data)   RO Data    RW Data    ZI Data      Debug   Object Name

       234          0          0          0        420       4052   clib_os.o
        30          0          0          0          0      38380   cmsis_os2.o
       408          0          0          0          0       8840   event_groups.o
       190         28         16          0          0       5833   gpio.o
       686          0          0          0       8220       5453   heap_4.o
       124          0          0          0          0       2382   list.o
      1000         72          9          1         64      20244   main.o
        20          0          0          0          0       3689   misc.o
       638         12          0          4          5       3899   port.o
      1922          0          0          0          0      20469   queue.o
        64         26        236          0       1536        916   startup_stm32f10x_md.o
       204          0          0          0          0       6003   stm32f10x_gpio.o
       208          0         20          0          0       7819   stm32f10x_rcc.o
       240          0          0          0          0       8087   stm32f10x_usart.o
       284          0          0          4          0       3012   system_stm32f10x.o
      3794          0          4          0       2488      36210   tasks.o
       958         18          0          0        220      14766   timers.o
       672          0        116          0          0      11421   uart.o

    ----------------------------------------------------------------------
     11844        156        436         12      12964     201475   Object Totals
         0          0         32          0          0          0   (incl. Generated)
       168          0          3          3         11          0   (incl. Padding)

    ----------------------------------------------------------------------

      Code (inc. data)   RO Data    RW Data    ZI Data      Debug   Library Member Name

         8          0          0          0          0         68   __main.o
         0          0          0          0          0          0   __rtentry.o
        20          0          0          0          0          0   __rtentry2.o
         6          0          0          0          0          0   __rtentry4.o
        52          8          0          0          0          0   __scatter.o
        26          0          0          0          0          0   __scatter_copy.o
        28          0          0          0          0          0   __scatter_zi.o
        22          0          0          0          0         80   abort.o
        46          0          0          0          0         84   aeabi_atexit.o
        16          0          0          0          0         68   aeabi_memset4.o
        10          0          0          0          0         68   cxa_atexit.o
        66          0          0          0          0         84   cxa_finalize.o
        48         34          0          0          0         76   defsig_abrt_inner.o
        14          0          0          0          0         80   defsig_abrt_outer.o
        10          0          0          0          0         68   defsig_exit.o
        50          0          0          0          0         88   defsig_general.o
        80         58          0          0          0         76   defsig_rtmem_inner.o
        14          0          0          0          0         80   defsig_rtmem_outer.o
        18          0          0          0          0         80   exit.o
       166          0          0          0          0        144   h1_alloc_threads.o
        82          0          0          0          0        104   h1_extend_threads.o
        10          0          0          0          0         76   h1_final_threads.o
       118          0          0          0          0        108   h1_free_threads.o
        18          0          0          0          0         84   h1_init_threads.o
         6          0          0          0          0        152   heapauxi.o
         4          0          0          0          0        136   hguard.o
         0          0          0          0          0          0   indicate_semi.o
        36          8          0          0          0         80   init_aeabi.o
       138          0          0          0          0        168   init_alloc.o
         2          0          0          0          0          0   libinit.o
        14          0          0          0          0          0   libinit2.o
         2          0          0          0          0          0   libshutdown.o
        12          0          0          0          0          0   libshutdown2.o
         8          4          0          0         96         68   libspace.o
         0          0          0          0          0          0   maybetermalloc2.o
        10          0          0          0          0         76   rt_ddtor_pointer_addr_twolibspace.o
        10          0          0          0          0         76   rt_heap_descriptor_twolibspace.o
        68          0          0          0          0         68   rt_memclr.o
        78          0          0          0          0         80   rt_memclr_w.o
       138          0          0          0          0         68   rt_memcpy_v6.o
       100          0          0          0          0         80   rt_memcpy_w.o
         2          0          0          0          0          0   rtexit.o
        10          0          0          0          0          0   rtexit2.o
        62          0          0          0          0         76   strlen.o
        12          4          0          0          0         68   sys_exit.o
        74          0          0          0          0         80   sys_stackheap_outer.o
        14          0          0          0          0         76   sys_wrch.o
        16          0          0          0          0         80   term_alloc.o
         2          0          0          0          0         68   use_no_semi.o
         4          0          0          0          0        380   new.cpp.o
         4          0          0          0          0         36   abort_message.cpp.o
        40         32          0          0          0         52   cxa_virtual.cpp.o

    ----------------------------------------------------------------------
      1804        148          0          0         96       3484   Library Totals
        10          0          0          0          0          0   (incl. Padding)

    ----------------------------------------------------------------------

      Code (inc. data)   RO Data    RW Data    ZI Data      Debug   Library Name

      1746        116          0          0         96       3016   c_w.l
         4          0          0          0          0        380   libcpp_w.l
        44         32          0          0          0         88   libcppabi_w.l

    ----------------------------------------------------------------------
      1804        148          0          0         96       3484   Library Totals

    ----------------------------------------------------------------------

==============================================================================


      Code (inc. data)   RO Data    RW Data    ZI Data      Debug   

     13648        304        436         12      13060     203047   Grand Totals
     13648        304        436         12      13060     203047   ELF Image Totals
     13648        304        436         12          0          0   ROM Totals

==============================================================================

    Total RO  Size (Code + RO Data)                14084 (  13.75kB)
    Total RW  Size (RW Data + ZI Data)             13072 (  12.77kB)
    Total ROM Size (Code + RO Data + RW Data)      14096 (  13.77kB)

==============================================================================

