Component: ARM Compiler 5.06 update 1 (build 61) Tool: armlink [4d35a8]

==============================================================================

Section Cross References

    main.o(i.main) refers to spi.o(i.SPI1_Setup) for SPI1_Setup
    main.o(i.main) refers to sdcard.o(i.SD_Init) for SD_Init
    main.o(i.main) refers to ff.o(i.f_mount) for f_mount
    main.o(i.main) refers to ff.o(i.f_open) for f_open
    main.o(i.main) refers to ff.o(i.f_lseek) for f_lseek
    main.o(i.main) refers to rt_memcpy_w.o(.text) for __aeabi_memcpy4
    main.o(i.main) refers to strlen.o(.text) for strlen
    main.o(i.main) refers to ff.o(i.f_write) for f_write
    main.o(i.main) refers to ff.o(i.f_close) for f_close
    main.o(i.main) refers to uart.o(.bss) for UART1
    lib_delay.o(i.Delay_Setup) refers to system_stm32f10x.o(i.SystemCoreClockUpdate) for SystemCoreClockUpdate
    lib_delay.o(i.Delay_Setup) refers to system_stm32f10x.o(.data) for SystemCoreClock
    lib_delay.o(i.Delay_ms) refers to lib_delay.o(.data) for .data
    lib_delay.o(i.SysTick_Handler) refers to lib_delay.o(.data) for .data
    uart.o(i.UART1_Init) refers to uart.o(i.UARTx_Init) for UARTx_Init
    uart.o(i.UART1_Print) refers to uart.o(i.UARTx_SendData) for UARTx_SendData
    uart.o(i.UART1_Scan) refers to uart.o(i.UARTx_ReceiveData) for UARTx_ReceiveData
    uart.o(i.UART2_Init) refers to uart.o(i.UARTx_Init) for UARTx_Init
    uart.o(i.UART2_Print) refers to uart.o(i.UARTx_SendData) for UARTx_SendData
    uart.o(i.UART2_Scan) refers to uart.o(i.UARTx_ReceiveData) for UARTx_ReceiveData
    uart.o(i.UART3_Init) refers to uart.o(i.UARTx_Init) for UARTx_Init
    uart.o(i.UART3_Print) refers to uart.o(i.UARTx_SendData) for UARTx_SendData
    uart.o(i.UART3_Scan) refers to uart.o(i.UARTx_ReceiveData) for UARTx_ReceiveData
    uart.o(i.UART_FirstInit) refers to uart.o(i.UART1_Init) for UART1_Init
    uart.o(i.UART_FirstInit) refers to uart.o(.bss) for .bss
    uart.o(i.UART_FirstInit) refers to uart.o(i.UART1_Scan) for UART1_Scan
    uart.o(i.UART_FirstInit) refers to uart.o(i.UART1_Print) for UART1_Print
    uart.o(i.UART_FirstInit) refers to uart.o(i.UART2_Init) for UART2_Init
    uart.o(i.UART_FirstInit) refers to uart.o(i.UART2_Scan) for UART2_Scan
    uart.o(i.UART_FirstInit) refers to uart.o(i.UART2_Print) for UART2_Print
    uart.o(i.UART_FirstInit) refers to uart.o(i.UART3_Init) for UART3_Init
    uart.o(i.UART_FirstInit) refers to uart.o(i.UART3_Scan) for UART3_Scan
    uart.o(i.UART_FirstInit) refers to uart.o(i.UART3_Print) for UART3_Print
    uart.o(i.UARTx_Init) refers to stm32f10x_rcc.o(i.RCC_APB2PeriphClockCmd) for RCC_APB2PeriphClockCmd
    uart.o(i.UARTx_Init) refers to stm32f10x_gpio.o(i.GPIO_PinRemapConfig) for GPIO_PinRemapConfig
    uart.o(i.UARTx_Init) refers to stm32f10x_gpio.o(i.GPIO_Init) for GPIO_Init
    uart.o(i.UARTx_Init) refers to uart.o(i.NVIC_SetPriority) for NVIC_SetPriority
    uart.o(i.UARTx_Init) refers to uart.o(i.NVIC_EnableIRQ) for NVIC_EnableIRQ
    uart.o(i.UARTx_Init) refers to stm32f10x_rcc.o(i.RCC_APB1PeriphClockCmd) for RCC_APB1PeriphClockCmd
    uart.o(i.UARTx_Init) refers to stm32f10x_usart.o(i.USART_Init) for USART_Init
    uart.o(i.UARTx_Init) refers to stm32f10x_usart.o(i.USART_Cmd) for USART_Cmd
    uart.o(i.UARTx_Init) refers to stm32f10x_usart.o(i.USART_ITConfig) for USART_ITConfig
    uart.o(i.UARTx_ReceiveData) refers to uart.o(.data) for .data
    uart.o(i.UARTx_SendData) refers to _printf_percent.o(.ARM.Collect$$_printf_percent$$00000000) for _printf_percent
    uart.o(i.UARTx_SendData) refers to _printf_d.o(.ARM.Collect$$_printf_percent$$00000009) for _printf_d
    uart.o(i.UARTx_SendData) refers to _printf_dec.o(.text) for _printf_int_dec
    uart.o(i.UARTx_SendData) refers to _printf_pad.o(.text) for _printf_pre_padding
    uart.o(i.UARTx_SendData) refers to _printf_x.o(.ARM.Collect$$_printf_percent$$0000000C) for _printf_x
    uart.o(i.UARTx_SendData) refers to _printf_hex_int.o(.text) for _printf_longlong_hex
    uart.o(i.UARTx_SendData) refers to _printf_f.o(.ARM.Collect$$_printf_percent$$00000003) for _printf_f
    uart.o(i.UARTx_SendData) refers to printf1.o(x$fpl$printf1) for _printf_fp_dec
    uart.o(i.UARTx_SendData) refers to stm32f10x_usart.o(i.USART_GetFlagStatus) for USART_GetFlagStatus
    uart.o(i.UARTx_SendData) refers to stm32f10x_usart.o(i.USART_SendData) for USART_SendData
    uart.o(i.UARTx_SendData) refers to noretval__2sprintf.o(.text) for __2sprintf
    uart.o(i.UARTx_SendData) refers to d2f.o(x$fpl$d2f) for __aeabi_d2f
    uart.o(i.UARTx_SendData) refers to f2d.o(x$fpl$f2d) for __aeabi_f2d
    uart.o(i.UARTx_SendData) refers to uart.o(.bss) for .bss
    uart.o(i.USART1_IRQHandler) refers to uart.o(.data) for .data
    uart.o(i.USART2_IRQHandler) refers to uart.o(.data) for .data
    uart.o(i.USART3_IRQHandler) refers to uart.o(.data) for .data
    uart.o(.init_array) refers to uart.o(i.UART_FirstInit) for UART_FirstInit
[...]
    ../clib/angel/sys.s                      0x00000000   Number         0  indicate_semi.o ABSOLUTE
    ../clib/angel/sys.s                      0x00000000   Number         0  use_no_semi.o ABSOLUTE
    ../clib/angel/sys.s                      0x00000000   Number         0  sys_stackheap_outer.o ABSOLUTE
    ../clib/angel/sys.s                      0x00000000   Number         0  libspace.o ABSOLUTE
    ../clib/angel/sysapp.c                   0x00000000   Number         0  sys_command.o ABSOLUTE
    ../clib/angel/sysapp.c                   0x00000000   Number         0  sys_wrch.o ABSOLUTE
    ../clib/angel/sysapp.c                   0x00000000   Number         0  sys_exit.o ABSOLUTE
    ../clib/arm_runtime.c                    0x00000000   Number         0  init_aeabi.o ABSOLUTE
    ../clib/arm_runtime.c                    0x00000000   Number         0  init_aeabi.o ABSOLUTE
    ../clib/armsys.c                         0x00000000   Number         0  argv_veneer.o ABSOLUTE
    ../clib/armsys.c                         0x00000000   Number         0  argv_veneer.o ABSOLUTE
    ../clib/armsys.c                         0x00000000   Number         0  _get_argv_nomalloc.o ABSOLUTE
    ../clib/armsys.c                         0x00000000   Number         0  no_argv.o ABSOLUTE
    ../clib/bigflt.c                         0x00000000   Number         0  bigflt0.o ABSOLUTE
    ../clib/btod.s                           0x00000000   Number         0  btod.o ABSOLUTE
    ../clib/heapalloc.c                      0x00000000   Number         0  hrguard.o ABSOLUTE
    ../clib/heapaux.c                        0x00000000   Number         0  heapauxi.o ABSOLUTE
    ../clib/libinit.s                        0x00000000   Number         0  libinit.o ABSOLUTE
    ../clib/libinit.s                        0x00000000   Number         0  libshutdown2.o ABSOLUTE
    ../clib/libinit.s                        0x00000000   Number         0  libshutdown.o ABSOLUTE
    ../clib/libinit.s                        0x00000000   Number         0  libinit2.o ABSOLUTE
    ../clib/locale.s                         0x00000000   Number         0  lc_numeric_c.o ABSOLUTE
    ../clib/longlong.s                       0x00000000   Number         0  lludiv10.o ABSOLUTE
    ../clib/memcpset.s                       0x00000000   Number         0  rt_memcpy_w.o ABSOLUTE
    ../clib/memcpset.s                       0x00000000   Number         0  strcmpv7m.o ABSOLUTE
    ../clib/misc.s                           0x00000000   Number         0  printf_stubs.o ABSOLUTE
    ../clib/printf.c                         0x00000000   Number         0  __2sprintf.o ABSOLUTE
    ../clib/printf.c                         0x00000000   Number         0  _printf_hex_ll_ptr.o ABSOLUTE
    ../clib/printf.c                         0x00000000   Number         0  _printf_pad.o ABSOLUTE
    ../clib/printf.c                         0x00000000   Number         0  _printf_fp_infnan.o ABSOLUTE
    ../clib/printf.c                         0x00000000   Number         0  _printf_hex_int_ll_ptr.o ABSOLUTE
    ../clib/printf.c                         0x00000000   Number         0  __printf_nopercent.o ABSOLUTE
    ../clib/printf.c                         0x00000000   Number         0  _printf_hex_int_ll.o ABSOLUTE
    ../clib/printf.c                         0x00000000   Number         0  _sputc.o ABSOLUTE
    ../clib/printf.c                         0x00000000   Number         0  _printf_dec.o ABSOLUTE
    ../clib/printf.c                         0x00000000   Number         0  _printf_char_common.o ABSOLUTE
    ../clib/printf.c                         0x00000000   Number         0  __printf_ss.o ABSOLUTE
    ../clib/printf.c                         0x00000000   Number         0  __printf_flags.o ABSOLUTE
    ../clib/printf.c                         0x00000000   Number         0  _printf_fp_dec.o ABSOLUTE
    ../clib/printf.c                         0x00000000   Number         0  _printf_intcommon.o ABSOLUTE
    ../clib/printf.c                         0x00000000   Number         0  __printf_wp.o ABSOLUTE
    ../clib/printf.c                         0x00000000   Number         0  __printf_flags_ss_wp.o ABSOLUTE
    ../clib/printf.c                         0x00000000   Number         0  __printf_ss_wp.o ABSOLUTE
    ../clib/printf.c                         0x00000000   Number         0  noretval__2sprintf.o ABSOLUTE
    ../clib/printf.c                         0x00000000   Number         0  __printf.o ABSOLUTE
    ../clib/printf.c                         0x00000000   Number         0  _printf_hex_ll.o ABSOLUTE
    ../clib/printf.c                         0x00000000   Number         0  _printf_hex_int.o ABSOLUTE
    ../clib/printf.c                         0x00000000   Number         0  __printf_flags_wp.o ABSOLUTE
    ../clib/printf.c                         0x00000000   Number         0  __printf_flags_ss.o ABSOLUTE
    ../clib/printf.c                         0x00000000   Number         0  _printf_hex_ptr.o ABSOLUTE
    ../clib/printf.c                         0x00000000   Number         0  _printf_hex_int_ptr.o ABSOLUTE
    ../clib/printf_percent.s                 0x00000000   Number         0  _printf_percent.o ABSOLUTE
    ../clib/printf_percent.s                 0x00000000   Number         0  _printf_percent_end.o ABSOLUTE
    ../clib/printf_percent.s                 0x00000000   Number         0  _printf_d.o ABSOLUTE
    ../clib/printf_percent.s                 0x00000000   Number         0  _printf_f.o ABSOLUTE
    ../clib/printf_percent.s                 0x00000000   Number         0  _printf_x.o ABSOLUTE
    ../clib/signal.c                         0x00000000   Number         0  defsig_pvfn_inner.o ABSOLUTE
    ../clib/signal.c                         0x00000000   Number         0  defsig_stak_inner.o ABSOLUTE
    ../clib/signal.c                         0x00000000   Number         0  defsig_abrt_inner.o ABSOLUTE
    ../clib/signal.c                         0x00000000   Number         0  defsig_fpe_inner.o ABSOLUTE
    ../clib/signal.c                         0x00000000   Number         0  defsig_general.o ABSOLUTE
    ../clib/signal.c                         0x00000000   Number         0  __raise.o ABSOLUTE
    ../clib/signal.c                         0x00000000   Number         0  defsig_exit.o ABSOLUTE
    ../clib/signal.c                         0x00000000   Number         0  defsig_rtred_inner.o ABSOLUTE
    ../clib/signal.c                         0x00000000   Number         0  defsig_rtmem_formal.o ABSOLUTE
    ../clib/signal.c                         0x00000000   Number         0  defsig_rtmem_outer.o ABSOLUTE
    ../clib/signal.c                         0x00000000   Number         0  defsig_other.o ABSOLUTE
    ../clib/signal.c                         0x00000000   Number         0  defsig_segv_inner.o ABSOLUTE
    ../clib/signal.c                         0x00000000   Number         0  defsig_rtmem_inner.o ABSOLUTE
    ../clib/signal.c                         0x00000000   Number         0  defsig_cppl_inner.o ABSOLUTE
    ../clib/signal.s                         0x00000000   Number         0  defsig.o ABSOLUTE
    ../clib/stdlib.c                         0x00000000   Number         0  exit.o ABSOLUTE
    ../clib/string.c                         0x00000000   Number         0  strlen.o ABSOLUTE
    ../fplib/d2f.s                           0x00000000   Number         0  d2f.o ABSOLUTE
    ../fplib/dnaninf.s                       0x00000000   Number         0  dnaninf.o ABSOLUTE
    ../fplib/dretinf.s                       0x00000000   Number         0  dretinf.o ABSOLUTE
    ../fplib/f2d.s                           0x00000000   Number         0  f2d.o ABSOLUTE
    ../fplib/fnaninf.s                       0x00000000   Number         0  fnaninf.o ABSOLUTE
    ../fplib/fpinit.s                        0x00000000   Number         0  fpinit.o ABSOLUTE
    ../fplib/fretinf.s                       0x00000000   Number         0  fretinf.o ABSOLUTE
    ../fplib/istatus.s                       0x00000000   Number         0  istatus.o ABSOLUTE
    ../fplib/printf1.s                       0x00000000   Number         0  printf1.o ABSOLUTE
    ../fplib/usenofp.s                       0x00000000   Number         0  usenofp.o ABSOLUTE
    ../mathlib/fpclassify.c                  0x00000000   Number         0  fpclassify.o ABSOLUTE
    ..\USER\fatfs\ccsbcs.c                   0x00000000   Number         0  ccsbcs.o ABSOLUTE
    ..\USER\fatfs\diskio.c                   0x00000000   Number         0  diskio.o ABSOLUTE
    ..\USER\fatfs\ff.c                       0x00000000   Number         0  ff.o ABSOLUTE
    ..\USER\lib_delay.c                      0x00000000   Number         0  lib_delay.o ABSOLUTE
    ..\USER\main.c                           0x00000000   Number         0  main.o ABSOLUTE
    ..\USER\spi_sdcard\sdcard.c              0x00000000   Number         0  sdcard.o ABSOLUTE
    ..\USER\spi_sdcard\spi.c                 0x00000000   Number         0  spi.o ABSOLUTE
    ..\USER\uart.c                           0x00000000   Number         0  uart.o ABSOLUTE
    ..\\USER\\fatfs\\diskio.c                0x00000000   Number         0  diskio.o ABSOLUTE
    ..\\USER\\lib_delay.c                    0x00000000   Number         0  lib_delay.o ABSOLUTE
    ..\\USER\\main.c                         0x00000000   Number         0  main.o ABSOLUTE
    ..\\USER\\spi_sdcard\\sdcard.c           0x00000000   Number         0  sdcard.o ABSOLUTE
    ..\\USER\\spi_sdcard\\spi.c              0x00000000   Number         0  spi.o ABSOLUTE
    ..\\USER\\uart.c                         0x00000000   Number         0  uart.o ABSOLUTE
    C:\Keil_v5\ARM\PACK\Keil\STM32F1xx_DFP\2.4.1\Device\StdPeriph_Driver\src\misc.c 0x00000000   Number         0  misc.o ABSOLUTE
    C:\Keil_v5\ARM\PACK\Keil\STM32F1xx_DFP\2.4.1\Device\StdPeriph_Driver\src\stm32f10x_gpio.c 0x00000000   Number         0  stm32f10x_gpio.o ABSOLUTE
    C:\Keil_v5\ARM\PACK\Keil\STM32F1xx_DFP\2.4.1\Device\StdPeriph_Driver\src\stm32f10x_rcc.c 0x00000000   Number         0  stm32f10x_rcc.o ABSOLUTE
    C:\Keil_v5\ARM\PACK\Keil\STM32F1xx_DFP\2.4.1\Device\StdPeriph_Driver\src\stm32f10x_spi.c 0x00000000   Number         0  stm32f10x_spi.o ABSOLUTE
    C:\Keil_v5\ARM\PACK\Keil\STM32F1xx_DFP\2.4.1\Device\StdPeriph_Driver\src\stm32f10x_tim.c 0x00000000   Number         0  stm32f10x_tim.o ABSOLUTE
    C:\Keil_v5\ARM\PACK\Keil\STM32F1xx_DFP\2.4.1\Device\StdPeriph_Driver\src\stm32f10x_usart.c 0x00000000   Number         0  stm32f10x_usart.o ABSOLUTE
    C:\\Keil_v5\\ARM\\PACK\\Keil\\STM32F1xx_DFP\\2.4.1\\Device\\StdPeriph_Driver\\src\\misc.c 0x00000000   Number         0  misc.o ABSOLUTE
    C:\\Keil_v5\\ARM\\PACK\\Keil\\STM32F1xx_DFP\\2.4.1\\Device\\StdPeriph_Driver\\src\\stm32f10x_gpio.c 0x00000000   Number         0  stm32f10x_gpio.o ABSOLUTE
    C:\\Keil_v5\\ARM\\PACK\\Keil\\STM32F1xx_DFP\\2.4.1\\Device\\StdPeriph_Driver\\src\\stm32f10x_rcc.c 0x00000000   Number         0  stm32f10x_rcc.o ABSOLUTE
    C:\\Keil_v5\\ARM\\PACK\\Keil\\STM32F1xx_DFP\\2.4.1\\Device\\StdPeriph_Driver\\src\\stm32f10x_spi.c 0x00000000   Number         0  stm32f10x_spi.o ABSOLUTE
    C:\\Keil_v5\\ARM\\PACK\\Keil\\STM32F1xx_DFP\\2.4.1\\Device\\StdPeriph_Driver\\src\\stm32f10x_tim.c 0x00000000   Number         0  stm32f10x_tim.o ABSOLUTE
    C:\\Keil_v5\\ARM\\PACK\\Keil\\STM32F1xx_DFP\\2.4.1\\Device\\StdPeriph_Driver\\src\\stm32f10x_usart.c 0x00000000   Number         0  stm32f10x_usart.o ABSOLUTE
    RTE\Device\STM32F103C8\startup_stm32f10x_md.s 0x00000000   Number         0  startup_stm32f10x_md.o ABSOLUTE
    RTE\Device\STM32F103C8\system_stm32f10x.c 0x00000000   Number         0  system_stm32f10x.o ABSOLUTE
    RTE\\Device\\STM32F103C8\\system_stm32f10x.c 0x00000000   Number         0  system_stm32f10x.o ABSOLUTE
    dc.s                                     0x00000000   Number         0  dc.o ABSOLUTE
    RESET                                    0x08000000   Section      236  startup_stm32f10x_md.o(RESET)
    !!!main                                  0x080000ec   Section        8  __main.o(!!!main)
    !!!scatter                               0x080000f4   Section       52  __scatter.o(!!!scatter)
    !!dczerorl                               0x08000128   Section       58  __dczerorl.o(!!dczerorl)
    !!handler_zi                             0x08000164   Section       28  __scatter_zi.o(!!handler_zi)
    .ARM.Collect$$_printf_percent$$00000000  0x08000180   Section        0  _printf_percent.o(.ARM.Collect$$_printf_percent$$00000000)
    .ARM.Collect$$_printf_percent$$00000003  0x08000180   Section        6  _printf_f.o(.ARM.Collect$$_printf_percent$$00000003)
    .ARM.Collect$$_printf_percent$$00000009  0x08000186   Section        6  _printf_d.o(.ARM.Collect$$_printf_percent$$00000009)
    .ARM.Collect$$_printf_percent$$0000000C  0x0800018c   Section        6  _printf_x.o(.ARM.Collect$$_printf_percent$$0000000C)
    .ARM.Collect$$_printf_percent$$00000017  0x08000192   Section        4  _printf_percent_end.o(.ARM.Collect$$_printf_percent$$00000017)
    .ARM.Collect$$libinit$$00000000          0x08000196   Section        2  libinit.o(.ARM.Collect$$libinit$$00000000)
    .ARM.Collect$$libinit$$00000002          0x08000198   Section        0  libinit2.o(.ARM.Collect$$libinit$$00000002)
    .ARM.Collect$$libinit$$00000004          0x08000198   Section        0  libinit2.o(.ARM.Collect$$libinit$$00000004)
    .ARM.Collect$$libinit$$0000000A          0x08000198   Section        0  libinit2.o(.ARM.Collect$$libinit$$0000000A)
    .ARM.Collect$$libinit$$0000000C          0x08000198   Section        0  libinit2.o(.ARM.Collect$$libinit$$0000000C)
    .ARM.Collect$$libinit$$0000000E          0x08000198   Section        0  libinit2.o(.ARM.Collect$$libinit$$0000000E)
    .ARM.Collect$$libinit$$0000000F          0x08000198   Section        6  libinit2.o(.ARM.Collect$$libinit$$0000000F)
    .ARM.Collect$$libinit$$00000011          0x0800019e   Section        0  libinit2.o(.ARM.Collect$$libinit$$00000011)
    .ARM.Collect$$libinit$$00000013          0x0800019e   Section        0  libinit2.o(.ARM.Collect$$libinit$$00000013)
    .ARM.Collect$$libinit$$00000015          0x0800019e   Section        0  libinit2.o(.ARM.Collect$$libinit$$00000015)
    .ARM.Collect$$libinit$$00000016          0x0800019e   Section       10  libinit2.o(.ARM.Collect$$libinit$$00000016)
    .ARM.Collect$$libinit$$00000017          0x080001a8   Section        0  libinit2.o(.ARM.Collect$$libinit$$00000017)
    .ARM.Collect$$libinit$$00000019          0x080001a8   Section        0  libinit2.o(.ARM.Collect$$libinit$$00000019)
    .ARM.Collect$$libinit$$0000001B          0x080001a8   Section        0  libinit2.o(.ARM.Collect$$libinit$$0000001B)
    .ARM.Collect$$libinit$$0000001D          0x080001a8   Section        0  libinit2.o(.ARM.Collect$$libinit$$0000001D)
    .ARM.Collect$$libinit$$0000001F          0x080001a8   Section        0  libinit2.o(.ARM.Collect$$libinit$$0000001F)
    .ARM.Collect$$libinit$$00000021          0x080001a8   Section        0  libinit2.o(.ARM.Collect$$libinit$$00000021)
    .ARM.Collect$$libinit$$00000023          0x080001a8   Section        0  libinit2.o(.ARM.Collect$$libinit$$00000023)
    .ARM.Collect$$libinit$$00000025          0x080001a8   Section        0  libinit2.o(.ARM.Collect$$libinit$$00000025)
    .ARM.Collect$$libinit$$0000002C          0x080001a8   Section        0  libinit2.o(.ARM.Collect$$libinit$$0000002C)
    .ARM.Collect$$libinit$$0000002E          0x080001a8   Section        0  libinit2.o(.ARM.Collect$$libinit$$0000002E)
    .ARM.Collect$$libinit$$00000030          0x080001a8   Section        0  libinit2.o(.ARM.Collect$$libinit$$00000030)
    .ARM.Collect$$libinit$$00000031          0x080001a8   Section        4  libinit2.o(.ARM.Collect$$libinit$$00000031)
    .ARM.Collect$$libinit$$00000032          0x080001ac   Section        0  libinit2.o(.ARM.Collect$$libinit$$00000032)
    .ARM.Collect$$libinit$$00000033          0x080001ac   Section        2  libinit2.o(.ARM.Collect$$libinit$$00000033)
    .ARM.Collect$$libshutdown$$00000000      0x080001ae   Section        2  libshutdown.o(.ARM.Collect$$libshutdown$$00000000)
    .ARM.Collect$$libshutdown$$00000002      0x080001b0   Section        0  libshutdown2.o(.ARM.Collect$$libshutdown$$00000002)
    .ARM.Collect$$libshutdown$$00000004      0x080001b0   Section        0  libshutdown2.o(.ARM.Collect$$libshutdown$$00000004)
    .ARM.Collect$$libshutdown$$00000007      0x080001b0   Section        0  libshutdown2.o(.ARM.Collect$$libshutdown$$00000007)
    .ARM.Collect$$libshutdown$$0000000A      0x080001b0   Section        0  libshutdown2.o(.ARM.Collect$$libshutdown$$0000000A)
    .ARM.Collect$$libshutdown$$0000000C      0x080001b0   Section        0  libshutdown2.o(.ARM.Collect$$libshutdown$$0000000C)
    .ARM.Collect$$libshutdown$$0000000F      0x080001b0   Section        0  libshutdown2.o(.ARM.Collect$$libshutdown$$0000000F)
    .ARM.Collect$$libshutdown$$00000010      0x080001b0   Section        2  libshutdown2.o(.ARM.Collect$$libshutdown$$00000010)
    .ARM.Collect$$rtentry$$00000000          0x080001b2   Section        0  __rtentry.o(.ARM.Collect$$rtentry$$00000000)
    .ARM.Collect$$rtentry$$00000002          0x080001b2   Section        0  __rtentry2.o(.ARM.Collect$$rtentry$$00000002)
    .ARM.Collect$$rtentry$$00000004          0x080001b2   Section        6  __rtentry4.o(.ARM.Collect$$rtentry$$00000004)
    .ARM.Collect$$rtentry$$00000009          0x080001b8   Section        0  __rtentry2.o(.ARM.Collect$$rtentry$$00000009)
    .ARM.Collect$$rtentry$$0000000A          0x080001b8   Section        4  __rtentry2.o(.ARM.Collect$$rtentry$$0000000A)
    .ARM.Collect$$rtentry$$0000000C          0x080001bc   Section        0  __rtentry2.o(.ARM.Collect$$rtentry$$0000000C)
    .ARM.Collect$$rtentry$$0000000D          0x080001bc   Section        8  __rtentry2.o(.ARM.Collect$$rtentry$$0000000D)
    .ARM.Collect$$rtexit$$00000000           0x080001c4   Section        2  rtexit.o(.ARM.Collect$$rtexit$$00000000)
    .ARM.Collect$$rtexit$$00000002           0x080001c6   Section        0  rtexit2.o(.ARM.Collect$$rtexit$$00000002)
    .ARM.Collect$$rtexit$$00000003           0x080001c6   Section        4  rtexit2.o(.ARM.Collect$$rtexit$$00000003)
    .ARM.Collect$$rtexit$$00000004           0x080001ca   Section        6  rtexit2.o(.ARM.Collect$$rtexit$$00000004)
    .text                                    0x080001d0   Section       64  startup_stm32f10x_md.o(.text)
    .text                                    0x08000210   Section        0  noretval__2sprintf.o(.text)
    .text                                    0x08000238   Section        0  _printf_pad.o(.text)
    .text                                    0x08000288   Section        0  _printf_dec.o(.text)
    .text                                    0x08000300   Section        0  _printf_hex_int.o(.text)
    .text                                    0x08000358   Section        0  __printf_flags_wp.o(.text)
    .text                                    0x08000490   Section        0  strlen.o(.text)
    .text                                    0x080004ce   Section      100  rt_memcpy_w.o(.text)
    .text                                    0x08000532   Section        0  heapauxi.o(.text)
    .text                                    0x08000538   Section        0  init_aeabi.o(.text)
    .text                                    0x0800055c   Section        0  _printf_intcommon.o(.text)
    .text                                    0x0800060e   Section        0  _printf_fp_dec.o(.text)
    _fp_digits                               0x08000611   Thumb Code   428  _printf_fp_dec.o(.text)
    .text                                    0x08000a28   Section        0  _printf_char_common.o(.text)
    _printf_input_char                       0x08000a29   Thumb Code    10  _printf_char_common.o(.text)
    .text                                    0x08000a58   Section        0  _sputc.o(.text)
    .text                                    0x08000a64   Section        8  rt_locale_intlibspace.o(.text)
    .text                                    0x08000a6c   Section      138  lludiv10.o(.text)
    .text                                    0x08000af8   Section        0  _printf_fp_infnan.o(.text)
    .text                                    0x08000b78   Section        0  bigflt0.o(.text)
    .text                                    0x08000c54   Section        8  libspace.o(.text)
    .text                                    0x08000c5c   Section       74  sys_stackheap_outer.o(.text)
    .text                                    0x08000ca6   Section        0  exit.o(.text)
    .text                                    0x08000cb8   Section      128  strcmpv7m.o(.text)
    .text                                    0x08000d38   Section        2  use_no_semi.o(.text)
    .text                                    0x08000d3a   Section        0  indicate_semi.o(.text)
    .text                                    0x08000d3c   Section        0  sys_exit.o(.text)
    CL$$btod_d2e                             0x08000d48   Section       62  btod.o(CL$$btod_d2e)
    CL$$btod_d2e_denorm_low                  0x08000d86   Section       70  btod.o(CL$$btod_d2e_denorm_low)
    CL$$btod_d2e_norm_op1                    0x08000dcc   Section       96  btod.o(CL$$btod_d2e_norm_op1)
    CL$$btod_div_common                      0x08000e2c   Section      824  btod.o(CL$$btod_div_common)
    CL$$btod_e2e                             0x08001164   Section      198  btod.o(CL$$btod_e2e)
    CL$$btod_ediv                            0x0800122a   Section       40  btod.o(CL$$btod_ediv)
    CL$$btod_emul                            0x08001252   Section       40  btod.o(CL$$btod_emul)
    CL$$btod_mult_common                     0x0800127a   Section      580  btod.o(CL$$btod_mult_common)
    i.GPIO_Init                              0x080014be   Section        0  stm32f10x_gpio.o(i.GPIO_Init)
    i.GPIO_PinRemapConfig                    0x08001564   Section        0  stm32f10x_gpio.o(i.GPIO_PinRemapConfig)
    i.NVIC_EnableIRQ                         0x080015c0   Section        0  uart.o(i.NVIC_EnableIRQ)
    NVIC_EnableIRQ                           0x080015c1   Thumb Code    22  uart.o(i.NVIC_EnableIRQ)
    i.NVIC_SetPriority                       0x080015d6   Section        0  uart.o(i.NVIC_SetPriority)
    NVIC_SetPriority                         0x080015d7   Thumb Code    32  uart.o(i.NVIC_SetPriority)
    i.RCC_APB1PeriphClockCmd                 0x080015f8   Section        0  stm32f10x_rcc.o(i.RCC_APB1PeriphClockCmd)
    i.RCC_APB2PeriphClockCmd                 0x08001614   Section        0  stm32f10x_rcc.o(i.RCC_APB2PeriphClockCmd)
    i.RCC_GetClocksFreq                      0x08001630   Section        0  stm32f10x_rcc.o(i.RCC_GetClocksFreq)
    i.SD_GetSectorCount                      0x080016dc   Section        0  sdcard.o(i.SD_GetSectorCount)
    i.SD_Init                                0x0800176c   Section        0  sdcard.o(i.SD_Init)
    i.SD_PowerOn                             0x08001874   Section        0  sdcard.o(i.SD_PowerOn)
    SD_PowerOn                               0x08001875   Thumb Code   112  sdcard.o(i.SD_PowerOn)
    i.SD_ReadSector                          0x080018e8   Section        0  sdcard.o(i.SD_ReadSector)
    i.SD_RecvData                            0x08001960   Section        0  sdcard.o(i.SD_RecvData)
    SD_RecvData                              0x08001961   Thumb Code    64  sdcard.o(i.SD_RecvData)
    i.SD_SendBlock                           0x080019a0   Section        0  sdcard.o(i.SD_SendBlock)
    SD_SendBlock                             0x080019a1   Thumb Code    80  sdcard.o(i.SD_SendBlock)
    i.SD_SendCmd                             0x080019f0   Section        0  sdcard.o(i.SD_SendCmd)
    SD_SendCmd                               0x080019f1   Thumb Code   102  sdcard.o(i.SD_SendCmd)
    i.SD_WaitReady                           0x08001a5c   Section        0  sdcard.o(i.SD_WaitReady)
    SD_WaitReady                             0x08001a5d   Thumb Code    32  sdcard.o(i.SD_WaitReady)
    i.SD_WriteSector                         0x08001a7c   Section        0  sdcard.o(i.SD_WriteSector)
    i.SPI1_Setup                             0x08001b00   Section        0  spi.o(i.SPI1_Setup)
    i.SPI1_Transfer                          0x08001ba8   Section        0  spi.o(i.SPI1_Transfer)
    i.SPI_Cmd                                0x08001bdc   Section        0  stm32f10x_spi.o(i.SPI_Cmd)
    i.SPI_I2S_GetFlagStatus                  0x08001bf4   Section        0  stm32f10x_spi.o(i.SPI_I2S_GetFlagStatus)
    i.SPI_I2S_ReceiveData                    0x08001c02   Section        0  stm32f10x_spi.o(i.SPI_I2S_ReceiveData)
    i.SPI_I2S_SendData                       0x08001c06   Section        0  stm32f10x_spi.o(i.SPI_I2S_SendData)
    i.SPI_Init                               0x08001c0a   Section        0  stm32f10x_spi.o(i.SPI_Init)
    i.SetSysClock                            0x08001c42   Section        0  system_stm32f10x.o(i.SetSysClock)
    SetSysClock                              0x08001c43   Thumb Code     4  system_stm32f10x.o(i.SetSysClock)
    i.SetSysClockTo72                        0x08001c48   Section        0  system_stm32f10x.o(i.SetSysClockTo72)
    SetSysClockTo72                          0x08001c49   Thumb Code   166  system_stm32f10x.o(i.SetSysClockTo72)
    i.SysTick_Handler                        0x08001cf8   Section        0  lib_delay.o(i.SysTick_Handler)
    i.SystemInit                             0x08001d08   Section        0  system_stm32f10x.o(i.SystemInit)
    i.UART1_Init                             0x08001d58   Section        0  uart.o(i.UART1_Init)
    i.UART1_Print                            0x08001d68   Section        0  uart.o(i.UART1_Print)
    i.UART1_Scan                             0x08001d80   Section        0  uart.o(i.UART1_Scan)
    i.UART2_Init                             0x08001d88   Section        0  uart.o(i.UART2_Init)
    i.UART2_Print                            0x08001d98   Section        0  uart.o(i.UART2_Print)
    i.UART2_Scan                             0x08001db0   Section        0  uart.o(i.UART2_Scan)
    i.UART3_Init                             0x08001db8   Section        0  uart.o(i.UART3_Init)
    i.UART3_Print                            0x08001dc8   Section        0  uart.o(i.UART3_Print)
    i.UART3_Scan                             0x08001de0   Section        0  uart.o(i.UART3_Scan)
    i.UART_FirstInit                         0x08001de8   Section        0  uart.o(i.UART_FirstInit)
    i.UARTx_Init                             0x08001e3c   Section        0  uart.o(i.UARTx_Init)
    i.UARTx_ReceiveData                      0x08001fe8   Section        0  uart.o(i.UARTx_ReceiveData)
    i.UARTx_SendData                         0x08002048   Section        0  uart.o(i.UARTx_SendData)
    i.USART1_IRQHandler                      0x08002160   Section        0  uart.o(i.USART1_IRQHandler)
    i.USART2_IRQHandler                      0x08002194   Section        0  uart.o(i.USART2_IRQHandler)
    i.USART3_IRQHandler                      0x080021d0   Section        0  uart.o(i.USART3_IRQHandler)
    i.USART_Cmd                              0x0800220c   Section        0  stm32f10x_usart.o(i.USART_Cmd)
    i.USART_GetFlagStatus                    0x08002224   Section        0  stm32f10x_usart.o(i.USART_GetFlagStatus)
    i.USART_ITConfig                         0x08002232   Section        0  stm32f10x_usart.o(i.USART_ITConfig)
    i.USART_Init                             0x08002268   Section        0  stm32f10x_usart.o(i.USART_Init)
    i.USART_SendData                         0x08002324   Section        0  stm32f10x_usart.o(i.USART_SendData)
    i.__ARM_fpclassify                       0x0800232c   Section        0  fpclassify.o(i.__ARM_fpclassify)
    i._is_digit                              0x08002354   Section        0  __printf_wp.o(i._is_digit)
    i.check_fs                               0x08002364   Section        0  ff.o(i.check_fs)
    check_fs                                 0x08002365   Thumb Code   120  ff.o(i.check_fs)
    i.chk_chr                                0x080023e0   Section        0  ff.o(i.chk_chr)
    chk_chr                                  0x080023e1   Thumb Code    16  ff.o(i.chk_chr)
    i.chk_mounted                            0x080023f0   Section        0  ff.o(i.chk_mounted)
    chk_mounted                              0x080023f1   Thumb Code   730  ff.o(i.chk_mounted)
    i.clust2sect                             0x080026d8   Section        0  ff.o(i.clust2sect)
    i.cmp_lfn                                0x080026f0   Section        0  ff.o(i.cmp_lfn)
    cmp_lfn                                  0x080026f1   Thumb Code   124  ff.o(i.cmp_lfn)
    i.create_chain                           0x08002770   Section        0  ff.o(i.create_chain)
    create_chain                             0x08002771   Thumb Code   160  ff.o(i.create_chain)
    i.create_name                            0x08002810   Section        0  ff.o(i.create_name)
    create_name                              0x08002811   Thumb Code   470  ff.o(i.create_name)
    i.dir_find                               0x08002a00   Section        0  ff.o(i.dir_find)
    dir_find                                 0x08002a01   Thumb Code   188  ff.o(i.dir_find)
    i.dir_next                               0x08002abc   Section        0  ff.o(i.dir_next)
    dir_next                                 0x08002abd   Thumb Code   264  ff.o(i.dir_next)
    i.dir_register                           0x08002bc4   Section        0  ff.o(i.dir_register)
    dir_register                             0x08002bc5   Thumb Code   346  ff.o(i.dir_register)
    i.dir_sdi                                0x08002d1e   Section        0  ff.o(i.dir_sdi)
    dir_sdi                                  0x08002d1f   Thumb Code   140  ff.o(i.dir_sdi)
    i.disk_initialize                        0x08002daa   Section        0  diskio.o(i.disk_initialize)
    i.disk_ioctl                             0x08002dd2   Section        0  diskio.o(i.disk_ioctl)
    i.disk_read                              0x08002e26   Section        0  diskio.o(i.disk_read)
    i.disk_status                            0x08002e5c   Section        0  diskio.o(i.disk_status)
    i.disk_write                             0x08002e88   Section        0  diskio.o(i.disk_write)
    i.f_close                                0x08002ebc   Section        0  ff.o(i.f_close)
    i.f_lseek                                0x08002ed0   Section        0  ff.o(i.f_lseek)
    i.f_mount                                0x08003048   Section        0  ff.o(i.f_mount)
    i.f_open                                 0x08003068   Section        0  ff.o(i.f_open)
    i.f_sync                                 0x080031d8   Section        0  ff.o(i.f_sync)
    i.f_write                                0x0800327c   Section        0  ff.o(i.f_write)
    i.ff_convert                             0x08003438   Section        0  ccsbcs.o(i.ff_convert)
    i.ff_wtoupper                            0x0800346c   Section        0  ccsbcs.o(i.ff_wtoupper)
    i.fit_lfn                                0x08003498   Section        0  ff.o(i.fit_lfn)
    fit_lfn                                  0x08003499   Thumb Code   104  ff.o(i.fit_lfn)
    i.follow_path                            0x08003504   Section        0  ff.o(i.follow_path)
    follow_path                              0x08003505   Thumb Code   120  ff.o(i.follow_path)
    i.gen_numname                            0x0800357c   Section        0  ff.o(i.gen_numname)
    i.get_fat                                0x080035f0   Section        0  ff.o(i.get_fat)
    i.get_fattime                            0x080036ba   Section        0  diskio.o(i.get_fattime)
    i.main                                   0x080036c0   Section        0  main.o(i.main)
    i.mem_cmp                                0x080037d0   Section        0  ff.o(i.mem_cmp)
    mem_cmp                                  0x080037d1   Thumb Code    26  ff.o(i.mem_cmp)
    i.mem_cpy                                0x080037ea   Section        0  ff.o(i.mem_cpy)
    mem_cpy                                  0x080037eb   Thumb Code    18  ff.o(i.mem_cpy)
    i.mem_set                                0x080037fc   Section        0  ff.o(i.mem_set)
    mem_set                                  0x080037fd   Thumb Code    16  ff.o(i.mem_set)
    i.move_window                            0x0800380c   Section        0  ff.o(i.move_window)
    move_window                              0x0800380d   Thumb Code   110  ff.o(i.move_window)
    i.put_fat                                0x0800387a   Section        0  ff.o(i.put_fat)
    i.remove_chain                           0x08003970   Section        0  ff.o(i.remove_chain)
    remove_chain                             0x08003971   Thumb Code   104  ff.o(i.remove_chain)
    i.sum_sfn                                0x080039d8   Section        0  ff.o(i.sum_sfn)
    sum_sfn                                  0x080039d9   Thumb Code    26  ff.o(i.sum_sfn)
    i.sync                                   0x080039f2   Section        0  ff.o(i.sync)
    sync                                     0x080039f3   Thumb Code   188  ff.o(i.sync)
    i.validate                               0x08003aae   Section        0  ff.o(i.validate)
    validate                                 0x08003aaf   Thumb Code    38  ff.o(i.validate)
    locale$$code                             0x08003ad4   Section       44  lc_numeric_c.o(locale$$code)
    x$fpl$d2f                                0x08003b00   Section       98  d2f.o(x$fpl$d2f)
    x$fpl$dnaninf                            0x08003b62   Section      156  dnaninf.o(x$fpl$dnaninf)
    x$fpl$dretinf                            0x08003bfe   Section       12  dretinf.o(x$fpl$dretinf)
    x$fpl$f2d                                0x08003c0c   Section       86  f2d.o(x$fpl$f2d)
    x$fpl$fnaninf                            0x08003c62   Section      140  fnaninf.o(x$fpl$fnaninf)
    x$fpl$fretinf                            0x08003cee   Section       10  fretinf.o(x$fpl$fretinf)
    x$fpl$printf1                            0x08003cf8   Section        4  printf1.o(x$fpl$printf1)
    .constdata                               0x08003cfc   Section     1216  ccsbcs.o(.constdata)
    x$fpl$usenofp                            0x08003cfc   Section        0  usenofp.o(x$fpl$usenofp)
    Tbl                                      0x08003cfc   Data         256  ccsbcs.o(.constdata)
    tbl_lower                                0x08003dfc   Data         480  ccsbcs.o(.constdata)
    tbl_upper                                0x08003fdc   Data         480  ccsbcs.o(.constdata)
    .constdata                               0x080041bc   Section      141  ff.o(.constdata)
    LfnOfs                                   0x080041bc   Data          13  ff.o(.constdata)
    excvt                                    0x080041c9   Data         128  ff.o(.constdata)
    .constdata                               0x08004249   Section       40  _printf_hex_int.o(.constdata)
    uc_hextab                                0x08004249   Data          20  _printf_hex_int.o(.constdata)
    lc_hextab                                0x0800425d   Data          20  _printf_hex_int.o(.constdata)
    .constdata                               0x08004271   Section       17  __printf_flags_wp.o(.constdata)
    maptable                                 0x08004271   Data          17  __printf_flags_wp.o(.constdata)
    .constdata                               0x08004284   Section      148  bigflt0.o(.constdata)
    tenpwrs_x                                0x08004284   Data          60  bigflt0.o(.constdata)
    tenpwrs_i                                0x080042c0   Data          64  bigflt0.o(.constdata)
    locale$$data                             0x08004338   Section       28  lc_numeric_c.o(locale$$data)
    __lcnum_c_name                           0x0800433c   Data           2  lc_numeric_c.o(locale$$data)
    __lcnum_c_start                          0x08004344   Data           0  lc_numeric_c.o(locale$$data)
    __lcnum_c_point                          0x08004350   Data           0  lc_numeric_c.o(locale$$data)
    __lcnum_c_thousands                      0x08004352   Data           0  lc_numeric_c.o(locale$$data)
    __lcnum_c_grouping                       0x08004353   Data           0  lc_numeric_c.o(locale$$data)
    .init_array                              0x08004354   Section        4  uart.o(.init_array)
    __lcnum_c_end                            0x08004354   Data           0  lc_numeric_c.o(locale$$data)
    .init_array                              0x08004358   Section        0  init_aeabi.o(.init_array)
    .data                                    0x20000000   Section        2  lib_delay.o(.data)
    count_clock                              0x20000000   Data           2  lib_delay.o(.data)
    .data                                    0x20000002   Section      396  uart.o(.data)
    .data                                    0x20000190   Section        8  sdcard.o(.data)
    .data                                    0x20000198   Section        8  ff.o(.data)
    Fsid                                     0x20000198   Data           2  ff.o(.data)
    FatFs                                    0x2000019c   Data           4  ff.o(.data)
    .data                                    0x200001a0   Section       20  stm32f10x_rcc.o(.data)
    ADCPrescTable                            0x200001a0   Data           4  stm32f10x_rcc.o(.data)
    APBAHBPrescTable                         0x200001a4   Data          16  stm32f10x_rcc.o(.data)
    .bss                                     0x200001b4   Section       86  uart.o(.bss)
    .bss                                     0x2000020a   Section      512  ff.o(.bss)
    LfnBuf                                   0x2000020a   Data         512  ff.o(.bss)
    .bss                                     0x2000040c   Section       96  libspace.o(.bss)
    HEAP                                     0x20000470   Section      512  startup_stm32f10x_md.o(HEAP)
    Heap_Mem                                 0x20000470   Data         512  startup_stm32f10x_md.o(HEAP)
    STACK                                    0x20000670   Section     1024  startup_stm32f10x_md.o(STACK)
    Stack_Mem                                0x20000670   Data        1024  startup_stm32f10x_md.o(STACK)
    __initial_sp                             0x20000a70   Data           0  startup_stm32f10x_md.o(STACK)

    Global Symbols

    Symbol Name                              Value     Ov Type        Size  Object(Section)

    BuildAttributes$$THM_ISAv4$P$D$K$B$S$PE$A:L22UL41UL21$X:L11$S22US41US21$IEEE1$IW$USESV6$~STKCKD$USESV7$~SHL$OTIME$ROPI$IEEEJ$EBA8$UX$STANDARDLIB$REQ8$PRES8$EABIv2 0x00000000   Number         0  anon$$obj.o ABSOLUTE
    __ARM_use_no_argv                        0x00000000   Number         0  main.o ABSOLUTE
    _printf_flags                            0x00000000   Number         0  printf_stubs.o ABSOLUTE
    _printf_return_value                     0x00000000   Number         0  printf_stubs.o ABSOLUTE
    _printf_sizespec                         0x00000000   Number         0  printf_stubs.o ABSOLUTE
    _printf_widthprec                        0x00000000   Number         0  printf_stubs.o ABSOLUTE
    __ARM_exceptions_init                     - Undefined Weak Reference
    __alloca_initialize                       - Undefined Weak Reference
    __arm_preinit_                            - Undefined Weak Reference
    __cxa_finalize                            - Undefined Weak Reference
    __sigvec_lookup                           - Undefined Weak Reference
    _atexit_init                              - Undefined Weak Reference
    _call_atexit_fns                          - Undefined Weak Reference
    _clock_init                               - Undefined Weak Reference
    _fp_trap_init                             - Undefined Weak Reference
    _fp_trap_shutdown                         - Undefined Weak Reference
    _get_lc_collate                           - Undefined Weak Reference
    _get_lc_ctype                             - Undefined Weak Reference
    _get_lc_monetary                          - Undefined Weak Reference
    _get_lc_time                              - Undefined Weak Reference
    _getenv_init                              - Undefined Weak Reference
    _handle_redirection                       - Undefined Weak Reference
    _init_alloc                               - Undefined Weak Reference
    _init_user_alloc                          - Undefined Weak Reference
    _initio                                   - Undefined Weak Reference
    _printf_truncate_signed                   - Undefined Weak Reference
    _printf_truncate_unsigned                 - Undefined Weak Reference
    _rand_init                                - Undefined Weak Reference
    _signal_finish                            - Undefined Weak Reference
    _signal_init                              - Undefined Weak Reference
    _terminate_alloc                          - Undefined Weak Reference
    _terminate_user_alloc                     - Undefined Weak Reference
    _terminateio                              - Undefined Weak Reference
    __Vectors_Size                           0x000000ec   Number         0  startup_stm32f10x_md.o ABSOLUTE
    __Vectors                                0x08000000   Data           4  startup_stm32f10x_md.o(RESET)
    __Vectors_End                            0x080000ec   Data           0  startup_stm32f10x_md.o(RESET)
    __main                                   0x080000ed   Thumb Code     8  __main.o(!!!main)
    __scatterload                            0x080000f5   Thumb Code     0  __scatter.o(!!!scatter)
    __scatterload_rt2                        0x080000f5   Thumb Code    44  __scatter.o(!!!scatter)
    __scatterload_rt2_thumb_only             0x080000f5   Thumb Code     0  __scatter.o(!!!scatter)
    __scatterload_null                       0x08000103   Thumb Code     0  __scatter.o(!!!scatter)
    __decompress                             0x08000129   Thumb Code    58  __dczerorl.o(!!dczerorl)
    __decompress0                            0x08000129   Thumb Code     0  __dczerorl.o(!!dczerorl)
    __scatterload_zeroinit                   0x08000165   Thumb Code    28  __scatter_zi.o(!!handler_zi)
    _printf_f                                0x08000181   Thumb Code     0  _printf_f.o(.ARM.Collect$$_printf_percent$$00000003)
    _printf_percent                          0x08000181   Thumb Code     0  _printf_percent.o(.ARM.Collect$$_printf_percent$$00000000)
    _printf_d                                0x08000187   Thumb Code     0  _printf_d.o(.ARM.Collect$$_printf_percent$$00000009)
    _printf_x                                0x0800018d   Thumb Code     0  _printf_x.o(.ARM.Collect$$_printf_percent$$0000000C)
    _printf_percent_end                      0x08000193   Thumb Code     0  _printf_percent_end.o(.ARM.Collect$$_printf_percent$$00000017)
    __rt_lib_init                            0x08000197   Thumb Code     0  libinit.o(.ARM.Collect$$libinit$$00000000)
    __rt_lib_init_fp_1                       0x08000199   Thumb Code     0  libinit2.o(.ARM.Collect$$libinit$$00000002)
    __rt_lib_init_heap_1                     0x08000199   Thumb Code     0  libinit2.o(.ARM.Collect$$libinit$$0000000A)
    __rt_lib_init_lc_common                  0x08000199   Thumb Code     0  libinit2.o(.ARM.Collect$$libinit$$0000000F)
    __rt_lib_init_preinit_1                  0x08000199   Thumb Code     0  libinit2.o(.ARM.Collect$$libinit$$00000004)
    __rt_lib_init_rand_1                     0x08000199   Thumb Code     0  libinit2.o(.ARM.Collect$$libinit$$0000000E)
    __rt_lib_init_user_alloc_1               0x08000199   Thumb Code     0  libinit2.o(.ARM.Collect$$libinit$$0000000C)
    __rt_lib_init_lc_collate_1               0x0800019f   Thumb Code     0  libinit2.o(.ARM.Collect$$libinit$$00000011)
    __rt_lib_init_lc_ctype_1                 0x0800019f   Thumb Code     0  libinit2.o(.ARM.Collect$$libinit$$00000013)
    __rt_lib_init_lc_monetary_1              0x0800019f   Thumb Code     0  libinit2.o(.ARM.Collect$$libinit$$00000015)
    __rt_lib_init_lc_numeric_2               0x0800019f   Thumb Code     0  libinit2.o(.ARM.Collect$$libinit$$00000016)
    __rt_lib_init_alloca_1                   0x080001a9   Thumb Code     0  libinit2.o(.ARM.Collect$$libinit$$0000002E)
    __rt_lib_init_argv_1                     0x080001a9   Thumb Code     0  libinit2.o(.ARM.Collect$$libinit$$0000002C)
    __rt_lib_init_atexit_1                   0x080001a9   Thumb Code     0  libinit2.o(.ARM.Collect$$libinit$$0000001B)
    __rt_lib_init_clock_1                    0x080001a9   Thumb Code     0  libinit2.o(.ARM.Collect$$libinit$$00000021)
    __rt_lib_init_cpp_2                      0x080001a9   Thumb Code     0  libinit2.o(.ARM.Collect$$libinit$$00000031)
    __rt_lib_init_exceptions_1               0x080001a9   Thumb Code     0  libinit2.o(.ARM.Collect$$libinit$$00000030)
    __rt_lib_init_fp_trap_1                  0x080001a9   Thumb Code     0  libinit2.o(.ARM.Collect$$libinit$$0000001F)
    __rt_lib_init_getenv_1                   0x080001a9   Thumb Code     0  libinit2.o(.ARM.Collect$$libinit$$00000023)
    __rt_lib_init_lc_numeric_1               0x080001a9   Thumb Code     0  libinit2.o(.ARM.Collect$$libinit$$00000017)
    __rt_lib_init_lc_time_1                  0x080001a9   Thumb Code     0  libinit2.o(.ARM.Collect$$libinit$$00000019)
    __rt_lib_init_signal_1                   0x080001a9   Thumb Code     0  libinit2.o(.ARM.Collect$$libinit$$0000001D)
    __rt_lib_init_stdio_1                    0x080001a9   Thumb Code     0  libinit2.o(.ARM.Collect$$libinit$$00000025)
    __rt_lib_init_cpp_1                      0x080001ad   Thumb Code     0  libinit2.o(.ARM.Collect$$libinit$$00000032)
    __rt_lib_init_return                     0x080001ad   Thumb Code     0  libinit2.o(.ARM.Collect$$libinit$$00000033)
    __rt_lib_shutdown                        0x080001af   Thumb Code     0  libshutdown.o(.ARM.Collect$$libshutdown$$00000000)
    __rt_lib_shutdown_cpp_1                  0x080001b1   Thumb Code     0  libshutdown2.o(.ARM.Collect$$libshutdown$$00000002)
    __rt_lib_shutdown_fp_trap_1              0x080001b1   Thumb Code     0  libshutdown2.o(.ARM.Collect$$libshutdown$$00000007)
    __rt_lib_shutdown_heap_1                 0x080001b1   Thumb Code     0  libshutdown2.o(.ARM.Collect$$libshutdown$$0000000F)
    __rt_lib_shutdown_return                 0x080001b1   Thumb Code     0  libshutdown2.o(.ARM.Collect$$libshutdown$$00000010)
    __rt_lib_shutdown_signal_1               0x080001b1   Thumb Code     0  libshutdown2.o(.ARM.Collect$$libshutdown$$0000000A)
    __rt_lib_shutdown_stdio_1                0x080001b1   Thumb Code     0  libshutdown2.o(.ARM.Collect$$libshutdown$$00000004)
    __rt_lib_shutdown_user_alloc_1           0x080001b1   Thumb Code     0  libshutdown2.o(.ARM.Collect$$libshutdown$$0000000C)
    __rt_entry                               0x080001b3   Thumb Code     0  __rtentry.o(.ARM.Collect$$rtentry$$00000000)
    __rt_entry_presh_1                       0x080001b3   Thumb Code     0  __rtentry2.o(.ARM.Collect$$rtentry$$00000002)
    __rt_entry_sh                            0x080001b3   Thumb Code     0  __rtentry4.o(.ARM.Collect$$rtentry$$00000004)
    __rt_entry_li                            0x080001b9   Thumb Code     0  __rtentry2.o(.ARM.Collect$$rtentry$$0000000A)
    __rt_entry_postsh_1                      0x080001b9   Thumb Code     0  __rtentry2.o(.ARM.Collect$$rtentry$$00000009)
    __rt_entry_main                          0x080001bd   Thumb Code     0  __rtentry2.o(.ARM.Collect$$rtentry$$0000000D)
    __rt_entry_postli_1                      0x080001bd   Thumb Code     0  __rtentry2.o(.ARM.Collect$$rtentry$$0000000C)
    __rt_exit                                0x080001c5   Thumb Code     0  rtexit.o(.ARM.Collect$$rtexit$$00000000)
    __rt_exit_ls                             0x080001c7   Thumb Code     0  rtexit2.o(.ARM.Collect$$rtexit$$00000003)
    __rt_exit_prels_1                        0x080001c7   Thumb Code     0  rtexit2.o(.ARM.Collect$$rtexit$$00000002)
    __rt_exit_exit                           0x080001cb   Thumb Code     0  rtexit2.o(.ARM.Collect$$rtexit$$00000004)
    Reset_Handler                            0x080001d1   Thumb Code     8  startup_stm32f10x_md.o(.text)
    NMI_Handler                              0x080001d9   Thumb Code     2  startup_stm32f10x_md.o(.text)
    HardFault_Handler                        0x080001db   Thumb Code     2  startup_stm32f10x_md.o(.text)
    MemManage_Handler                        0x080001dd   Thumb Code     2  startup_stm32f10x_md.o(.text)
    BusFault_Handler                         0x080001df   Thumb Code     2  startup_stm32f10x_md.o(.text)
    UsageFault_Handler                       0x080001e1   Thumb Code     2  startup_stm32f10x_md.o(.text)
    SVC_Handler                              0x080001e3   Thumb Code     2  startup_stm32f10x_md.o(.text)
    DebugMon_Handler                         0x080001e5   Thumb Code     2  startup_stm32f10x_md.o(.text)
    PendSV_Handler                           0x080001e7   Thumb Code     2  startup_stm32f10x_md.o(.text)
    ADC1_2_IRQHandler                        0x080001eb   Thumb Code     0  startup_stm32f10x_md.o(.text)
    CAN1_RX1_IRQHandler                      0x080001eb   Thumb Code     0  startup_stm32f10x_md.o(.text)
    CAN1_SCE_IRQHandler                      0x080001eb   Thumb Code     0  startup_stm32f10x_md.o(.text)
    DMA1_Channel1_IRQHandler                 0x080001eb   Thumb Code     0  startup_stm32f10x_md.o(.text)
    DMA1_Channel2_IRQHandler                 0x080001eb   Thumb Code     0  startup_stm32f10x_md.o(.text)
    DMA1_Channel3_IRQHandler                 0x080001eb   Thumb Code     0  startup_stm32f10x_md.o(.text)
    DMA1_Channel4_IRQHandler                 0x080001eb   Thumb Code     0  startup_stm32f10x_md.o(.text)
    DMA1_Channel5_IRQHandler                 0x080001eb   Thumb Code     0  startup_stm32f10x_md.o(.text)
    DMA1_Channel6_IRQHandler                 0x080001eb   Thumb Code     0  startup_stm32f10x_md.o(.text)
    DMA1_Channel7_IRQHandler                 0x080001eb   Thumb Code     0  startup_stm32f10x_md.o(.text)
    EXTI0_IRQHandler                         0x080001eb   Thumb Code     0  startup_stm32f10x_md.o(.text)
    EXTI15_10_IRQHandler                     0x080001eb   Thumb Code     0  startup_stm32f10x_md.o(.text)
    EXTI1_IRQHandler                         0x080001eb   Thumb Code     0  startup_stm32f10x_md.o(.text)
    EXTI2_IRQHandler                         0x080001eb   Thumb Code     0  startup_stm32f10x_md.o(.text)
    EXTI3_IRQHandler                         0x080001eb   Thumb Code     0  startup_stm32f10x_md.o(.text)
    EXTI4_IRQHandler                         0x080001eb   Thumb Code     0  startup_stm32f10x_md.o(.text)
    EXTI9_5_IRQHandler                       0x080001eb   Thumb Code     0  startup_stm32f10x_md.o(.text)
    FLASH_IRQHandler                         0x080001eb   Thumb Code     0  startup_stm32f10x_md.o(.text)
    I2C1_ER_IRQHandler                       0x080001eb   Thumb Code     0  startup_stm32f10x_md.o(.text)
    I2C1_EV_IRQHandler                       0x080001eb   Thumb Code     0  startup_stm32f10x_md.o(.text)
    I2C2_ER_IRQHandler                       0x080001eb   Thumb Code     0  startup_stm32f10x_md.o(.text)
    I2C2_EV_IRQHandler                       0x080001eb   Thumb Code     0  startup_stm32f10x_md.o(.text)
    PVD_IRQHandler                           0x080001eb   Thumb Code     0  startup_stm32f10x_md.o(.text)
    RCC_IRQHandler                           0x080001eb   Thumb Code     0  startup_stm32f10x_md.o(.text)
    RTCAlarm_IRQHandler                      0x080001eb   Thumb Code     0  startup_stm32f10x_md.o(.text)
    RTC_IRQHandler                           0x080001eb   Thumb Code     0  startup_stm32f10x_md.o(.text)
    SPI1_IRQHandler                          0x080001eb   Thumb Code     0  startup_stm32f10x_md.o(.text)
    SPI2_IRQHandler                          0x080001eb   Thumb Code     0  startup_stm32f10x_md.o(.text)
    TAMPER_IRQHandler                        0x080001eb   Thumb Code     0  startup_stm32f10x_md.o(.text)
    TIM1_BRK_IRQHandler                      0x080001eb   Thumb Code     0  startup_stm32f10x_md.o(.text)
    TIM1_CC_IRQHandler                       0x080001eb   Thumb Code     0  startup_stm32f10x_md.o(.text)
    TIM1_TRG_COM_IRQHandler                  0x080001eb   Thumb Code     0  startup_stm32f10x_md.o(.text)
    TIM1_UP_IRQHandler                       0x080001eb   Thumb Code     0  startup_stm32f10x_md.o(.text)
    TIM2_IRQHandler                          0x080001eb   Thumb Code     0  startup_stm32f10x_md.o(.text)
    TIM3_IRQHandler                          0x080001eb   Thumb Code     0  startup_stm32f10x_md.o(.text)
    TIM4_IRQHandler                          0x080001eb   Thumb Code     0  startup_stm32f10x_md.o(.text)
    USBWakeUp_IRQHandler                     0x080001eb   Thumb Code     0  startup_stm32f10x_md.o(.text)
    USB_HP_CAN1_TX_IRQHandler                0x080001eb   Thumb Code     0  startup_stm32f10x_md.o(.text)
    USB_LP_CAN1_RX0_IRQHandler               0x080001eb   Thumb Code     0  startup_stm32f10x_md.o(.text)
    WWDG_IRQHandler                          0x080001eb   Thumb Code     0  startup_stm32f10x_md.o(.text)
    __user_initial_stackheap                 0x080001ed   Thumb Code     0  startup_stm32f10x_md.o(.text)
    __2sprintf                               0x08000211   Thumb Code    34  noretval__2sprintf.o(.text)
    _printf_pre_padding                      0x08000239   Thumb Code    44  _printf_pad.o(.text)
    _printf_post_padding                     0x08000265   Thumb Code    34  _printf_pad.o(.text)
    _printf_int_dec                          0x08000289   Thumb Code   104  _printf_dec.o(.text)
    _printf_int_hex                          0x08000301   Thumb Code    84  _printf_hex_int.o(.text)
    _printf_longlong_hex                     0x08000301   Thumb Code     0  _printf_hex_int.o(.text)
    __printf                                 0x08000359   Thumb Code   308  __printf_flags_wp.o(.text)
    strlen                                   0x08000491   Thumb Code    62  strlen.o(.text)
    __aeabi_memcpy4                          0x080004cf   Thumb Code     0  rt_memcpy_w.o(.text)
    __aeabi_memcpy8                          0x080004cf   Thumb Code     0  rt_memcpy_w.o(.text)
    __rt_memcpy_w                            0x080004cf   Thumb Code   100  rt_memcpy_w.o(.text)
    _memcpy_lastbytes_aligned                0x08000517   Thumb Code     0  rt_memcpy_w.o(.text)
    __use_two_region_memory                  0x08000533   Thumb Code     2  heapauxi.o(.text)
    __rt_heap_escrow$2region                 0x08000535   Thumb Code     2  heapauxi.o(.text)
    __rt_heap_expand$2region                 0x08000537   Thumb Code     2  heapauxi.o(.text)
    __cpp_initialize__aeabi_                 0x08000539   Thumb Code    26  init_aeabi.o(.text)
    _printf_int_common                       0x0800055d   Thumb Code   178  _printf_intcommon.o(.text)
    __lib_sel_fp_printf                      0x0800060f   Thumb Code     2  _printf_fp_dec.o(.text)
    _printf_fp_dec_real                      0x080007bd   Thumb Code   620  _printf_fp_dec.o(.text)
    _printf_char_common                      0x08000a33   Thumb Code    32  _printf_char_common.o(.text)
    _sputc                                   0x08000a59   Thumb Code    10  _sputc.o(.text)
    __rt_locale                              0x08000a65   Thumb Code     8  rt_locale_intlibspace.o(.text)
    _ll_udiv10                               0x08000a6d   Thumb Code   138  lludiv10.o(.text)
    _printf_fp_infnan                        0x08000af9   Thumb Code   112  _printf_fp_infnan.o(.text)
    _btod_etento                             0x08000b79   Thumb Code   216  bigflt0.o(.text)
    __user_libspace                          0x08000c55   Thumb Code     8  libspace.o(.text)
    __user_perproc_libspace                  0x08000c55   Thumb Code     0  libspace.o(.text)
    __user_perthread_libspace                0x08000c55   Thumb Code     0  libspace.o(.text)
    __user_setup_stackheap                   0x08000c5d   Thumb Code    74  sys_stackheap_outer.o(.text)
    exit                                     0x08000ca7   Thumb Code    18  exit.o(.text)
    strcmp                                   0x08000cb9   Thumb Code   128  strcmpv7m.o(.text)
    __I$use$semihosting                      0x08000d39   Thumb Code     0  use_no_semi.o(.text)
    __use_no_semihosting_swi                 0x08000d39   Thumb Code     2  use_no_semi.o(.text)
    __semihosting_library_function           0x08000d3b   Thumb Code     0  indicate_semi.o(.text)
    _sys_exit                                0x08000d3d   Thumb Code     8  sys_exit.o(.text)
    _btod_d2e                                0x08000d49   Thumb Code    62  btod.o(CL$$btod_d2e)
    _d2e_denorm_low                          0x08000d87   Thumb Code    70  btod.o(CL$$btod_d2e_denorm_low)
    _d2e_norm_op1                            0x08000dcd   Thumb Code    96  btod.o(CL$$btod_d2e_norm_op1)
    __btod_div_common                        0x08000e2d   Thumb Code   696  btod.o(CL$$btod_div_common)
    _e2e                                     0x08001165   Thumb Code   198  btod.o(CL$$btod_e2e)
    _btod_ediv                               0x0800122b   Thumb Code    40  btod.o(CL$$btod_ediv)
    _btod_emul                               0x08001253   Thumb Code    40  btod.o(CL$$btod_emul)
    __btod_mult_common                       0x0800127b   Thumb Code   580  btod.o(CL$$btod_mult_common)
    GPIO_Init                                0x080014bf   Thumb Code   166  stm32f10x_gpio.o(i.GPIO_Init)
    GPIO_PinRemapConfig                      0x08001565   Thumb Code    86  stm32f10x_gpio.o(i.GPIO_PinRemapConfig)
    RCC_APB1PeriphClockCmd                   0x080015f9   Thumb Code    22  stm32f10x_rcc.o(i.RCC_APB1PeriphClockCmd)
    RCC_APB2PeriphClockCmd                   0x08001615   Thumb Code    22  stm32f10x_rcc.o(i.RCC_APB2PeriphClockCmd)
    RCC_GetClocksFreq                        0x08001631   Thumb Code   154  stm32f10x_rcc.o(i.RCC_GetClocksFreq)
    SD_GetSectorCount                        0x080016dd   Thumb Code   134  sdcard.o(i.SD_GetSectorCount)
    SD_Init                                  0x0800176d   Thumb Code   256  sdcard.o(i.SD_Init)
    SD_ReadSector                            0x080018e9   Thumb Code   112  sdcard.o(i.SD_ReadSector)
    SD_WriteSector                           0x08001a7d   Thumb Code   122  sdcard.o(i.SD_WriteSector)
    SPI1_Setup                               0x08001b01   Thumb Code   160  spi.o(i.SPI1_Setup)
    SPI1_Transfer                            0x08001ba9   Thumb Code    48  spi.o(i.SPI1_Transfer)
    SPI_Cmd                                  0x08001bdd   Thumb Code    24  stm32f10x_spi.o(i.SPI_Cmd)
    SPI_I2S_GetFlagStatus                    0x08001bf5   Thumb Code    14  stm32f10x_spi.o(i.SPI_I2S_GetFlagStatus)
    SPI_I2S_ReceiveData                      0x08001c03   Thumb Code     4  stm32f10x_spi.o(i.SPI_I2S_ReceiveData)
    SPI_I2S_SendData                         0x08001c07   Thumb Code     4  stm32f10x_spi.o(i.SPI_I2S_SendData)
    SPI_Init                                 0x08001c0b   Thumb Code    56  stm32f10x_spi.o(i.SPI_Init)
    SysTick_Handler                          0x08001cf9   Thumb Code    10  lib_delay.o(i.SysTick_Handler)
    SystemInit                               0x08001d09   Thumb Code    64  system_stm32f10x.o(i.SystemInit)
    UART1_Init                               0x08001d59   Thumb Code    10  uart.o(i.UART1_Init)
    UART1_Print                              0x08001d69   Thumb Code    20  uart.o(i.UART1_Print)
    UART1_Scan                               0x08001d81   Thumb Code     8  uart.o(i.UART1_Scan)
    UART2_Init                               0x08001d89   Thumb Code    10  uart.o(i.UART2_Init)
    UART2_Print                              0x08001d99   Thumb Code    20  uart.o(i.UART2_Print)
    UART2_Scan                               0x08001db1   Thumb Code     8  uart.o(i.UART2_Scan)
    UART3_Init                               0x08001db9   Thumb Code    10  uart.o(i.UART3_Init)
    UART3_Print                              0x08001dc9   Thumb Code    20  uart.o(i.UART3_Print)
    UART3_Scan                               0x08001de1   Thumb Code     8  uart.o(i.UART3_Scan)
    UART_FirstInit                           0x08001de9   Thumb Code    44  uart.o(i.UART_FirstInit)
    UARTx_Init                               0x08001e3d   Thumb Code   406  uart.o(i.UARTx_Init)
    UARTx_ReceiveData                        0x08001fe9   Thumb Code    88  uart.o(i.UARTx_ReceiveData)
    UARTx_SendData                           0x08002049   Thumb Code   258  uart.o(i.UARTx_SendData)
    USART1_IRQHandler                        0x08002161   Thumb Code    44  uart.o(i.USART1_IRQHandler)
    USART2_IRQHandler                        0x08002195   Thumb Code    50  uart.o(i.USART2_IRQHandler)
    USART3_IRQHandler                        0x080021d1   Thumb Code    50  uart.o(i.USART3_IRQHandler)
    USART_Cmd                                0x0800220d   Thumb Code    24  stm32f10x_usart.o(i.USART_Cmd)
    USART_GetFlagStatus                      0x08002225   Thumb Code    14  stm32f10x_usart.o(i.USART_GetFlagStatus)
    USART_ITConfig                           0x08002233   Thumb Code    54  stm32f10x_usart.o(i.USART_ITConfig)
    USART_Init                               0x08002269   Thumb Code   182  stm32f10x_usart.o(i.USART_Init)
    USART_SendData                           0x08002325   Thumb Code     8  stm32f10x_usart.o(i.USART_SendData)
    __ARM_fpclassify                         0x0800232d   Thumb Code    40  fpclassify.o(i.__ARM_fpclassify)
    _is_digit                                0x08002355   Thumb Code    14  __printf_wp.o(i._is_digit)
    clust2sect                               0x080026d9   Thumb Code    24  ff.o(i.clust2sect)
    disk_initialize                          0x08002dab   Thumb Code    40  diskio.o(i.disk_initialize)
    disk_ioctl                               0x08002dd3   Thumb Code    84  diskio.o(i.disk_ioctl)
    disk_read                                0x08002e27   Thumb Code    52  diskio.o(i.disk_read)
    disk_status                              0x08002e5d   Thumb Code    38  diskio.o(i.disk_status)
    disk_write                               0x08002e89   Thumb Code    52  diskio.o(i.disk_write)
    f_close                                  0x08002ebd   Thumb Code    20  ff.o(i.f_close)
    f_lseek                                  0x08002ed1   Thumb Code   376  ff.o(i.f_lseek)
    f_mount                                  0x08003049   Thumb Code    28  ff.o(i.f_mount)
    f_open                                   0x08003069   Thumb Code   364  ff.o(i.f_open)
    f_sync                                   0x080031d9   Thumb Code   164  ff.o(i.f_sync)
    f_write                                  0x0800327d   Thumb Code   442  ff.o(i.f_write)
    ff_convert                               0x08003439   Thumb Code    48  ccsbcs.o(i.ff_convert)
    ff_wtoupper                              0x0800346d   Thumb Code    34  ccsbcs.o(i.ff_wtoupper)
    gen_numname                              0x0800357d   Thumb Code   116  ff.o(i.gen_numname)
    get_fat                                  0x080035f1   Thumb Code   202  ff.o(i.get_fat)
    get_fattime                              0x080036bb   Thumb Code     4  diskio.o(i.get_fattime)
    main                                     0x080036c1   Thumb Code   124  main.o(i.main)
    put_fat                                  0x0800387b   Thumb Code   246  ff.o(i.put_fat)
    _get_lc_numeric                          0x08003ad5   Thumb Code    44  lc_numeric_c.o(locale$$code)
    __aeabi_d2f                              0x08003b01   Thumb Code     0  d2f.o(x$fpl$d2f)
    _d2f                                     0x08003b01   Thumb Code    98  d2f.o(x$fpl$d2f)
    __fpl_dnaninf                            0x08003b63   Thumb Code   156  dnaninf.o(x$fpl$dnaninf)
    __fpl_dretinf                            0x08003bff   Thumb Code    12  dretinf.o(x$fpl$dretinf)
    __aeabi_f2d                              0x08003c0d   Thumb Code     0  f2d.o(x$fpl$f2d)
    _f2d                                     0x08003c0d   Thumb Code    86  f2d.o(x$fpl$f2d)
    __fpl_fnaninf                            0x08003c63   Thumb Code   140  fnaninf.o(x$fpl$fnaninf)
    __fpl_fretinf                            0x08003cef   Thumb Code    10  fretinf.o(x$fpl$fretinf)
    _printf_fp_dec                           0x08003cf9   Thumb Code     4  printf1.o(x$fpl$printf1)
    __I$use$fp                               0x08003cfc   Number         0  usenofp.o(x$fpl$usenofp)
    Region$$Table$$Base                      0x08004318   Number         0  anon$$obj.o(Region$$Table)
    Region$$Table$$Limit                     0x08004338   Number         0  anon$$obj.o(Region$$Table)
    SHT$$INIT_ARRAY$$Base                    0x08004354   Number         0  uart.o(.init_array)
    SHT$$INIT_ARRAY$$Limit                   0x08004358   Number         0  init_aeabi.o(.init_array)
    UARTx_rx_flag                            0x20000002   Data           3  uart.o(.data)
    UARTx_idx                                0x20000005   Data           3  uart.o(.data)
    UARTx_dataReceived                       0x20000008   Data         390  uart.o(.data)
    sd_card_info                             0x20000190   Data           8  sdcard.o(.data)
    UART1                                    0x200001b4   Data          12  uart.o(.bss)
    UART2                                    0x200001c0   Data          12  uart.o(.bss)
    UART3                                    0x200001cc   Data          12  uart.o(.bss)
    number                                   0x200001d8   Data          50  uart.o(.bss)
    __libspace_start                         0x2000040c   Data          96  libspace.o(.bss)
    __temporary_stack_top$libspace           0x2000046c   Data           0  libspace.o(.bss)



==============================================================================

Memory Map of the image

  Image Entry point : 0x080000ed

  Load Region LR_IROM1 (Base: 0x08000000, Size: 0x0000450c, Max: 0x00010000, ABSOLUTE, COMPRESSED[0x00004374])

    Execution Region ER_IROM1 (Base: 0x08000000, Size: 0x00004358, Max: 0x00010000, ABSOLUTE)

    Base Addr    Size         Type   Attr      Idx    E Section Name        Object

    0x08000000   0x000000ec   Data   RO         2130    RESET               startup_stm32f10x_md.o
    0x080000ec   0x00000008   Code   RO         2244  * !!!main             c_w.l(__main.o)
    0x080000f4   0x00000034   Code   RO         2478    !!!scatter          c_w.l(__scatter.o)
    0x08000128   0x0000003a   Code   RO         2476    !!dczerorl          c_w.l(__dczerorl.o)
    0x08000162   0x00000002   PAD
    0x08000164   0x0000001c   Code   RO         2480    !!handler_zi        c_w.l(__scatter_zi.o)
    0x08000180   0x00000000   Code   RO         2237    .ARM.Collect$$_printf_percent$$00000000  c_w.l(_printf_percent.o)
    0x08000180   0x00000006   Code   RO         2236    .ARM.Collect$$_printf_percent$$00000003  c_w.l(_printf_f.o)
    0x08000186   0x00000006   Code   RO         2235    .ARM.Collect$$_printf_percent$$00000009  c_w.l(_printf_d.o)
    0x0800018c   0x00000006   Code   RO         2234    .ARM.Collect$$_printf_percent$$0000000C  c_w.l(_printf_x.o)
    0x08000192   0x00000004   Code   RO         2267    .ARM.Collect$$_printf_percent$$00000017  c_w.l(_printf_percent_end.o)
    0x08000196   0x00000002   Code   RO         2402    .ARM.Collect$$libinit$$00000000  c_w.l(libinit.o)
    0x08000198   0x00000000   Code   RO         2269    .ARM.Collect$$libinit$$00000002  c_w.l(libinit2.o)
    0x08000198   0x00000000   Code   RO         2271    .ARM.Collect$$libinit$$00000004  c_w.l(libinit2.o)
    0x08000198   0x00000000   Code   RO         2274    .ARM.Collect$$libinit$$0000000A  c_w.l(libinit2.o)
    0x08000198   0x00000000   Code   RO         2276    .ARM.Collect$$libinit$$0000000C  c_w.l(libinit2.o)
    0x08000198   0x00000000   Code   RO         2278    .ARM.Collect$$libinit$$0000000E  c_w.l(libinit2.o)
    0x08000198   0x00000006   Code   RO         2279    .ARM.Collect$$libinit$$0000000F  c_w.l(libinit2.o)
    0x0800019e   0x00000000   Code   RO         2281    .ARM.Collect$$libinit$$00000011  c_w.l(libinit2.o)
    0x0800019e   0x00000000   Code   RO         2283    .ARM.Collect$$libinit$$00000013  c_w.l(libinit2.o)
    0x0800019e   0x00000000   Code   RO         2285    .ARM.Collect$$libinit$$00000015  c_w.l(libinit2.o)
    0x0800019e   0x0000000a   Code   RO         2286    .ARM.Collect$$libinit$$00000016  c_w.l(libinit2.o)
    0x080001a8   0x00000000   Code   RO         2287    .ARM.Collect$$libinit$$00000017  c_w.l(libinit2.o)
    0x080001a8   0x00000000   Code   RO         2289    .ARM.Collect$$libinit$$00000019  c_w.l(libinit2.o)
    0x080001a8   0x00000000   Code   RO         2291    .ARM.Collect$$libinit$$0000001B  c_w.l(libinit2.o)
    0x080001a8   0x00000000   Code   RO         2293    .ARM.Collect$$libinit$$0000001D  c_w.l(libinit2.o)
    0x080001a8   0x00000000   Code   RO         2295    .ARM.Collect$$libinit$$0000001F  c_w.l(libinit2.o)
    0x080001a8   0x00000000   Code   RO         2297    .ARM.Collect$$libinit$$00000021  c_w.l(libinit2.o)
    0x080001a8   0x00000000   Code   RO         2299    .ARM.Collect$$libinit$$00000023  c_w.l(libinit2.o)
    0x080001a8   0x00000000   Code   RO         2301    .ARM.Collect$$libinit$$00000025  c_w.l(libinit2.o)
    0x080001a8   0x00000000   Code   RO         2305    .ARM.Collect$$libinit$$0000002C  c_w.l(libinit2.o)
    0x080001a8   0x00000000   Code   RO         2307    .ARM.Collect$$libinit$$0000002E  c_w.l(libinit2.o)
    0x080001a8   0x00000000   Code   RO         2309    .ARM.Collect$$libinit$$00000030  c_w.l(libinit2.o)
    0x080001a8   0x00000004   Code   RO         2310    .ARM.Collect$$libinit$$00000031  c_w.l(libinit2.o)
    0x080001ac   0x00000000   Code   RO         2311    .ARM.Collect$$libinit$$00000032  c_w.l(libinit2.o)
    0x080001ac   0x00000002   Code   RO         2312    .ARM.Collect$$libinit$$00000033  c_w.l(libinit2.o)
    0x080001ae   0x00000002   Code   RO         2437    .ARM.Collect$$libshutdown$$00000000  c_w.l(libshutdown.o)
    0x080001b0   0x00000000   Code   RO         2443    .ARM.Collect$$libshutdown$$00000002  c_w.l(libshutdown2.o)
    0x080001b0   0x00000000   Code   RO         2445    .ARM.Collect$$libshutdown$$00000004  c_w.l(libshutdown2.o)
    0x080001b0   0x00000000   Code   RO         2448    .ARM.Collect$$libshutdown$$00000007  c_w.l(libshutdown2.o)
    0x080001b0   0x00000000   Code   RO         2451    .ARM.Collect$$libshutdown$$0000000A  c_w.l(libshutdown2.o)
    0x080001b0   0x00000000   Code   RO         2453    .ARM.Collect$$libshutdown$$0000000C  c_w.l(libshutdown2.o)
    0x080001b0   0x00000000   Code   RO         2456    .ARM.Collect$$libshutdown$$0000000F  c_w.l(libshutdown2.o)
    0x080001b0   0x00000002   Code   RO         2457    .ARM.Collect$$libshutdown$$00000010  c_w.l(libshutdown2.o)
    0x080001b2   0x00000000   Code   RO         2258    .ARM.Collect$$rtentry$$00000000  c_w.l(__rtentry.o)
    0x080001b2   0x00000000   Code   RO         2323    .ARM.Collect$$rtentry$$00000002  c_w.l(__rtentry2.o)
    0x080001b2   0x00000006   Code   RO         2335    .ARM.Collect$$rtentry$$00000004  c_w.l(__rtentry4.o)
    0x080001b8   0x00000000   Code   RO         2325    .ARM.Collect$$rtentry$$00000009  c_w.l(__rtentry2.o)
    0x080001b8   0x00000004   Code   RO         2326    .ARM.Collect$$rtentry$$0000000A  c_w.l(__rtentry2.o)
    0x080001bc   0x00000000   Code   RO         2328    .ARM.Collect$$rtentry$$0000000C  c_w.l(__rtentry2.o)
    0x080001bc   0x00000008   Code   RO         2329    .ARM.Collect$$rtentry$$0000000D  c_w.l(__rtentry2.o)
    0x080001c4   0x00000002   Code   RO         2405    .ARM.Collect$$rtexit$$00000000  c_w.l(rtexit.o)
    0x080001c6   0x00000000   Code   RO         2417    .ARM.Collect$$rtexit$$00000002  c_w.l(rtexit2.o)
    0x080001c6   0x00000004   Code   RO         2418    .ARM.Collect$$rtexit$$00000003  c_w.l(rtexit2.o)
    0x080001ca   0x00000006   Code   RO         2419    .ARM.Collect$$rtexit$$00000004  c_w.l(rtexit2.o)
    0x080001d0   0x00000040   Code   RO         2131    .text               startup_stm32f10x_md.o
    0x08000210   0x00000028   Code   RO         2185    .text               c_w.l(noretval__2sprintf.o)
    0x08000238   0x0000004e   Code   RO         2189    .text               c_w.l(_printf_pad.o)
    0x08000286   0x00000002   PAD
    0x08000288   0x00000078   Code   RO         2191    .text               c_w.l(_printf_dec.o)
    0x08000300   0x00000058   Code   RO         2196    .text               c_w.l(_printf_hex_int.o)
    0x08000358   0x00000138   Code   RO         2226    .text               c_w.l(__printf_flags_wp.o)
    0x08000490   0x0000003e   Code   RO         2238    .text               c_w.l(strlen.o)
    0x080004ce   0x00000064   Code   RO         2240    .text               c_w.l(rt_memcpy_w.o)
    0x08000532   0x00000006   Code   RO         2242    .text               c_w.l(heapauxi.o)
    0x08000538   0x00000024   Code   RO         2249    .text               c_w.l(init_aeabi.o)
    0x0800055c   0x000000b2   Code   RO         2259    .text               c_w.l(_printf_intcommon.o)
    0x0800060e   0x0000041a   Code   RO         2261    .text               c_w.l(_printf_fp_dec.o)
    0x08000a28   0x00000030   Code   RO         2263    .text               c_w.l(_printf_char_common.o)
    0x08000a58   0x0000000a   Code   RO         2265    .text               c_w.l(_sputc.o)
    0x08000a62   0x00000002   PAD
    0x08000a64   0x00000008   Code   RO         2340    .text               c_w.l(rt_locale_intlibspace.o)
    0x08000a6c   0x0000008a   Code   RO         2342    .text               c_w.l(lludiv10.o)
    0x08000af6   0x00000002   PAD
    0x08000af8   0x00000080   Code   RO         2344    .text               c_w.l(_printf_fp_infnan.o)
    0x08000b78   0x000000dc   Code   RO         2348    .text               c_w.l(bigflt0.o)
    0x08000c54   0x00000008   Code   RO         2384    .text               c_w.l(libspace.o)
    0x08000c5c   0x0000004a   Code   RO         2387    .text               c_w.l(sys_stackheap_outer.o)
    0x08000ca6   0x00000012   Code   RO         2389    .text               c_w.l(exit.o)
    0x08000cb8   0x00000080   Code   RO         2391    .text               c_w.l(strcmpv7m.o)
    0x08000d38   0x00000002   Code   RO         2413    .text               c_w.l(use_no_semi.o)
    0x08000d3a   0x00000000   Code   RO         2415    .text               c_w.l(indicate_semi.o)
    0x08000d3a   0x00000002   PAD
    0x08000d3c   0x0000000c   Code   RO         2429    .text               c_w.l(sys_exit.o)
    0x08000d48   0x0000003e   Code   RO         2351    CL$$btod_d2e        c_w.l(btod.o)
    0x08000d86   0x00000046   Code   RO         2353    CL$$btod_d2e_denorm_low  c_w.l(btod.o)
    0x08000dcc   0x00000060   Code   RO         2352    CL$$btod_d2e_norm_op1  c_w.l(btod.o)
    0x08000e2c   0x00000338   Code   RO         2361    CL$$btod_div_common  c_w.l(btod.o)
    0x08001164   0x000000c6   Code   RO         2358    CL$$btod_e2e        c_w.l(btod.o)
    0x0800122a   0x00000028   Code   RO         2355    CL$$btod_ediv       c_w.l(btod.o)
    0x08001252   0x00000028   Code   RO         2354    CL$$btod_emul       c_w.l(btod.o)
    0x0800127a   0x00000244   Code   RO         2360    CL$$btod_mult_common  c_w.l(btod.o)
    0x080014be   0x000000a6   Code   RO          891    i.GPIO_Init         stm32f10x_gpio.o
    0x08001564   0x0000005c   Code   RO          893    i.GPIO_PinRemapConfig  stm32f10x_gpio.o
    0x080015c0   0x00000016   Code   RO          164    i.NVIC_EnableIRQ    uart.o
    0x080015d6   0x00000020   Code   RO          165    i.NVIC_SetPriority  uart.o
    0x080015f6   0x00000002   PAD
    0x080015f8   0x0000001c   Code   RO         1013    i.RCC_APB1PeriphClockCmd  stm32f10x_rcc.o
    0x08001614   0x0000001c   Code   RO         1015    i.RCC_APB2PeriphClockCmd  stm32f10x_rcc.o
    0x08001630   0x000000ac   Code   RO         1023    i.RCC_GetClocksFreq  stm32f10x_rcc.o
    0x080016dc   0x00000090   Code   RO          307    i.SD_GetSectorCount  sdcard.o
    0x0800176c   0x00000108   Code   RO          308    i.SD_Init           sdcard.o
    0x08001874   0x00000074   Code   RO          310    i.SD_PowerOn        sdcard.o
    0x080018e8   0x00000078   Code   RO          312    i.SD_ReadSector     sdcard.o
    0x08001960   0x00000040   Code   RO          313    i.SD_RecvData       sdcard.o
    0x080019a0   0x00000050   Code   RO          314    i.SD_SendBlock      sdcard.o
    0x080019f0   0x0000006c   Code   RO          315    i.SD_SendCmd        sdcard.o
    0x08001a5c   0x00000020   Code   RO          317    i.SD_WaitReady      sdcard.o
    0x08001a7c   0x00000084   Code   RO          319    i.SD_WriteSector    sdcard.o
    0x08001b00   0x000000a8   Code   RO          450    i.SPI1_Setup        spi.o
    0x08001ba8   0x00000034   Code   RO          451    i.SPI1_Transfer     spi.o
    0x08001bdc   0x00000018   Code   RO         1228    i.SPI_Cmd           stm32f10x_spi.o
    0x08001bf4   0x0000000e   Code   RO         1236    i.SPI_I2S_GetFlagStatus  stm32f10x_spi.o
    0x08001c02   0x00000004   Code   RO         1239    i.SPI_I2S_ReceiveData  stm32f10x_spi.o
    0x08001c06   0x00000004   Code   RO         1240    i.SPI_I2S_SendData  stm32f10x_spi.o
    0x08001c0a   0x00000038   Code   RO         1241    i.SPI_Init          stm32f10x_spi.o
    0x08001c42   0x00000004   Code   RO         2138    i.SetSysClock       system_stm32f10x.o
    0x08001c46   0x00000002   PAD
    0x08001c48   0x000000b0   Code   RO         2139    i.SetSysClockTo72   system_stm32f10x.o
    0x08001cf8   0x00000010   Code   RO          121    i.SysTick_Handler   lib_delay.o
    0x08001d08   0x00000050   Code   RO         2141    i.SystemInit        system_stm32f10x.o
    0x08001d58   0x00000010   Code   RO          166    i.UART1_Init        uart.o
    0x08001d68   0x00000018   Code   RO          167    i.UART1_Print       uart.o
    0x08001d80   0x00000008   Code   RO          168    i.UART1_Scan        uart.o
    0x08001d88   0x00000010   Code   RO          169    i.UART2_Init        uart.o
    0x08001d98   0x00000018   Code   RO          170    i.UART2_Print       uart.o
    0x08001db0   0x00000008   Code   RO          171    i.UART2_Scan        uart.o
    0x08001db8   0x00000010   Code   RO          172    i.UART3_Init        uart.o
    0x08001dc8   0x00000018   Code   RO          173    i.UART3_Print       uart.o
    0x08001de0   0x00000008   Code   RO          174    i.UART3_Scan        uart.o
    0x08001de8   0x00000054   Code   RO          175    i.UART_FirstInit    uart.o
    0x08001e3c   0x000001ac   Code   RO          176    i.UARTx_Init        uart.o
    0x08001fe8   0x00000060   Code   RO          177    i.UARTx_ReceiveData  uart.o
    0x08002048   0x00000118   Code   RO          178    i.UARTx_SendData    uart.o
    0x08002160   0x00000034   Code   RO          179    i.USART1_IRQHandler  uart.o
    0x08002194   0x0000003c   Code   RO          180    i.USART2_IRQHandler  uart.o
    0x080021d0   0x0000003c   Code   RO          181    i.USART3_IRQHandler  uart.o
    0x0800220c   0x00000018   Code   RO         1943    i.USART_Cmd         stm32f10x_usart.o
    0x08002224   0x0000000e   Code   RO         1946    i.USART_GetFlagStatus  stm32f10x_usart.o
    0x08002232   0x00000036   Code   RO         1949    i.USART_ITConfig    stm32f10x_usart.o
    0x08002268   0x000000bc   Code   RO         1950    i.USART_Init        stm32f10x_usart.o
    0x08002324   0x00000008   Code   RO         1960    i.USART_SendData    stm32f10x_usart.o
    0x0800232c   0x00000028   Code   RO         2382    i.__ARM_fpclassify  m_ws.l(fpclassify.o)
    0x08002354   0x0000000e   Code   RO         2224    i._is_digit         c_w.l(__printf_wp.o)
    0x08002362   0x00000002   PAD
    0x08002364   0x0000007c   Code   RO          578    i.check_fs          ff.o
    0x080023e0   0x00000010   Code   RO          579    i.chk_chr           ff.o
    0x080023f0   0x000002e8   Code   RO          580    i.chk_mounted       ff.o
    0x080026d8   0x00000018   Code   RO          581    i.clust2sect        ff.o
    0x080026f0   0x00000080   Code   RO          582    i.cmp_lfn           ff.o
    0x08002770   0x000000a0   Code   RO          583    i.create_chain      ff.o
    0x08002810   0x000001f0   Code   RO          584    i.create_name       ff.o
    0x08002a00   0x000000bc   Code   RO          585    i.dir_find          ff.o
    0x08002abc   0x00000108   Code   RO          586    i.dir_next          ff.o
    0x08002bc4   0x0000015a   Code   RO          588    i.dir_register      ff.o
    0x08002d1e   0x0000008c   Code   RO          590    i.dir_sdi           ff.o
    0x08002daa   0x00000028   Code   RO          514    i.disk_initialize   diskio.o
    0x08002dd2   0x00000054   Code   RO          515    i.disk_ioctl        diskio.o
    0x08002e26   0x00000034   Code   RO          516    i.disk_read         diskio.o
    0x08002e5a   0x00000002   PAD
    0x08002e5c   0x0000002c   Code   RO          517    i.disk_status       diskio.o
    0x08002e88   0x00000034   Code   RO          518    i.disk_write        diskio.o
    0x08002ebc   0x00000014   Code   RO          592    i.f_close           ff.o
    0x08002ed0   0x00000178   Code   RO          594    i.f_lseek           ff.o
    0x08003048   0x00000020   Code   RO          596    i.f_mount           ff.o
    0x08003068   0x00000170   Code   RO          597    i.f_open            ff.o
    0x080031d8   0x000000a4   Code   RO          603    i.f_sync            ff.o
    0x0800327c   0x000001ba   Code   RO          607    i.f_write           ff.o
    0x08003436   0x00000002   PAD
    0x08003438   0x00000034   Code   RO          482    i.ff_convert        ccsbcs.o
    0x0800346c   0x0000002c   Code   RO          483    i.ff_wtoupper       ccsbcs.o
    0x08003498   0x0000006c   Code   RO          608    i.fit_lfn           ff.o
    0x08003504   0x00000078   Code   RO          609    i.follow_path       ff.o
    0x0800357c   0x00000074   Code   RO          610    i.gen_numname       ff.o
    0x080035f0   0x000000ca   Code   RO          611    i.get_fat           ff.o
    0x080036ba   0x00000004   Code   RO          519    i.get_fattime       diskio.o
    0x080036be   0x00000002   PAD
    0x080036c0   0x00000110   Code   RO            4    i.main              main.o
    0x080037d0   0x0000001a   Code   RO          613    i.mem_cmp           ff.o
    0x080037ea   0x00000012   Code   RO          614    i.mem_cpy           ff.o
    0x080037fc   0x00000010   Code   RO          615    i.mem_set           ff.o
    0x0800380c   0x0000006e   Code   RO          616    i.move_window       ff.o
    0x0800387a   0x000000f6   Code   RO          618    i.put_fat           ff.o
    0x08003970   0x00000068   Code   RO          619    i.remove_chain      ff.o
    0x080039d8   0x0000001a   Code   RO          620    i.sum_sfn           ff.o
    0x080039f2   0x000000bc   Code   RO          621    i.sync              ff.o
    0x08003aae   0x00000026   Code   RO          622    i.validate          ff.o
    0x08003ad4   0x0000002c   Code   RO         2374    locale$$code        c_w.l(lc_numeric_c.o)
    0x08003b00   0x00000062   Code   RO         2252    x$fpl$d2f           fz_ws.l(d2f.o)
    0x08003b62   0x0000009c   Code   RO         2313    x$fpl$dnaninf       fz_ws.l(dnaninf.o)
    0x08003bfe   0x0000000c   Code   RO         2315    x$fpl$dretinf       fz_ws.l(dretinf.o)
    0x08003c0a   0x00000002   PAD
    0x08003c0c   0x00000056   Code   RO         2254    x$fpl$f2d           fz_ws.l(f2d.o)
    0x08003c62   0x0000008c   Code   RO         2317    x$fpl$fnaninf       fz_ws.l(fnaninf.o)
    0x08003cee   0x0000000a   Code   RO         2319    x$fpl$fretinf       fz_ws.l(fretinf.o)
    0x08003cf8   0x00000004   Code   RO         2256    x$fpl$printf1       fz_ws.l(printf1.o)
    0x08003cfc   0x00000000   Code   RO         2321    x$fpl$usenofp       fz_ws.l(usenofp.o)
    0x08003cfc   0x000004c0   Data   RO          484    .constdata          ccsbcs.o
    0x080041bc   0x0000008d   Data   RO          624    .constdata          ff.o
    0x08004249   0x00000028   Data   RO         2197    .constdata          c_w.l(_printf_hex_int.o)
    0x08004271   0x00000011   Data   RO         2227    .constdata          c_w.l(__printf_flags_wp.o)
    0x08004282   0x00000002   PAD
    0x08004284   0x00000094   Data   RO         2349    .constdata          c_w.l(bigflt0.o)
    0x08004318   0x00000020   Data   RO         2474    Region$$Table       anon$$obj.o
    0x08004338   0x0000001c   Data   RO         2373    locale$$data        c_w.l(lc_numeric_c.o)
    0x08004354   0x00000004   Data   RO          184    .init_array         uart.o
    0x08004358   0x00000000   Data   RO         2247    .init_array         c_w.l(init_aeabi.o)


    Execution Region RW_IRAM1 (Base: 0x20000000, Size: 0x00000a70, Max: 0x00005000, ABSOLUTE, COMPRESSED[0x0000001c])

    Base Addr    Size         Type   Attr      Idx    E Section Name        Object

    0x20000000   0x00000002   Data   RW          122    .data               lib_delay.o
    0x20000002   0x0000018c   Data   RW          183    .data               uart.o
    0x2000018e   0x00000002   PAD
    0x20000190   0x00000008   Data   RW          325    .data               sdcard.o
    0x20000198   0x00000008   Data   RW          625    .data               ff.o
    0x200001a0   0x00000014   Data   RW         1043    .data               stm32f10x_rcc.o
    0x200001b4   0x00000056   Zero   RW          182    .bss                uart.o
    0x2000020a   0x00000200   Zero   RW          623    .bss                ff.o
    0x2000040a   0x00000002   PAD
    0x2000040c   0x00000060   Zero   RW         2385    .bss                c_w.l(libspace.o)
    0x2000046c   0x00000004   PAD
    0x20000470   0x00000200   Zero   RW         2129    HEAP                startup_stm32f10x_md.o
    0x20000670   0x00000400   Zero   RW         2128    STACK               startup_stm32f10x_md.o


==============================================================================

Image component sizes


      Code (inc. data)   RO Data    RW Data    ZI Data      Debug   Object Name

        96         14       1216          0          0       4815   ccsbcs.o
       276          6          0          0          0       6095   diskio.o
      5350         60        141          8        512      28569   ff.o
        16          6          0          2          0        598   lib_delay.o
       272        148          0          0          0     242207   main.o
      1060         46          0          8          0       9090   sdcard.o
       220         12          0          0          0       1209   spi.o
        64         26        236          0       1536        816   startup_stm32f10x_md.o
       258          6          0          0          0       3026   stm32f10x_gpio.o
       228         30          0         20          0       4790   stm32f10x_rcc.o
       102          0          0          0          0       4146   stm32f10x_spi.o
       288          6          0          0          0       5313   stm32f10x_usart.o
       260         26          0          0          0       1957   system_stm32f10x.o
      1258        150          4        396         86      33592   uart.o

    ----------------------------------------------------------------------
      9758        536       1629        436       2136     346223   Object Totals
         0          0         32          0          0          0   (incl. Generated)
        10          0          0          2          2          0   (incl. Padding)

    ----------------------------------------------------------------------

      Code (inc. data)   RO Data    RW Data    ZI Data      Debug   Library Member Name

        58          0          0          0          0          0   __dczerorl.o
         8          0          0          0          0         68   __main.o
       312          4         17          0          0         92   __printf_flags_wp.o
        14          0          0          0          0         68   __printf_wp.o
         0          0          0          0          0          0   __rtentry.o
        12          0          0          0          0          0   __rtentry2.o
         6          0          0          0          0          0   __rtentry4.o
        52          8          0          0          0          0   __scatter.o
        28          0          0          0          0          0   __scatter_zi.o
        48          6          0          0          0         96   _printf_char_common.o
         6          0          0          0          0          0   _printf_d.o
       120         16          0          0          0         92   _printf_dec.o
         6          0          0          0          0          0   _printf_f.o
      1050          0          0          0          0        216   _printf_fp_dec.o
       128         16          0          0          0         84   _printf_fp_infnan.o
        88          4         40          0          0         88   _printf_hex_int.o
       178          0          0          0          0         88   _printf_intcommon.o
        78          0          0          0          0        108   _printf_pad.o
         0          0          0          0          0          0   _printf_percent.o
         4          0          0          0          0          0   _printf_percent_end.o
         6          0          0          0          0          0   _printf_x.o
        10          0          0          0          0         68   _sputc.o
       220          4        148          0          0         96   bigflt0.o
      1910        128          0          0          0        672   btod.o
        18          0          0          0          0         80   exit.o
         6          0          0          0          0        152   heapauxi.o
         0          0          0          0          0          0   indicate_semi.o
        36         10          0          0          0         80   init_aeabi.o
        44         10         28          0          0         76   lc_numeric_c.o
         2          0          0          0          0          0   libinit.o
        22          0          0          0          0          0   libinit2.o
         2          0          0          0          0          0   libshutdown.o
         2          0          0          0          0          0   libshutdown2.o
         8          4          0          0         96         68   libspace.o
       138          0          0          0          0         80   lludiv10.o
        40          6          0          0          0         84   noretval__2sprintf.o
         8          4          0          0          0         68   rt_locale_intlibspace.o
       100          0          0          0          0         80   rt_memcpy_w.o
         2          0          0          0          0          0   rtexit.o
        10          0          0          0          0          0   rtexit2.o
       128          0          0          0          0         68   strcmpv7m.o
        62          0          0          0          0         76   strlen.o
        12          4          0          0          0         68   sys_exit.o
        74          0          0          0          0         80   sys_stackheap_outer.o
         2          0          0          0          0         68   use_no_semi.o
        98          4          0          0          0         92   d2f.o
       156          4          0          0          0         92   dnaninf.o
        12          0          0          0          0         68   dretinf.o
        86          4          0          0          0         84   f2d.o
       140          4          0          0          0         84   fnaninf.o
        10          0          0          0          0         68   fretinf.o
         4          0          0          0          0         68   printf1.o
         0          0          0          0          0          0   usenofp.o
        40          0          0          0          0         68   fpclassify.o

    ----------------------------------------------------------------------
      5618        240        235          0        100       3588   Library Totals
        14          0          2          0          4          0   (incl. Padding)

    ----------------------------------------------------------------------

      Code (inc. data)   RO Data    RW Data    ZI Data      Debug   Library Name

      5058        224        233          0         96       2964   c_w.l
       506         16          0          0          0        556   fz_ws.l
        40          0          0          0          0         68   m_ws.l

    ----------------------------------------------------------------------
      5618        240        235          0        100       3588   Library Totals

    ----------------------------------------------------------------------

==============================================================================


      Code (inc. data)   RO Data    RW Data    ZI Data      Debug   

     15376        776       1864        436       2236     343463   Grand Totals
     15376        776       1864         28       2236     343463   ELF Image Totals (compressed)
     15376        776       1864         28          0          0   ROM Totals

==============================================================================

    Total RO  Size (Code + RO Data)                17240 (  16.84kB)
    Total RW  Size (RW Data + ZI Data)              2672 (   2.61kB)
    Total ROM Size (Code + RO Data + RW Data)      17268 (  16.86kB)

==============================================================================

